 PhysX3CookingDEBUG_x64

 Timestamp is 5998640e (Sat Aug 19 17:15:10 2017)

 Preferred load address is 0000000180000000

 Start         Length     Name                   Class
 0001:00000000 00005c30H .text$di                CODE
 0001:00005c30 0006cd20H .text$mn                CODE
 0001:00072950 00001100H .text$mn$00             CODE
 0001:00073a50 0000115fH .text$x                 CODE
 0002:00000000 00000110H .CRT$XCA                DATA
 0002:00000110 00000320H .CRT$XCU                DATA
 0002:00000430 00000110H .CRT$XCZ                DATA
 0002:00000540 00000110H .CRT$XIA                DATA
 0002:00000650 00000110H .CRT$XIZ                DATA
 0002:00000760 00000110H .CRT$XPA                DATA
 0002:00000870 00000110H .CRT$XPZ                DATA
 0002:00000980 00000110H .CRT$XTA                DATA
 0002:00000a90 00000110H .CRT$XTZ                DATA
 0002:00000ba0 00005a40H .rdata                  DATA
 0002:000065e0 00000348H .rdata$r                DATA
 0002:00006928 000001b8H .rdata$zzzdbg           DATA
 0002:00006ae0 00000110H .rtc$IAA                DATA
 0002:00006bf0 00000250H .rtc$IMZ                DATA
 0002:00006e40 00000110H .rtc$IZZ                DATA
 0002:00006f50 00000110H .rtc$TAA                DATA
 0002:00007060 00000250H .rtc$TMZ                DATA
 0002:000072b0 00000110H .rtc$TZZ                DATA
 0002:000073c0 00002df0H .xdata                  DATA
 0002:0000a1b0 00000210H .xdata$x                DATA
 0002:0000a3c0 000001a0H .edata                  DATA
 0003:00000000 00000198H .data                   DATA
 0003:00000198 00000638H .data$r                 DATA
 0003:000007d0 00000d09H .bss                    DATA
 0004:00000000 00003cccH .pdata                  DATA
 0005:00000000 000003f0H .idata$5                DATA
 0005:000003f0 0000003cH .idata$2                DATA
 0005:0000042c 00000014H .idata$3                DATA
 0005:00000440 000003f0H .idata$4                DATA
 0005:00000830 0000073fH .idata$6                DATA
 0006:00000000 00000040H .didat$2                DATA
 0006:00000040 00000020H .didat$3                DATA
 0006:00000060 000002a0H .didat$4                DATA
 0006:00000300 000002a0H .didat$5                DATA
 0006:000005a0 00000c40H .didat$6                DATA
 0006:000011e0 000002dbH .didat$7                DATA
 0007:00000000 0000013fH .00cfg                  DATA
 0008:00000000 000001c0H .rsrc$01                DATA
 0008:000001c0 000006a9H .rsrc$02                DATA

  Address         Publics by Value              Rva+Base               Lib:Object

 0000:00000000       __guard_iat_table          0000000000000000     <absolute>
 0000:00000000       __guard_iat_count          0000000000000000     <absolute>
 0000:00000000       __guard_fids_count         0000000000000000     <absolute>
 0000:00000000       __enclave_config           0000000000000000     <absolute>
 0000:00000000       __hybrid_code_map_count    0000000000000000     <absolute>
 0000:00000000       __guard_longjmp_table      0000000000000000     <absolute>
 0000:00000000       ___safe_se_handler_count   0000000000000000     <absolute>
 0000:00000000       __hybrid_auxiliary_iat     0000000000000000     <absolute>
 0000:00000000       __guard_longjmp_count      0000000000000000     <absolute>
 0000:00000000       __dynamic_value_reloc_table 0000000000000000     <absolute>
 0000:00000000       __hybrid_code_map          0000000000000000     <absolute>
 0000:00000000       __guard_fids_table         0000000000000000     <absolute>
 0000:00000000       ___safe_se_handler_table   0000000000000000     <absolute>
 0000:00000100       __guard_flags              0000000000000100     <absolute>
 0000:00000000       __ImageBase                0000000180000000     <linker-defined>
 0001:00005c30       PxSetPhysXCookingDelayLoadHook 0000000180006c30 f   WindowsCookingDelayLoadHook.obj
 0001:00005c50       ?delayHook@@YAP6A_JXZIPEAUDelayLoadInfo@@@Z 0000000180006c50 f   WindowsCookingDelayLoadHook.obj
 0001:00005d00       ?foundationDliNotePreLoadLibrary@shdfnd@physx@@YAP6A_JXZPEBDPEBVPxFoundationDelayLoadHook@2@@Z 0000000180006d00 f i WindowsCookingDelayLoadHook.obj
 0001:00005e40       ?loadLibrary@Cm@physx@@YAPEAUHINSTANCE__@@PEBD@Z 0000000180006e40 f i WindowsCookingDelayLoadHook.obj
 0001:00005e60       ?physXCommonDliNotePreLoadLibrary@Cm@physx@@YAP6A_JXZPEBDPEBVPxDelayLoadHook@2@@Z 0000000180006e60 f i WindowsCookingDelayLoadHook.obj
 0001:000060d0       ?saveHeightField@physx@@YA_NAEBVHeightField@Gu@1@AEAVPxOutputStream@1@_N@Z 00000001800070d0 f   HeightFieldCooking.obj
 0001:00006590       ??APxVec3@physx@@QEBAAEBMI@Z 0000000180007590 f i HeightFieldCooking.obj
 0001:00006620       ??B?$PxFlags@W4Enum@PxHeightFieldFlag@physx@@G@physx@@QEBAGXZ 0000000180007620 f i HeightFieldCooking.obj
 0001:00006640       ?__empty_global_delete@@YAXPEAX@Z 0000000180007640 f i HeightFieldCooking.obj
 0001:00006650       ?__empty_global_delete@@YAXPEAX_K@Z 0000000180007650 f i HeightFieldCooking.obj
 0001:00006650       ?__global_array_delete@@YAXPEAX_K@Z 0000000180007650 f i HeightFieldCooking.obj
 0001:00006650       ?__global_delete@@YAXPEAX_K@Z 0000000180007650 f i HeightFieldCooking.obj
 0001:00006660       ?getData@HeightField@Gu@physx@@QEBAAEBUHeightFieldData@23@XZ 0000000180007660 f i HeightFieldCooking.obj
 0001:00006680       ?getMax@CenterExtents@Gu@physx@@QEBAMI@Z 0000000180007680 f i HeightFieldCooking.obj
 0001:000066e0       ?getMin@CenterExtents@Gu@physx@@QEBAMI@Z 00000001800076e0 f i HeightFieldCooking.obj
 0001:00006740       ?buildFromTriangles@RTreeCooker@physx@@SAXAEAURTree@Gu@2@PEBVPxVec3@2@IPEBGPEBIIAEAV?$Array@IVNamedAllocator@shdfnd@physx@@@shdfnd@2@PEAURemapCallback@12@MW4Enum@PxMeshCookingHint@2@@Z 0000000180007740 f   RTreeCooking.obj
 0001:000085a0       ??$PX_UNUSED@I@@YAXAEBI@Z  00000001800095a0 f i RTreeCooking.obj
 0001:000085b0       ??$PX_UNUSED@M@@YAXAEBM@Z  00000001800095b0 f i RTreeCooking.obj
 0001:000085c0       ??$PX_UNUSED@PEAURTreeNodeNQ@physx@@@@YAXAEBQEAURTreeNodeNQ@physx@@@Z 00000001800095c0 f i RTreeCooking.obj
 0001:000085d0       ??$PX_UNUSED@URTreeNodeNQ@physx@@@@YAXAEBURTreeNodeNQ@physx@@@Z 00000001800095d0 f i RTreeCooking.obj
 0001:000085e0       ??$PxMax@H@physx@@YAHHH@Z  00000001800095e0 f i RTreeCooking.obj
 0001:00008620       ??$PxMax@I@physx@@YAIII@Z  0000000180009620 f i RTreeCooking.obj
 0001:00008660       ??$PxMax@M@physx@@YAMMM@Z  0000000180009660 f i RTreeCooking.obj
 0001:00008690       ??$PxMin@I@physx@@YAIII@Z  0000000180009690 f i RTreeCooking.obj
 0001:000086d0       ??$PxMin@M@physx@@YAMMM@Z  00000001800096d0 f i RTreeCooking.obj
 0001:00008700       ??$median3@I$$CBU?$Less@I@shdfnd@physx@@@internal@shdfnd@physx@@YAXPEAIHHAEBU?$Less@I@12@@Z 0000000180009700 f i RTreeCooking.obj
 0001:000088c0       ??$median3@I$$CBUSortBoundsPredicate@physx@@@internal@shdfnd@physx@@YAXPEAIHHAEBUSortBoundsPredicate@2@@Z 00000001800098c0 f i RTreeCooking.obj
 0001:00008a80       ??$partition@I$$CBU?$Less@I@shdfnd@physx@@@internal@shdfnd@physx@@YAHPEAIHHAEBU?$Less@I@12@@Z 0000000180009a80 f i RTreeCooking.obj
 0001:00008cf0       ??$partition@I$$CBUSortBoundsPredicate@physx@@@internal@shdfnd@physx@@YAHPEAIHHAEBUSortBoundsPredicate@2@@Z 0000000180009cf0 f i RTreeCooking.obj
 0001:00008f60       ??$partition@UBoundsLTE@physx@@@quickSelect@physx@@YAIPEIAIIIIAEBUBoundsLTE@1@@Z 0000000180009f60 f i RTreeCooking.obj
 0001:00009380       ??$quickSelectFirstK@UBoundsLTE@physx@@@quickSelect@physx@@YAXPEIAIIIIAEBUBoundsLTE@1@@Z 000000018000a380 f i RTreeCooking.obj
 0001:00009530       ??$smallSort@I$$CBU?$Less@I@shdfnd@physx@@@internal@shdfnd@physx@@YAXPEAIHHAEBU?$Less@I@12@@Z 000000018000a530 f i RTreeCooking.obj
 0001:00009640       ??$smallSort@I$$CBUSortBoundsPredicate@physx@@@internal@shdfnd@physx@@YAXPEAIHHAEBUSortBoundsPredicate@2@@Z 000000018000a640 f i RTreeCooking.obj
 0001:00009750       ??$sort@I@shdfnd@physx@@YAXPEAII@Z 000000018000a750 f i RTreeCooking.obj
 0001:000097b0       ??$sort@IU?$Less@I@shdfnd@physx@@VNamedAllocator@23@@shdfnd@physx@@YAXPEAIIAEBU?$Less@I@01@AEBVNamedAllocator@01@I@Z 000000018000a7b0 f i RTreeCooking.obj
 0001:00009b60       ??$sort@IUSortBoundsPredicate@physx@@@shdfnd@physx@@YAXPEAIIAEBUSortBoundsPredicate@1@@Z 000000018000ab60 f i RTreeCooking.obj
 0001:00009bc0       ??$sort@IUSortBoundsPredicate@physx@@VNamedAllocator@shdfnd@2@@shdfnd@physx@@YAXPEAIIAEBUSortBoundsPredicate@1@AEBVNamedAllocator@01@I@Z 000000018000abc0 f i RTreeCooking.obj
 0001:00009f70       ??$swap@I@shdfnd@physx@@YAXAEAI0@Z 000000018000af70 f i RTreeCooking.obj
 0001:00009fc0       ??0?$AlignedAllocator@$0IA@VNonTrackingAllocator@shdfnd@physx@@@shdfnd@physx@@QEAA@AEBVNonTrackingAllocator@12@@Z 000000018000afc0 f i RTreeCooking.obj
 0001:00009fe0       ??0?$Array@IVNamedAllocator@shdfnd@physx@@@shdfnd@physx@@QEAA@IAEBIAEBVNamedAllocator@12@@Z 000000018000afe0 f i RTreeCooking.obj
 0001:0000a070       ??0?$Array@UInterval@physx@@V?$InlineAllocator@$0CA@VNamedAllocator@shdfnd@physx@@@shdfnd@2@@shdfnd@physx@@QEAA@AEBV?$InlineAllocator@$0CA@VNamedAllocator@shdfnd@physx@@@12@@Z 000000018000b070 f i RTreeCooking.obj
 0001:0000a0d0       ??0?$Array@UPxBounds3V@physx@@VNamedAllocator@shdfnd@2@@shdfnd@physx@@QEAA@AEBVNamedAllocator@12@@Z 000000018000b0d0 f i RTreeCooking.obj
 0001:0000a130       ??0?$Array@URTreeNodeNQ@physx@@VNamedAllocator@shdfnd@2@@shdfnd@physx@@QEAA@AEBVNamedAllocator@12@@Z 000000018000b130 f i RTreeCooking.obj
 0001:0000a190       ??0?$Array@URTreeNodeQ@Gu@physx@@VNamedAllocator@shdfnd@3@@shdfnd@physx@@QEAA@AEBVNamedAllocator@12@@Z 000000018000b190 f i RTreeCooking.obj
 0001:0000a1f0       ??0?$Array@VPxVec3@physx@@VNamedAllocator@shdfnd@2@@shdfnd@physx@@QEAA@AEBVNamedAllocator@12@@Z 000000018000b1f0 f i RTreeCooking.obj
 0001:0000a250       ??0?$InlineAllocator@$0CA@VNamedAllocator@shdfnd@physx@@@shdfnd@physx@@QEAA@AEBV012@@Z 000000018000b250 f i RTreeCooking.obj
 0001:0000a290       ??0?$InlineAllocator@$0CA@VNamedAllocator@shdfnd@physx@@@shdfnd@physx@@QEAA@AEBVNamedAllocator@12@@Z 000000018000b290 f i RTreeCooking.obj
 0001:0000a2d0       ??0?$InlineArray@UInterval@physx@@$03VNamedAllocator@shdfnd@2@@shdfnd@physx@@QEAA@AEBVNamedAllocator@12@@Z 000000018000b2d0 f i RTreeCooking.obj
 0001:0000a350       ??0?$ScopedPointer@HVTempAllocator@shdfnd@physx@@@shdfnd@physx@@QEAA@XZ 000000018000b350 f i RTreeCooking.obj
 0001:0000a380       ??0?$Stack@VNamedAllocator@shdfnd@physx@@@internal@shdfnd@physx@@QEAA@PEAHIAEBVNamedAllocator@23@@Z 000000018000b380 f i RTreeCooking.obj
 0001:0000a400       ??0BoundsLTE@physx@@QEAA@IPEBVPxVec3@1@@Z 000000018000b400 f i RTreeCooking.obj
 0001:0000a440       ??0Interval@physx@@QEAA@II@Z 000000018000b440 f i RTreeCooking.obj
 0001:0000a480       ??0NonTrackingAllocator@shdfnd@physx@@QEAA@PEBD@Z 000000018000b480 f i RTreeCooking.obj
 0001:0000a4a0       ??0PxBounds3@physx@@QEAA@AEBV01@@Z 000000018000b4a0 f i RTreeCooking.obj
 0001:0000a500       ??0PxBounds3@physx@@QEAA@AEBVPxVec3@1@0@Z 000000018000b500 f i RTreeCooking.obj
 0001:0000a560       ??0PxBounds3V@physx@@QEAA@AEAT__m128@@0@Z 000000018000b560 f i RTreeCooking.obj
 0001:0000a5b0       ??0PxBounds3V@physx@@QEAA@UU@01@@Z 000000018000b5b0 f i RTreeCooking.obj
 0001:0000a5d0       ??0PxVec3@physx@@QEAA@AEBV01@@Z 000000018000b5d0 f i RTreeCooking.obj
 0001:0000a630       ??0PxVec3@physx@@QEAA@M@Z  000000018000b630 f i RTreeCooking.obj
 0001:0000a680       ??0PxVec3@physx@@QEAA@MMM@Z 000000018000b680 f i RTreeCooking.obj
 0001:0000a6e0       ??0PxVec3@physx@@QEAA@XZ   000000018000b6e0 f i RTreeCooking.obj
 0001:0000a6f0       ??0PxVec4@physx@@QEAA@AEBVPxVec3@1@M@Z 000000018000b6f0 f i RTreeCooking.obj
 0001:0000a770       ??0PxVec4@physx@@QEAA@M@Z  000000018000b770 f i RTreeCooking.obj
 0001:0000a7e0       ??0PxVec4@physx@@QEAA@MMMM@Z 000000018000b7e0 f i RTreeCooking.obj
 0001:0000a860       ??0RTreeNodeNQ@physx@@QEAA@AEBU01@@Z 000000018000b860 f i RTreeCooking.obj
 0001:0000a8c0       ??0RTreeNodeNQ@physx@@QEAA@XZ 000000018000b8c0 f i RTreeCooking.obj
 0001:0000a910       ??0SortBoundsPredicate@physx@@QEAA@IPEBUPxBounds3V@1@@Z 000000018000b910 f i RTreeCooking.obj
 0001:0000a950       ??0SubSortQuick@physx@@QEAA@PEAIPEBUPxBounds3V@1@IM@Z 000000018000b950 f i RTreeCooking.obj
 0001:0000ab20       ??0SubSortSAH@physx@@QEAA@PEAIPEBUPxBounds3V@1@IPEBI22222M@Z 000000018000bb20 f i RTreeCooking.obj
 0001:0000ad90       ??0TempAllocator@shdfnd@physx@@QEAA@PEBD@Z 000000018000bd90 f i RTreeCooking.obj
 0001:0000adb0       ??1?$Array@IVNamedAllocator@shdfnd@physx@@@shdfnd@physx@@QEAA@XZ 000000018000bdb0 f i RTreeCooking.obj
 0001:0000ae40       ??1?$Array@UInterval@physx@@V?$InlineAllocator@$0CA@VNamedAllocator@shdfnd@physx@@@shdfnd@2@@shdfnd@physx@@QEAA@XZ 000000018000be40 f i RTreeCooking.obj
 0001:0000aed0       ??1?$Array@UPxBounds3V@physx@@VNamedAllocator@shdfnd@2@@shdfnd@physx@@QEAA@XZ 000000018000bed0 f i RTreeCooking.obj
 0001:0000af60       ??1?$Array@URTreeNodeNQ@physx@@VNamedAllocator@shdfnd@2@@shdfnd@physx@@QEAA@XZ 000000018000bf60 f i RTreeCooking.obj
 0001:0000aff0       ??1?$Array@URTreeNodeQ@Gu@physx@@VNamedAllocator@shdfnd@3@@shdfnd@physx@@QEAA@XZ 000000018000bff0 f i RTreeCooking.obj
 0001:0000b080       ??1?$Array@VPxVec3@physx@@VNamedAllocator@shdfnd@2@@shdfnd@physx@@QEAA@XZ 000000018000c080 f i RTreeCooking.obj
 0001:0000b110       ??1?$InlineAllocator@$0CA@VNamedAllocator@shdfnd@physx@@@shdfnd@physx@@QEAA@XZ 000000018000c110 f i RTreeCooking.obj
 0001:0000b130       ??1?$InlineArray@UInterval@physx@@$03VNamedAllocator@shdfnd@2@@shdfnd@physx@@QEAA@XZ 000000018000c130 f i RTreeCooking.obj
 0001:0000b150       ??1?$ScopedPointer@HVTempAllocator@shdfnd@physx@@@shdfnd@physx@@QEAA@XZ 000000018000c150 f i RTreeCooking.obj
 0001:0000b190       ??1?$Stack@VNamedAllocator@shdfnd@physx@@@internal@shdfnd@physx@@QEAA@XZ 000000018000c190 f i RTreeCooking.obj
 0001:0000b1e0       ??1SubSortQuick@physx@@QEAA@XZ 000000018000c1e0 f i RTreeCooking.obj
 0001:0000b210       ??1SubSortSAH@physx@@QEAA@XZ 000000018000c210 f i RTreeCooking.obj
 0001:0000b2e0       ??2@YAPEAX_KPEAX@Z         000000018000c2e0 f i RTreeCooking.obj
 0001:0000b300       ??4PxVec3@physx@@QEAAAEAV01@AEBV01@@Z 000000018000c300 f i RTreeCooking.obj
 0001:0000b360       ??4PxVec4@physx@@QEAAAEAV01@AEBV01@@Z 000000018000c360 f i RTreeCooking.obj
 0001:0000b3e0       ??A?$Array@IVNamedAllocator@shdfnd@physx@@@shdfnd@physx@@QEAAAEAII@Z 000000018000c3e0 f i RTreeCooking.obj
 0001:0000b480       ??A?$Array@UInterval@physx@@V?$InlineAllocator@$0CA@VNamedAllocator@shdfnd@physx@@@shdfnd@2@@shdfnd@physx@@QEAAAEAUInterval@2@I@Z 000000018000c480 f i RTreeCooking.obj
 0001:0000b520       ??A?$Array@URTreeNodeNQ@physx@@VNamedAllocator@shdfnd@2@@shdfnd@physx@@QEAAAEAURTreeNodeNQ@2@I@Z 000000018000c520 f i RTreeCooking.obj
 0001:0000b5c0       ??A?$Array@URTreeNodeQ@Gu@physx@@VNamedAllocator@shdfnd@3@@shdfnd@physx@@QEAAAEAURTreeNodeQ@Gu@2@I@Z 000000018000c5c0 f i RTreeCooking.obj
 0001:0000b660       ??B?$ScopedPointer@HVTempAllocator@shdfnd@physx@@@shdfnd@physx@@QEBAPEAHXZ 000000018000c660 f i RTreeCooking.obj
 0001:0000b680       ??GPxVec4@physx@@QEBA?AV01@AEBV01@@Z 000000018000c680 f i RTreeCooking.obj
 0001:0000b730       ??HPxVec3@physx@@QEBA?AV01@AEBV01@@Z 000000018000c730 f i RTreeCooking.obj
 0001:0000b7d0       ??KPxVec4@physx@@QEBA?AV01@M@Z 000000018000c7d0 f i RTreeCooking.obj
 0001:0000b890       ??R?$Less@I@shdfnd@physx@@QEBA_NAEBI0@Z 000000018000c890 f i RTreeCooking.obj
 0001:0000b8e0       ??RBoundsLTE@physx@@QEBA_NAEBI0@Z 000000018000c8e0 f i RTreeCooking.obj
 0001:0000b9a0       ??RSortBoundsPredicate@physx@@QEBA_NAEBI0@Z 000000018000c9a0 f i RTreeCooking.obj
 0001:0000bb20       ??_H@YAXPEAX_K1P6APEAX0@Z@Z 000000018000cb20 f i RTreeCooking.obj
 0001:0000bbc0       ?FLoad@aos@shdfnd@physx@@YA?AT__m128@@M@Z 000000018000cbc0 f i RTreeCooking.obj
 0001:0000bbf0       ?FMax@aos@shdfnd@physx@@YA?AT__m128@@XZ 000000018000cbf0 f i RTreeCooking.obj
 0001:0000bc20       ?FNegMax@aos@shdfnd@physx@@YA?AT__m128@@XZ 000000018000cc20 f i RTreeCooking.obj
 0001:0000bc50       ?FStore@aos@shdfnd@physx@@YAXT__m128@@PEIAM@Z 000000018000cc50 f i RTreeCooking.obj
 0001:0000bd00       ?PxAbs@physx@@YAHH@Z       000000018000cd00 f i RTreeCooking.obj
 0001:0000bd20       ?PxAbs@physx@@YAMM@Z       000000018000cd20 f i RTreeCooking.obj
 0001:0000bd40       ?PxIsFinite@physx@@YA_NM@Z 000000018000cd40 f i RTreeCooking.obj
 0001:0000bd60       ?PxMemCopy@physx@@YAPEAXPEIAXPEIBXI@Z 000000018000cd60 f i RTreeCooking.obj
 0001:0000bda0       ?V3Add@aos@shdfnd@physx@@YA?AT__m128@@T4@0@Z 000000018000cda0 f i RTreeCooking.obj
 0001:0000bef0       ?V3Dot@aos@shdfnd@physx@@YA?AT__m128@@T4@0@Z 000000018000cef0 f i RTreeCooking.obj
 0001:0000c100       ?V3Load@aos@shdfnd@physx@@YA?AT__m128@@M@Z 000000018000d100 f i RTreeCooking.obj
 0001:0000c150       ?V3LoadU@aos@shdfnd@physx@@YA?AT__m128@@AEBVPxVec3@3@@Z 000000018000d150 f i RTreeCooking.obj
 0001:0000c1b0       ?V3Max@aos@shdfnd@physx@@YA?AT__m128@@T4@0@Z 000000018000d1b0 f i RTreeCooking.obj
 0001:0000c300       ?V3Min@aos@shdfnd@physx@@YA?AT__m128@@T4@0@Z 000000018000d300 f i RTreeCooking.obj
 0001:0000c450       ?V3PermZXY@aos@shdfnd@physx@@YA?AT__m128@@T4@@Z 000000018000d450 f i RTreeCooking.obj
 0001:0000c510       ?V3ReadXYZ@aos@shdfnd@physx@@YAAEBVPxVec3@3@AEBT__m128@@@Z 000000018000d510 f i RTreeCooking.obj
 0001:0000c520       ?V3Splat@aos@shdfnd@physx@@YA?AT__m128@@T4@@Z 000000018000d520 f i RTreeCooking.obj
 0001:0000c630       ?V3StoreA@aos@shdfnd@physx@@YAXT__m128@@AEAVPxVec3@3@@Z 000000018000d630 f i RTreeCooking.obj
 0001:0000c720       ?V3StoreU@aos@shdfnd@physx@@YAXT__m128@@AEAVPxVec3@3@@Z 000000018000d720 f i RTreeCooking.obj
 0001:0000c7a0       ?V3Sub@aos@shdfnd@physx@@YA?AT__m128@@T4@0@Z 000000018000d7a0 f i RTreeCooking.obj
 0001:0000c8f0       ?V3Zero@aos@shdfnd@physx@@YA?AT__m128@@XZ 000000018000d8f0 f i RTreeCooking.obj
 0001:0000c910       ?V4ClearW@aos@shdfnd@physx@@YA?AT__m128@@T4@@Z 000000018000d910 f i RTreeCooking.obj
 0001:0000c940       ?V4Load@aos@shdfnd@physx@@YA?AT__m128@@M@Z 000000018000d940 f i RTreeCooking.obj
 0001:0000c970       ?V4ReadW@aos@shdfnd@physx@@YAMAEBT__m128@@@Z 000000018000d970 f i RTreeCooking.obj
 0001:0000c990       ?V4ReadX@aos@shdfnd@physx@@YAMAEBT__m128@@@Z 000000018000d990 f i RTreeCooking.obj
 0001:0000c9b0       ?V4ReadY@aos@shdfnd@physx@@YAMAEBT__m128@@@Z 000000018000d9b0 f i RTreeCooking.obj
 0001:0000c9d0       ?V4ReadZ@aos@shdfnd@physx@@YAMAEBT__m128@@@Z 000000018000d9d0 f i RTreeCooking.obj
 0001:0000c9f0       ?V4StoreA@aos@shdfnd@physx@@YAXT__m128@@PEAM@Z 000000018000d9f0 f i RTreeCooking.obj
 0001:0000ca90       ?Vec3V_From_FloatV@aos@shdfnd@physx@@YA?AT__m128@@T4@@Z 000000018000da90 f i RTreeCooking.obj
 0001:0000caf0       ?Vec3V_From_Vec4V@aos@shdfnd@physx@@YA?AT__m128@@T4@@Z 000000018000daf0 f i RTreeCooking.obj
 0001:0000cb30       ?Vec4V_From_FloatV@aos@shdfnd@physx@@YA?AT__m128@@T4@@Z 000000018000db30 f i RTreeCooking.obj
 0001:0000cb50       ?abs@intrinsics@physx@@YAMM@Z 000000018000db50 f i RTreeCooking.obj
 0001:0000cb70       ?allocate@?$AlignedAllocator@$0IA@VNonTrackingAllocator@shdfnd@physx@@@shdfnd@physx@@QEAAPEAX_KPEBDH@Z 000000018000db70 f i RTreeCooking.obj
 0001:0000cc40       ?allocate@?$Array@IVNamedAllocator@shdfnd@physx@@@shdfnd@physx@@IEAAPEAII@Z 000000018000dc40 f i RTreeCooking.obj
 0001:0000ccf0       ?allocate@?$Array@UInterval@physx@@V?$InlineAllocator@$0CA@VNamedAllocator@shdfnd@physx@@@shdfnd@2@@shdfnd@physx@@IEAAPEAUInterval@3@I@Z 000000018000dcf0 f i RTreeCooking.obj
 0001:0000cda0       ?allocate@?$Array@UPxBounds3V@physx@@VNamedAllocator@shdfnd@2@@shdfnd@physx@@IEAAPEAUPxBounds3V@3@I@Z 000000018000dda0 f i RTreeCooking.obj
 0001:0000ce50       ?allocate@?$Array@URTreeNodeNQ@physx@@VNamedAllocator@shdfnd@2@@shdfnd@physx@@IEAAPEAURTreeNodeNQ@3@I@Z 000000018000de50 f i RTreeCooking.obj
 0001:0000cf00       ?allocate@?$Array@URTreeNodeQ@Gu@physx@@VNamedAllocator@shdfnd@3@@shdfnd@physx@@IEAAPEAURTreeNodeQ@Gu@3@I@Z 000000018000df00 f i RTreeCooking.obj
 0001:0000cfb0       ?allocate@?$Array@VPxVec3@physx@@VNamedAllocator@shdfnd@2@@shdfnd@physx@@IEAAPEAVPxVec3@3@I@Z 000000018000dfb0 f i RTreeCooking.obj
 0001:0000d060       ?allocate@?$InlineAllocator@$0CA@VNamedAllocator@shdfnd@physx@@@shdfnd@physx@@QEAAPEAXIPEBDH@Z 000000018000e060 f i RTreeCooking.obj
 0001:0000d0e0       ?allocate@NonTrackingAllocator@shdfnd@physx@@QEAAPEAX_KPEBDH@Z 000000018000e0e0 f i RTreeCooking.obj
 0001:0000d170       ?begin@?$Array@IVNamedAllocator@shdfnd@physx@@@shdfnd@physx@@QEAAPEAIXZ 000000018000e170 f i RTreeCooking.obj
 0001:0000d190       ?begin@?$Array@UPxBounds3V@physx@@VNamedAllocator@shdfnd@2@@shdfnd@physx@@QEAAPEAUPxBounds3V@3@XZ 000000018000e190 f i RTreeCooking.obj
 0001:0000d1b0       ?begin@?$Array@VPxVec3@physx@@VNamedAllocator@shdfnd@2@@shdfnd@physx@@QEAAPEAVPxVec3@3@XZ 000000018000e1b0 f i RTreeCooking.obj
 0001:0000d1d0       ?capacity@?$Array@IVNamedAllocator@shdfnd@physx@@@shdfnd@physx@@QEBAIXZ 000000018000e1d0 f i RTreeCooking.obj
 0001:0000d1f0       ?capacity@?$Array@UInterval@physx@@V?$InlineAllocator@$0CA@VNamedAllocator@shdfnd@physx@@@shdfnd@2@@shdfnd@physx@@QEBAIXZ 000000018000e1f0 f i RTreeCooking.obj
 0001:0000d210       ?capacity@?$Array@UPxBounds3V@physx@@VNamedAllocator@shdfnd@2@@shdfnd@physx@@QEBAIXZ 000000018000e210 f i RTreeCooking.obj
 0001:0000d230       ?capacity@?$Array@URTreeNodeNQ@physx@@VNamedAllocator@shdfnd@2@@shdfnd@physx@@QEBAIXZ 000000018000e230 f i RTreeCooking.obj
 0001:0000d250       ?capacity@?$Array@URTreeNodeQ@Gu@physx@@VNamedAllocator@shdfnd@3@@shdfnd@physx@@QEBAIXZ 000000018000e250 f i RTreeCooking.obj
 0001:0000d270       ?capacity@?$Array@VPxVec3@physx@@VNamedAllocator@shdfnd@2@@shdfnd@physx@@QEBAIXZ 000000018000e270 f i RTreeCooking.obj
 0001:0000d290       ?capacityIncrement@?$Array@IVNamedAllocator@shdfnd@physx@@@shdfnd@physx@@IEBAIXZ 000000018000e290 f i RTreeCooking.obj
 0001:0000d2e0       ?capacityIncrement@?$Array@UInterval@physx@@V?$InlineAllocator@$0CA@VNamedAllocator@shdfnd@physx@@@shdfnd@2@@shdfnd@physx@@IEBAIXZ 000000018000e2e0 f i RTreeCooking.obj
 0001:0000d330       ?capacityIncrement@?$Array@UPxBounds3V@physx@@VNamedAllocator@shdfnd@2@@shdfnd@physx@@IEBAIXZ 000000018000e330 f i RTreeCooking.obj
 0001:0000d380       ?capacityIncrement@?$Array@URTreeNodeNQ@physx@@VNamedAllocator@shdfnd@2@@shdfnd@physx@@IEBAIXZ 000000018000e380 f i RTreeCooking.obj
 0001:0000d3d0       ?capacityIncrement@?$Array@URTreeNodeQ@Gu@physx@@VNamedAllocator@shdfnd@3@@shdfnd@physx@@IEBAIXZ 000000018000e3d0 f i RTreeCooking.obj
 0001:0000d420       ?capacityIncrement@?$Array@VPxVec3@physx@@VNamedAllocator@shdfnd@2@@shdfnd@physx@@IEBAIXZ 000000018000e420 f i RTreeCooking.obj
 0001:0000d470       ?computeSA@SubSortSAH@physx@@QEAAMPEBIAEBUInterval@2@@Z 000000018000e470 f i RTreeCooking.obj
 0001:0000d700       ?copy@?$Array@IVNamedAllocator@shdfnd@physx@@@shdfnd@physx@@KAXPEAI0PEBI@Z 000000018000e700 f i RTreeCooking.obj
 0001:0000d7e0       ?copy@?$Array@UInterval@physx@@V?$InlineAllocator@$0CA@VNamedAllocator@shdfnd@physx@@@shdfnd@2@@shdfnd@physx@@KAXPEAUInterval@3@0PEBU43@@Z 000000018000e7e0 f i RTreeCooking.obj
 0001:0000d8c0       ?copy@?$Array@UPxBounds3V@physx@@VNamedAllocator@shdfnd@2@@shdfnd@physx@@KAXPEAUPxBounds3V@3@0PEBU43@@Z 000000018000e8c0 f i RTreeCooking.obj
 0001:0000d9b0       ?copy@?$Array@URTreeNodeNQ@physx@@VNamedAllocator@shdfnd@2@@shdfnd@physx@@KAXPEAURTreeNodeNQ@3@0PEBU43@@Z 000000018000e9b0 f i RTreeCooking.obj
 0001:0000da90       ?copy@?$Array@URTreeNodeQ@Gu@physx@@VNamedAllocator@shdfnd@3@@shdfnd@physx@@KAXPEAURTreeNodeQ@Gu@3@0PEBU453@@Z 000000018000ea90 f i RTreeCooking.obj
 0001:0000db80       ?copy@?$Array@VPxVec3@physx@@VNamedAllocator@shdfnd@2@@shdfnd@physx@@KAXPEAVPxVec3@3@0PEBV43@@Z 000000018000eb80 f i RTreeCooking.obj
 0001:0000dc70       ?create@?$Array@IVNamedAllocator@shdfnd@physx@@@shdfnd@physx@@KAXPEAI0AEBI@Z 000000018000ec70 f i RTreeCooking.obj
 0001:0000dd40       ?deallocate@?$Array@IVNamedAllocator@shdfnd@physx@@@shdfnd@physx@@IEAAXPEAX@Z 000000018000ed40 f i RTreeCooking.obj
 0001:0000dd70       ?deallocate@?$Array@UInterval@physx@@V?$InlineAllocator@$0CA@VNamedAllocator@shdfnd@physx@@@shdfnd@2@@shdfnd@physx@@IEAAXPEAX@Z 000000018000ed70 f i RTreeCooking.obj
 0001:0000dda0       ?deallocate@?$Array@UPxBounds3V@physx@@VNamedAllocator@shdfnd@2@@shdfnd@physx@@IEAAXPEAX@Z 000000018000eda0 f i RTreeCooking.obj
 0001:0000ddd0       ?deallocate@?$Array@URTreeNodeNQ@physx@@VNamedAllocator@shdfnd@2@@shdfnd@physx@@IEAAXPEAX@Z 000000018000edd0 f i RTreeCooking.obj
 0001:0000de00       ?deallocate@?$Array@URTreeNodeQ@Gu@physx@@VNamedAllocator@shdfnd@3@@shdfnd@physx@@IEAAXPEAX@Z 000000018000ee00 f i RTreeCooking.obj
 0001:0000de30       ?deallocate@?$Array@VPxVec3@physx@@VNamedAllocator@shdfnd@2@@shdfnd@physx@@IEAAXPEAX@Z 000000018000ee30 f i RTreeCooking.obj
 0001:0000de60       ?deallocate@?$InlineAllocator@$0CA@VNamedAllocator@shdfnd@physx@@@shdfnd@physx@@QEAAXPEAX@Z 000000018000ee60 f i RTreeCooking.obj
 0001:0000deb0       ?destroy@?$Array@IVNamedAllocator@shdfnd@physx@@@shdfnd@physx@@KAXPEAI0@Z 000000018000eeb0 f i RTreeCooking.obj
 0001:0000df00       ?destroy@?$Array@UInterval@physx@@V?$InlineAllocator@$0CA@VNamedAllocator@shdfnd@physx@@@shdfnd@2@@shdfnd@physx@@KAXPEAUInterval@3@0@Z 000000018000ef00 f i RTreeCooking.obj
 0001:0000df50       ?destroy@?$Array@UPxBounds3V@physx@@VNamedAllocator@shdfnd@2@@shdfnd@physx@@KAXPEAUPxBounds3V@3@0@Z 000000018000ef50 f i RTreeCooking.obj
 0001:0000dfa0       ?destroy@?$Array@URTreeNodeNQ@physx@@VNamedAllocator@shdfnd@2@@shdfnd@physx@@KAXPEAURTreeNodeNQ@3@0@Z 000000018000efa0 f i RTreeCooking.obj
 0001:0000dff0       ?destroy@?$Array@URTreeNodeQ@Gu@physx@@VNamedAllocator@shdfnd@3@@shdfnd@physx@@KAXPEAURTreeNodeQ@Gu@3@0@Z 000000018000eff0 f i RTreeCooking.obj
 0001:0000e040       ?destroy@?$Array@VPxVec3@physx@@VNamedAllocator@shdfnd@2@@shdfnd@physx@@KAXPEAVPxVec3@3@0@Z 000000018000f040 f i RTreeCooking.obj
 0001:0000e090       ?empty@?$Stack@VNamedAllocator@shdfnd@physx@@@internal@shdfnd@physx@@QEAA_NXZ 000000018000f090 f i RTreeCooking.obj
 0001:0000e0d0       ?empty@PxBounds3@physx@@SA?AV12@XZ 000000018000f0d0 f i RTreeCooking.obj
 0001:0000e140       ?getExtents@PxBounds3V@physx@@QEBA?AT__m128@@XZ 000000018000f140 f i RTreeCooking.obj
 0001:0000e1b0       ?getMaxVec3@PxBounds3V@physx@@QEBA?BVPxVec3@2@XZ 000000018000f1b0 f i RTreeCooking.obj
 0001:0000e220       ?getMinVec3@PxBounds3V@physx@@QEBA?BVPxVec3@2@XZ 000000018000f220 f i RTreeCooking.obj
 0001:0000e280       ?grow@?$Array@IVNamedAllocator@shdfnd@physx@@@shdfnd@physx@@IEAAXI@Z 000000018000f280 f i RTreeCooking.obj
 0001:0000e320       ?grow@?$Array@UPxBounds3V@physx@@VNamedAllocator@shdfnd@2@@shdfnd@physx@@IEAAXI@Z 000000018000f320 f i RTreeCooking.obj
 0001:0000e3c0       ?grow@?$Array@URTreeNodeNQ@physx@@VNamedAllocator@shdfnd@2@@shdfnd@physx@@IEAAXI@Z 000000018000f3c0 f i RTreeCooking.obj
 0001:0000e460       ?grow@?$Array@URTreeNodeQ@Gu@physx@@VNamedAllocator@shdfnd@3@@shdfnd@physx@@IEAAXI@Z 000000018000f460 f i RTreeCooking.obj
 0001:0000e500       ?grow@?$Array@VPxVec3@physx@@VNamedAllocator@shdfnd@2@@shdfnd@physx@@IEAAXI@Z 000000018000f500 f i RTreeCooking.obj
 0001:0000e5a0       ?grow@?$Stack@VNamedAllocator@shdfnd@physx@@@internal@shdfnd@physx@@QEAAXXZ 000000018000f5a0 f i RTreeCooking.obj
 0001:0000e680       ?growAndPushBack@?$Array@IVNamedAllocator@shdfnd@physx@@@shdfnd@physx@@IEAAAEAIAEBI@Z 000000018000f680 f i RTreeCooking.obj
 0001:0000e860       ?growAndPushBack@?$Array@UInterval@physx@@V?$InlineAllocator@$0CA@VNamedAllocator@shdfnd@physx@@@shdfnd@2@@shdfnd@physx@@IEAAAEAUInterval@3@AEBU43@@Z 000000018000f860 f i RTreeCooking.obj
 0001:0000ea50       ?growAndPushBack@?$Array@UPxBounds3V@physx@@VNamedAllocator@shdfnd@2@@shdfnd@physx@@IEAAAEAUPxBounds3V@3@AEBU43@@Z 000000018000fa50 f i RTreeCooking.obj
 0001:0000ec90       ?growAndPushBack@?$Array@URTreeNodeNQ@physx@@VNamedAllocator@shdfnd@2@@shdfnd@physx@@IEAAAEAURTreeNodeNQ@3@AEBU43@@Z 000000018000fc90 f i RTreeCooking.obj
 0001:0000ee80       ?growAndPushBack@?$Array@URTreeNodeQ@Gu@physx@@VNamedAllocator@shdfnd@3@@shdfnd@physx@@IEAAAEAURTreeNodeQ@Gu@3@AEBU453@@Z 000000018000fe80 f i RTreeCooking.obj
 0001:0000f0c0       ?growAndPushBack@?$Array@VPxVec3@physx@@VNamedAllocator@shdfnd@2@@shdfnd@physx@@IEAAAEAVPxVec3@3@AEBV43@@Z 00000001800100c0 f i RTreeCooking.obj
 0001:0000f2b0       ?include@PxBounds3V@physx@@QEAAXAEBU12@@Z 00000001800102b0 f i RTreeCooking.obj
 0001:0000f380       ?isAligned16@aos@shdfnd@physx@@YA_NPEAX@Z 0000000180010380 f i RTreeCooking.obj
 0001:0000f3c0       ?isArrayOfPOD@?$Array@IVNamedAllocator@shdfnd@physx@@@shdfnd@physx@@SA_NXZ 00000001800103c0 f i RTreeCooking.obj
 0001:0000f3d0       ?isArrayOfPOD@?$Array@UInterval@physx@@V?$InlineAllocator@$0CA@VNamedAllocator@shdfnd@physx@@@shdfnd@2@@shdfnd@physx@@SA_NXZ 00000001800103d0 f i RTreeCooking.obj
 0001:0000f3e0       ?isArrayOfPOD@?$Array@UPxBounds3V@physx@@VNamedAllocator@shdfnd@2@@shdfnd@physx@@SA_NXZ 00000001800103e0 f i RTreeCooking.obj
 0001:0000f3f0       ?isArrayOfPOD@?$Array@URTreeNodeNQ@physx@@VNamedAllocator@shdfnd@2@@shdfnd@physx@@SA_NXZ 00000001800103f0 f i RTreeCooking.obj
 0001:0000f400       ?isArrayOfPOD@?$Array@URTreeNodeQ@Gu@physx@@VNamedAllocator@shdfnd@3@@shdfnd@physx@@SA_NXZ 0000000180010400 f i RTreeCooking.obj
 0001:0000f410       ?isArrayOfPOD@?$Array@VPxVec3@physx@@VNamedAllocator@shdfnd@2@@shdfnd@physx@@SA_NXZ 0000000180010410 f i RTreeCooking.obj
 0001:0000f420       ?isFinite@PxBounds3@physx@@QEBA_NXZ 0000000180010420 f i RTreeCooking.obj
 0001:0000f490       ?isFinite@PxVec3@physx@@QEBA_NXZ 0000000180010490 f i RTreeCooking.obj
 0001:0000f510       ?isFinite@intrinsics@physx@@YA_NM@Z 0000000180010510 f i RTreeCooking.obj
 0001:0000f560       ?isInUserMemory@?$Array@IVNamedAllocator@shdfnd@physx@@@shdfnd@physx@@QEBAIXZ 0000000180010560 f i RTreeCooking.obj
 0001:0000f580       ?isInUserMemory@?$Array@UInterval@physx@@V?$InlineAllocator@$0CA@VNamedAllocator@shdfnd@physx@@@shdfnd@2@@shdfnd@physx@@QEBAIXZ 0000000180010580 f i RTreeCooking.obj
 0001:0000f5a0       ?isInUserMemory@?$Array@UPxBounds3V@physx@@VNamedAllocator@shdfnd@2@@shdfnd@physx@@QEBAIXZ 00000001800105a0 f i RTreeCooking.obj
 0001:0000f5c0       ?isInUserMemory@?$Array@URTreeNodeNQ@physx@@VNamedAllocator@shdfnd@2@@shdfnd@physx@@QEBAIXZ 00000001800105c0 f i RTreeCooking.obj
 0001:0000f5e0       ?isInUserMemory@?$Array@URTreeNodeQ@Gu@physx@@VNamedAllocator@shdfnd@3@@shdfnd@physx@@QEBAIXZ 00000001800105e0 f i RTreeCooking.obj
 0001:0000f600       ?isInUserMemory@?$Array@VPxVec3@physx@@VNamedAllocator@shdfnd@2@@shdfnd@physx@@QEBAIXZ 0000000180010600 f i RTreeCooking.obj
 0001:0000f620       ?isInside@PxBounds3@physx@@QEBA_NAEBV12@@Z 0000000180010620 f i RTreeCooking.obj
 0001:0000f780       ?isLeaf@RTreeNodeQ@Gu@physx@@QEBAIXZ 0000000180010780 f i RTreeCooking.obj
 0001:0000f7a0       ?isValid@PxBounds3@physx@@QEBA_NXZ 00000001800107a0 f i RTreeCooking.obj
 0001:0000f8d0       ?isValidFloatV@aos@shdfnd@physx@@YA_NT__m128@@@Z 00000001800108d0 f i RTreeCooking.obj
 0001:0000fa20       ?isValidVec3V@aos@shdfnd@physx@@YA_NT__m128@@@Z 0000000180010a20 f i RTreeCooking.obj
 0001:0000fa90       ?isZeroInit@?$Array@IVNamedAllocator@shdfnd@physx@@@shdfnd@physx@@KA_NAEBI@Z 0000000180010a90 f i RTreeCooking.obj
 0001:0000fb10       ?memCopy@intrinsics@physx@@YAPEAXPEIAXPEIBXI@Z 0000000180010b10 f i RTreeCooking.obj
 0001:0000fb50       ?memZero@intrinsics@physx@@YAPEAXPEAXI@Z 0000000180010b50 f i RTreeCooking.obj
 0001:0000fb80       ?pop@?$Stack@VNamedAllocator@shdfnd@physx@@@internal@shdfnd@physx@@QEAAXAEAH0@Z 0000000180010b80 f i RTreeCooking.obj
 0001:0000fc90       ?popBack@?$Array@IVNamedAllocator@shdfnd@physx@@@shdfnd@physx@@QEAAIXZ 0000000180010c90 f i RTreeCooking.obj
 0001:0000fd80       ?push@?$Stack@VNamedAllocator@shdfnd@physx@@@internal@shdfnd@physx@@QEAAXHH@Z 0000000180010d80 f i RTreeCooking.obj
 0001:0000fe30       ?pushBack@?$Array@IVNamedAllocator@shdfnd@physx@@@shdfnd@physx@@QEAAAEAIAEBI@Z 0000000180010e30 f i RTreeCooking.obj
 0001:0000ff00       ?pushBack@?$Array@UInterval@physx@@V?$InlineAllocator@$0CA@VNamedAllocator@shdfnd@physx@@@shdfnd@2@@shdfnd@physx@@QEAAAEAUInterval@3@AEBU43@@Z 0000000180010f00 f i RTreeCooking.obj
 0001:0000ffd0       ?pushBack@?$Array@UPxBounds3V@physx@@VNamedAllocator@shdfnd@2@@shdfnd@physx@@QEAAAEAUPxBounds3V@3@AEBU43@@Z 0000000180010fd0 f i RTreeCooking.obj
 0001:000100a0       ?pushBack@?$Array@URTreeNodeNQ@physx@@VNamedAllocator@shdfnd@2@@shdfnd@physx@@QEAAAEAURTreeNodeNQ@3@AEBU43@@Z 00000001800110a0 f i RTreeCooking.obj
 0001:00010170       ?pushBack@?$Array@URTreeNodeQ@Gu@physx@@VNamedAllocator@shdfnd@3@@shdfnd@physx@@QEAAAEAURTreeNodeQ@Gu@3@AEBU453@@Z 0000000180011170 f i RTreeCooking.obj
 0001:00010240       ?pushBack@?$Array@VPxVec3@physx@@VNamedAllocator@shdfnd@2@@shdfnd@physx@@QEAAAEAVPxVec3@3@AEBV43@@Z 0000000180011240 f i RTreeCooking.obj
 0001:00010310       ?recreate@?$Array@IVNamedAllocator@shdfnd@physx@@@shdfnd@physx@@IEAAXI@Z 0000000180011310 f i RTreeCooking.obj
 0001:00010470       ?recreate@?$Array@UPxBounds3V@physx@@VNamedAllocator@shdfnd@2@@shdfnd@physx@@IEAAXI@Z 0000000180011470 f i RTreeCooking.obj
 0001:000105d0       ?recreate@?$Array@URTreeNodeNQ@physx@@VNamedAllocator@shdfnd@2@@shdfnd@physx@@IEAAXI@Z 00000001800115d0 f i RTreeCooking.obj
 0001:00010730       ?recreate@?$Array@URTreeNodeQ@Gu@physx@@VNamedAllocator@shdfnd@3@@shdfnd@physx@@IEAAXI@Z 0000000180011730 f i RTreeCooking.obj
 0001:00010890       ?recreate@?$Array@VPxVec3@physx@@VNamedAllocator@shdfnd@2@@shdfnd@physx@@IEAAXI@Z 0000000180011890 f i RTreeCooking.obj
 0001:000109f0       ?replaceWithLast@?$Array@UInterval@physx@@V?$InlineAllocator@$0CA@VNamedAllocator@shdfnd@physx@@@shdfnd@2@@shdfnd@physx@@QEAAXI@Z 00000001800119f0 f i RTreeCooking.obj
 0001:00010ad0       ?reserve@?$Array@IVNamedAllocator@shdfnd@physx@@@shdfnd@physx@@QEAAXI@Z 0000000180011ad0 f i RTreeCooking.obj
 0001:00010b10       ?reserve@?$Array@UPxBounds3V@physx@@VNamedAllocator@shdfnd@2@@shdfnd@physx@@QEAAXI@Z 0000000180011b10 f i RTreeCooking.obj
 0001:00010b50       ?reserve@?$Array@URTreeNodeNQ@physx@@VNamedAllocator@shdfnd@2@@shdfnd@physx@@QEAAXI@Z 0000000180011b50 f i RTreeCooking.obj
 0001:00010b90       ?reserve@?$Array@URTreeNodeQ@Gu@physx@@VNamedAllocator@shdfnd@3@@shdfnd@physx@@QEAAXI@Z 0000000180011b90 f i RTreeCooking.obj
 0001:00010bd0       ?reserve@?$Array@VPxVec3@physx@@VNamedAllocator@shdfnd@2@@shdfnd@physx@@QEAAXI@Z 0000000180011bd0 f i RTreeCooking.obj
 0001:00010c10       ?resize@?$Array@IVNamedAllocator@shdfnd@physx@@@shdfnd@physx@@QEAAXIAEBI@Z 0000000180011c10 f i RTreeCooking.obj
 0001:00010cd0       ?resizeUninitialized@?$Array@URTreeNodeNQ@physx@@VNamedAllocator@shdfnd@2@@shdfnd@physx@@QEAAXI@Z 0000000180011cd0 f i RTreeCooking.obj
 0001:00010d10       ?selectMax@intrinsics@physx@@YAMMM@Z 0000000180011d10 f i RTreeCooking.obj
 0001:00010d60       ?selectMin@intrinsics@physx@@YAMMM@Z 0000000180011d60 f i RTreeCooking.obj
 0001:00010db0       ?setEmpty@PxBounds3@physx@@QEAAXXZ 0000000180011db0 f i RTreeCooking.obj
 0001:00010e20       ?setLeaf@RTreeNodeQ@Gu@physx@@QEAAX_N@Z 0000000180011e20 f i RTreeCooking.obj
 0001:00010e70       ?size@?$Array@IVNamedAllocator@shdfnd@physx@@@shdfnd@physx@@QEBAIXZ 0000000180011e70 f i RTreeCooking.obj
 0001:00010e90       ?size@?$Array@UInterval@physx@@V?$InlineAllocator@$0CA@VNamedAllocator@shdfnd@physx@@@shdfnd@2@@shdfnd@physx@@QEBAIXZ 0000000180011e90 f i RTreeCooking.obj
 0001:00010eb0       ?size@?$Array@URTreeNodeNQ@physx@@VNamedAllocator@shdfnd@2@@shdfnd@physx@@QEBAIXZ 0000000180011eb0 f i RTreeCooking.obj
 0001:00010ed0       ?size@?$Array@URTreeNodeQ@Gu@physx@@VNamedAllocator@shdfnd@3@@shdfnd@physx@@QEBAIXZ 0000000180011ed0 f i RTreeCooking.obj
 0001:00010ef0       ?size@?$Array@VPxVec3@physx@@VNamedAllocator@shdfnd@2@@shdfnd@physx@@QEBAIXZ 0000000180011ef0 f i RTreeCooking.obj
 0001:00010f10       ?sort4@SubSortQuick@physx@@QEAAXPEIAIIAEAV?$Array@URTreeNodeNQ@physx@@VNamedAllocator@shdfnd@2@@shdfnd@2@AEAIAEAUPxBounds3V@2@I@Z 0000000180011f10 f i RTreeCooking.obj
 0001:00011bc0       ?sort4@SubSortSAH@physx@@QEAAXPEAIIAEAV?$Array@URTreeNodeNQ@physx@@VNamedAllocator@shdfnd@2@@shdfnd@2@AEAIIPEAURTreeNodeNQ@2@@Z 0000000180012bc0 f i RTreeCooking.obj
 0001:00012d60       ?split@SubSortSAH@physx@@QEAAIPEAII@Z 0000000180013d60 f i RTreeCooking.obj
 0001:00014000       fabsf                      0000000180015000 f i RTreeCooking.obj
 0001:00014030       ??0TriangleMeshBuilder@physx@@QEAA@AEAVTriangleMeshData@Gu@1@AEBUPxCookingParams@1@@Z 0000000180015030 f   TriangleMeshBuilder.obj
 0001:00014090       ??1TriangleMeshBuilder@physx@@UEAA@XZ 0000000180015090 f   TriangleMeshBuilder.obj
 0001:000140c0       ?cleanMesh@TriangleMeshBuilder@physx@@QEAA_N_NPEAW4Enum@PxTriangleMeshCookingResult@2@@Z 00000001800150c0 f   TriangleMeshBuilder.obj
 0001:00014950       ?remapTopology@TriangleMeshBuilder@physx@@QEAAXPEBI@Z 0000000180015950 f   TriangleMeshBuilder.obj
 0001:00014d70       ?createSharedEdgeData@TriangleMeshBuilder@physx@@QEAAX_N0@Z 0000000180015d70 f   TriangleMeshBuilder.obj
 0001:00015630       ?recordTriangleIndices@TriangleMeshBuilder@physx@@QEAAXXZ 0000000180016630 f   TriangleMeshBuilder.obj
 0001:00015840       ?createGRBMidPhaseAndData@TriangleMeshBuilder@physx@@QEAAXI@Z 0000000180016840 f   TriangleMeshBuilder.obj
 0001:00015ba0       ?createGRBData@TriangleMeshBuilder@physx@@QEAAXXZ 0000000180016ba0 f   TriangleMeshBuilder.obj
 0001:00016010       ?loadFromDesc@TriangleMeshBuilder@physx@@QEAA_NAEBVPxTriangleMeshDesc@2@PEAW4Enum@PxTriangleMeshCookingResult@2@_N@Z 0000000180017010 f   TriangleMeshBuilder.obj
 0001:00016300       ?save@TriangleMeshBuilder@physx@@QEBA_NAEAVPxOutputStream@2@_NAEBUPxCookingParams@2@@Z 0000000180017300 f   TriangleMeshBuilder.obj
 0001:00016cf0       ?checkMeshIndicesSize@TriangleMeshBuilder@physx@@QEAAXXZ 0000000180017cf0 f   TriangleMeshBuilder.obj
 0001:00016ef0       ?computeLocalBounds@TriangleMeshBuilder@physx@@IEAAXXZ 0000000180017ef0 f   TriangleMeshBuilder.obj
 0001:00017000       ?importMesh@TriangleMeshBuilder@physx@@IEAA_NAEBVPxTriangleMeshDesc@2@AEBUPxCookingParams@2@PEAW4Enum@PxTriangleMeshCookingResult@2@_N@Z 0000000180018000 f   TriangleMeshBuilder.obj
 0001:00017690       ?releaseEdgeList@TriangleMeshBuilder@physx@@IEAAXXZ 0000000180018690 f   TriangleMeshBuilder.obj
 0001:000176f0       ?createEdgeList@TriangleMeshBuilder@physx@@IEAAXXZ 00000001800186f0 f   TriangleMeshBuilder.obj
 0001:00017880       ??0RTreeTriangleMeshBuilder@physx@@QEAA@AEBUPxCookingParams@1@@Z 0000000180018880 f   TriangleMeshBuilder.obj
 0001:000178e0       ??1RTreeTriangleMeshBuilder@physx@@UEAA@XZ 00000001800188e0 f   TriangleMeshBuilder.obj
 0001:00017920       ?createMidPhaseStructure@RTreeTriangleMeshBuilder@physx@@UEAAXXZ 0000000180018920 f   TriangleMeshBuilder.obj
 0001:00017bd0       ?saveMidPhaseStructure@RTreeTriangleMeshBuilder@physx@@UEBAXAEAVPxOutputStream@2@@Z 0000000180018bd0 f   TriangleMeshBuilder.obj
 0001:00017c10       ??0BV4TriangleMeshBuilder@physx@@QEAA@AEBUPxCookingParams@1@@Z 0000000180018c10 f   TriangleMeshBuilder.obj
 0001:00017c70       ??1BV4TriangleMeshBuilder@physx@@UEAA@XZ 0000000180018c70 f   TriangleMeshBuilder.obj
 0001:00017cb0       ?createMidPhaseStructure@BV4TriangleMeshBuilder@physx@@UEAAXXZ 0000000180018cb0 f   TriangleMeshBuilder.obj
 0001:00018160       ?saveMidPhaseStructure@BV4TriangleMeshBuilder@physx@@UEBAXAEAVPxOutputStream@2@@Z 0000000180019160 f   TriangleMeshBuilder.obj
 0001:000183b0       ?onMeshIndexFormatChange@BV4TriangleMeshBuilder@physx@@UEAAXXZ 00000001800193b0 f   TriangleMeshBuilder.obj
 0001:00018440       ?createMidPhaseStructure@BV32TriangleMeshBuilder@physx@@SAXAEBUPxCookingParams@2@AEAVTriangleMeshData@Gu@2@AEAVBV32Tree@52@@Z 0000000180019440 f   TriangleMeshBuilder.obj
 0001:00018740       ?saveMidPhaseStructure@BV32TriangleMeshBuilder@physx@@SAXPEAVBV32Tree@Gu@2@AEAVPxOutputStream@2@@Z 0000000180019740 f   TriangleMeshBuilder.obj
 0001:000191f0       ?findSharpVertices@GrbTrimeshCookerHelper@physx@@YAXAEAV?$Array@USortedNeighbor@GrbTrimeshCookerHelper@physx@@VNamedAllocator@shdfnd@3@@shdfnd@2@AEAV?$Array@USharpEdgeRange@GrbTrimeshCookerHelper@physx@@VNamedAllocator@shdfnd@3@@42@PEBUuint3@2@PEBUuint4@2@II@Z 000000018001a1f0 f   TriangleMeshBuilder.obj
 0001:00019700       ?buildVertexConnectionNew_p1@GrbTrimeshCookerHelper@physx@@YAIAEAV?$Array@USortedNeighbor@GrbTrimeshCookerHelper@physx@@VNamedAllocator@shdfnd@3@@shdfnd@2@AEAV?$Array@USharpEdgeRange@GrbTrimeshCookerHelper@physx@@VNamedAllocator@shdfnd@3@@42@PEBUuint3@2@PEBUuint4@2@II@Z 000000018001a700 f   TriangleMeshBuilder.obj
 0001:000197a0       ?buildVertexConnectionNew_p2@GrbTrimeshCookerHelper@physx@@YAXPEAI00AEAV?$Array@USortedNeighbor@GrbTrimeshCookerHelper@physx@@VNamedAllocator@shdfnd@3@@shdfnd@2@AEAV?$Array@USharpEdgeRange@GrbTrimeshCookerHelper@physx@@VNamedAllocator@shdfnd@3@@42@I@Z 000000018001a7a0 f   TriangleMeshBuilder.obj
 0001:0001b240       ??$?2V?$ReflectionAllocator@VBV32Tree@Gu@physx@@@shdfnd@physx@@@UserAllocated@shdfnd@physx@@SAPEAX_KV?$ReflectionAllocator@VBV32Tree@Gu@physx@@@12@PEBDH@Z 000000018001c240 f i TriangleMeshBuilder.obj
 0001:0001b290       ??$?2V?$ReflectionAllocator@VEdgeListBuilder@Gu@physx@@@shdfnd@physx@@@UserAllocated@shdfnd@physx@@SAPEAX_KV?$ReflectionAllocator@VEdgeListBuilder@Gu@physx@@@12@PEBDH@Z 000000018001c290 f i TriangleMeshBuilder.obj
 0001:0001b2e0       ??$?_UE@@YAPEAX_KV?$ReflectionAllocator@E@shdfnd@physx@@PEBDH@Z 000000018001c2e0 f i TriangleMeshBuilder.obj
 0001:0001b330       ??$?_UG@@YAPEAX_KV?$ReflectionAllocator@G@shdfnd@physx@@PEBDH@Z 000000018001c330 f i TriangleMeshBuilder.obj
 0001:0001b380       ??$?_UI@@YAPEAX_KV?$ReflectionAllocator@I@shdfnd@physx@@PEBDH@Z 000000018001c380 f i TriangleMeshBuilder.obj
 0001:0001b3d0       ??$PX_UNUSED@U?$TriangleT@I@Gu@physx@@@@YAXAEBU?$TriangleT@I@Gu@physx@@@Z 000000018001c3d0 f i TriangleMeshBuilder.obj
 0001:0001b3e0       ??$median3@UEdgeTriLookup@physx@@$$CBU?$Less@UEdgeTriLookup@physx@@@shdfnd@2@@internal@shdfnd@physx@@YAXPEAUEdgeTriLookup@2@HHAEBU?$Less@UEdgeTriLookup@physx@@@12@@Z 000000018001c3e0 f i TriangleMeshBuilder.obj
 0001:0001b600       ??$median3@USortedNeighbor@GrbTrimeshCookerHelper@physx@@$$CBU?$Less@USortedNeighbor@GrbTrimeshCookerHelper@physx@@@shdfnd@3@@internal@shdfnd@physx@@YAXPEAUSortedNeighbor@GrbTrimeshCookerHelper@2@HHAEBU?$Less@USortedNeighbor@GrbTrimeshCookerHelper@physx@@@12@@Z 000000018001c600 f i TriangleMeshBuilder.obj
 0001:0001b820       ??$partition@UEdgeTriLookup@physx@@$$CBU?$Less@UEdgeTriLookup@physx@@@shdfnd@2@@internal@shdfnd@physx@@YAHPEAUEdgeTriLookup@2@HHAEBU?$Less@UEdgeTriLookup@physx@@@12@@Z 000000018001c820 f i TriangleMeshBuilder.obj
 0001:0001bac0       ??$partition@USortedNeighbor@GrbTrimeshCookerHelper@physx@@$$CBU?$Less@USortedNeighbor@GrbTrimeshCookerHelper@physx@@@shdfnd@3@@internal@shdfnd@physx@@YAHPEAUSortedNeighbor@GrbTrimeshCookerHelper@2@HHAEBU?$Less@USortedNeighbor@GrbTrimeshCookerHelper@physx@@@12@@Z 000000018001cac0 f i TriangleMeshBuilder.obj
 0001:0001bd60       ??$smallSort@UEdgeTriLookup@physx@@$$CBU?$Less@UEdgeTriLookup@physx@@@shdfnd@2@@internal@shdfnd@physx@@YAXPEAUEdgeTriLookup@2@HHAEBU?$Less@UEdgeTriLookup@physx@@@12@@Z 000000018001cd60 f i TriangleMeshBuilder.obj
 0001:0001be90       ??$smallSort@USortedNeighbor@GrbTrimeshCookerHelper@physx@@$$CBU?$Less@USortedNeighbor@GrbTrimeshCookerHelper@physx@@@shdfnd@3@@internal@shdfnd@physx@@YAXPEAUSortedNeighbor@GrbTrimeshCookerHelper@2@HHAEBU?$Less@USortedNeighbor@GrbTrimeshCookerHelper@physx@@@12@@Z 000000018001ce90 f i TriangleMeshBuilder.obj
 0001:0001bfc0       ??$sort@UEdgeTriLookup@physx@@@shdfnd@physx@@YAXPEAUEdgeTriLookup@1@I@Z 000000018001cfc0 f i TriangleMeshBuilder.obj
 0001:0001c020       ??$sort@UEdgeTriLookup@physx@@U?$Less@UEdgeTriLookup@physx@@@shdfnd@2@VNamedAllocator@42@@shdfnd@physx@@YAXPEAUEdgeTriLookup@1@IAEBU?$Less@UEdgeTriLookup@physx@@@01@AEBVNamedAllocator@01@I@Z 000000018001d020 f i TriangleMeshBuilder.obj
 0001:0001c3e0       ??$sort@USortedNeighbor@GrbTrimeshCookerHelper@physx@@@shdfnd@physx@@YAXPEAUSortedNeighbor@GrbTrimeshCookerHelper@1@I@Z 000000018001d3e0 f i TriangleMeshBuilder.obj
 0001:0001c440       ??$sort@USortedNeighbor@GrbTrimeshCookerHelper@physx@@U?$Less@USortedNeighbor@GrbTrimeshCookerHelper@physx@@@shdfnd@3@VNamedAllocator@53@@shdfnd@physx@@YAXPEAUSortedNeighbor@GrbTrimeshCookerHelper@1@IAEBU?$Less@USortedNeighbor@GrbTrimeshCookerHelper@physx@@@01@AEBVNamedAllocator@01@I@Z 000000018001d440 f i TriangleMeshBuilder.obj
 0001:0001c800       ??$swap@UEdgeTriLookup@physx@@@shdfnd@physx@@YAXAEAUEdgeTriLookup@1@0@Z 000000018001d800 f i TriangleMeshBuilder.obj
 0001:0001c870       ??$swap@USortedNeighbor@GrbTrimeshCookerHelper@physx@@@shdfnd@physx@@YAXAEAUSortedNeighbor@GrbTrimeshCookerHelper@1@0@Z 000000018001d870 f i TriangleMeshBuilder.obj
 0001:0001c8e0       ??0?$Array@IVNamedAllocator@shdfnd@physx@@@shdfnd@physx@@QEAA@AEBVNamedAllocator@12@@Z 000000018001d8e0 f i TriangleMeshBuilder.obj
 0001:0001c940       ??0?$Array@USharpEdgeRange@GrbTrimeshCookerHelper@physx@@VNamedAllocator@shdfnd@3@@shdfnd@physx@@QEAA@AEBVNamedAllocator@12@@Z 000000018001d940 f i TriangleMeshBuilder.obj
 0001:0001c9a0       ??0?$Array@USortedNeighbor@GrbTrimeshCookerHelper@physx@@VNamedAllocator@shdfnd@3@@shdfnd@physx@@QEAA@AEBVNamedAllocator@12@@Z 000000018001d9a0 f i TriangleMeshBuilder.obj
 0001:0001ca00       ??0?$PxFlags@W4Enum@PxMeshFlag@physx@@G@physx@@QEAA@AEBV01@@Z 000000018001da00 f i TriangleMeshBuilder.obj
 0001:0001ca30       ??0?$PxFlags@W4Enum@PxMeshFlag@physx@@G@physx@@QEAA@W4Enum@PxMeshFlag@1@@Z 000000018001da30 f i TriangleMeshBuilder.obj
 0001:0001ca60       ??0?$PxFlags@W4Enum@PxMeshFlag@physx@@G@physx@@QEAA@XZ 000000018001da60 f i TriangleMeshBuilder.obj
 0001:0001ca80       ??0?$PxFlags@W4Enum@PxMeshPreprocessingFlag@physx@@I@physx@@QEAA@AEBV01@@Z 000000018001da80 f i TriangleMeshBuilder.obj
 0001:0001cab0       ??0?$ReflectionAllocator@E@shdfnd@physx@@QEAA@PEBD@Z 000000018001dab0 f i TriangleMeshBuilder.obj
 0001:0001cad0       ??0?$ReflectionAllocator@G@shdfnd@physx@@QEAA@PEBD@Z 000000018001dad0 f i TriangleMeshBuilder.obj
 0001:0001caf0       ??0?$ReflectionAllocator@I@shdfnd@physx@@QEAA@PEBD@Z 000000018001daf0 f i TriangleMeshBuilder.obj
 0001:0001cb10       ??0?$ReflectionAllocator@VBV32Tree@Gu@physx@@@shdfnd@physx@@QEAA@PEBD@Z 000000018001db10 f i TriangleMeshBuilder.obj
 0001:0001cb30       ??0?$ReflectionAllocator@VEdgeListBuilder@Gu@physx@@@shdfnd@physx@@QEAA@PEBD@Z 000000018001db30 f i TriangleMeshBuilder.obj
 0001:0001cb50       ??0BV4TriangleData@Gu@physx@@QEAA@XZ 000000018001db50 f i TriangleMeshBuilder.obj
 0001:0001cbd0       ??0EDGELISTCREATE@Gu@physx@@QEAA@XZ 000000018001dbd0 f i TriangleMeshBuilder.obj
 0001:0001cc50       ??0PxPlane@physx@@QEAA@AEBVPxVec3@1@0@Z 000000018001dc50 f i TriangleMeshBuilder.obj
 0001:0001ccc0       ??0PxSimpleTriangleMesh@physx@@QEAA@AEBV01@@Z 000000018001dcc0 f i TriangleMeshBuilder.obj
 0001:0001cd40       ??0PxTriangleMeshDesc@physx@@QEAA@AEBV01@@Z 000000018001dd40 f i TriangleMeshBuilder.obj
 0001:0001cda0       ??0PxVec4@physx@@QEAA@XZ   000000018001dda0 f i TriangleMeshBuilder.obj
 0001:0001cdb0       ??0RTree@Gu@physx@@QEAA@XZ 000000018001ddb0 f i TriangleMeshBuilder.obj
 0001:0001ce70       ??0RTreeCookerRemap@physx@@QEAA@I@Z 000000018001de70 f i TriangleMeshBuilder.obj
 0001:0001cec0       ??0RTreeTriangleData@Gu@physx@@QEAA@XZ 000000018001dec0 f i TriangleMeshBuilder.obj
 0001:0001cf20       ??0RemapCallback@RTreeCooker@physx@@QEAA@XZ 000000018001df20 f i TriangleMeshBuilder.obj
 0001:0001cf40       ??0SharpEdgeRange@GrbTrimeshCookerHelper@physx@@QEAA@II@Z 000000018001df40 f i TriangleMeshBuilder.obj
 0001:0001cf80       ??0SharpEdgeRange@GrbTrimeshCookerHelper@physx@@QEAA@XZ 000000018001df80 f i TriangleMeshBuilder.obj
 0001:0001cfb0       ??0SortedNeighbor@GrbTrimeshCookerHelper@physx@@QEAA@II_N@Z 000000018001dfb0 f i TriangleMeshBuilder.obj
 0001:0001d000       ??0TriangleMeshData@Gu@physx@@QEAA@XZ 000000018001e000 f i TriangleMeshBuilder.obj
 0001:0001d170       ??1?$Array@USharpEdgeRange@GrbTrimeshCookerHelper@physx@@VNamedAllocator@shdfnd@3@@shdfnd@physx@@QEAA@XZ 000000018001e170 f i TriangleMeshBuilder.obj
 0001:0001d200       ??1?$Array@USortedNeighbor@GrbTrimeshCookerHelper@physx@@VNamedAllocator@shdfnd@3@@shdfnd@physx@@QEAA@XZ 000000018001e200 f i TriangleMeshBuilder.obj
 0001:0001d290       ??1BV4TriangleData@Gu@physx@@UEAA@XZ 000000018001e290 f i TriangleMeshBuilder.obj
 0001:0001d300       ??1RTree@Gu@physx@@QEAA@XZ 000000018001e300 f i TriangleMeshBuilder.obj
 0001:0001d320       ??1RTreeCookerRemap@physx@@UEAA@XZ 000000018001e320 f i TriangleMeshBuilder.obj
 0001:0001d340       ??1RTreeTriangleData@Gu@physx@@UEAA@XZ 000000018001e340 f i TriangleMeshBuilder.obj
 0001:0001d390       ??1RemapCallback@RTreeCooker@physx@@UEAA@XZ 000000018001e390 f i TriangleMeshBuilder.obj
 0001:0001d3b0       ??1TriangleMeshData@Gu@physx@@UEAA@XZ 000000018001e3b0 f i TriangleMeshBuilder.obj
 0001:0001d780       ??3UserAllocated@shdfnd@physx@@SAXPEAX@Z 000000018001e780 f i TriangleMeshBuilder.obj
 0001:0001d7b0       ??A?$Array@USharpEdgeRange@GrbTrimeshCookerHelper@physx@@VNamedAllocator@shdfnd@3@@shdfnd@physx@@QEAAAEAUSharpEdgeRange@GrbTrimeshCookerHelper@2@I@Z 000000018001e7b0 f i TriangleMeshBuilder.obj
 0001:0001d850       ??A?$Array@USortedNeighbor@GrbTrimeshCookerHelper@physx@@VNamedAllocator@shdfnd@3@@shdfnd@physx@@QEAAAEAUSortedNeighbor@GrbTrimeshCookerHelper@2@I@Z 000000018001e850 f i TriangleMeshBuilder.obj
 0001:0001d8f0       ??APxVec3@physx@@QEAAAEAMI@Z 000000018001e8f0 f i TriangleMeshBuilder.obj
 0001:0001d980       ??B?$PxFlags@W4Enum@PxMeshFlag@physx@@G@physx@@QEBA_NXZ 000000018001e980 f i TriangleMeshBuilder.obj
 0001:0001d9c0       ??B?$PxFlags@W4Enum@PxMeshPreprocessingFlag@physx@@I@physx@@QEBA_NXZ 000000018001e9c0 f i TriangleMeshBuilder.obj
 0001:0001d9f0       ??DPxVec3@physx@@QEBA?AV01@M@Z 000000018001e9f0 f i TriangleMeshBuilder.obj
 0001:0001da80       ??GPxVec3@physx@@QEBA?AV01@AEBV01@@Z 000000018001ea80 f i TriangleMeshBuilder.obj
 0001:0001db20       ??I?$PxFlags@W4Enum@PxMeshFlag@physx@@G@physx@@QEBA?AV01@W4Enum@PxMeshFlag@1@@Z 000000018001eb20 f i TriangleMeshBuilder.obj
 0001:0001db90       ??I?$PxFlags@W4Enum@PxMeshPreprocessingFlag@physx@@I@physx@@QEBA?AV01@W4Enum@PxMeshPreprocessingFlag@1@@Z 000000018001eb90 f i TriangleMeshBuilder.obj
 0001:0001dbf0       ??MEdgeTriLookup@physx@@QEBA_NAEBU01@@Z 000000018001ebf0 f i TriangleMeshBuilder.obj
 0001:0001dc60       ??MSortedNeighbor@GrbTrimeshCookerHelper@physx@@QEBA_NAEBU012@@Z 000000018001ec60 f i TriangleMeshBuilder.obj
 0001:0001dd20       ??NEdgeTriLookup@physx@@QEBA_NAEBU01@@Z 000000018001ed20 f i TriangleMeshBuilder.obj
 0001:0001dd90       ??R?$Less@UEdgeTriLookup@physx@@@shdfnd@physx@@QEBA_NAEBUEdgeTriLookup@2@0@Z 000000018001ed90 f i TriangleMeshBuilder.obj
 0001:0001ddc0       ??R?$Less@USortedNeighbor@GrbTrimeshCookerHelper@physx@@@shdfnd@physx@@QEBA_NAEBUSortedNeighbor@GrbTrimeshCookerHelper@2@0@Z 000000018001edc0 f i TriangleMeshBuilder.obj
 0001:0001ddf0       ??S?$PxFlags@W4Enum@PxMeshFlag@physx@@G@physx@@QEBA?AV01@XZ 000000018001edf0 f i TriangleMeshBuilder.obj
 0001:0001de40       ??Sphysx@@YA?AV?$PxFlags@W4Enum@PxMeshFlag@physx@@G@0@W4Enum@PxMeshFlag@0@@Z 000000018001ee40 f i TriangleMeshBuilder.obj
 0001:0001de80       ??_4?$PxFlags@W4Enum@PxMeshFlag@physx@@G@physx@@QEAAAEAV01@AEBV01@@Z 000000018001ee80 f i TriangleMeshBuilder.obj
 0001:0001dec0       ??_GBV32Tree@Gu@physx@@QEAAPEAXI@Z 000000018001eec0 f i TriangleMeshBuilder.obj
 0001:0001df30       ??_GBV4TriangleData@Gu@physx@@UEAAPEAXI@Z 000000018001ef30 f i TriangleMeshBuilder.obj
 0001:0001df30       ??_EBV4TriangleData@Gu@physx@@UEAAPEAXI@Z 000000018001ef30 f i TriangleMeshBuilder.obj
 0001:0001dfa0       ??_EBV4TriangleMeshBuilder@physx@@UEAAPEAXI@Z 000000018001efa0 f i TriangleMeshBuilder.obj
 0001:0001dfa0       ??_GBV4TriangleMeshBuilder@physx@@UEAAPEAXI@Z 000000018001efa0 f i TriangleMeshBuilder.obj
 0001:0001dff0       ??_GEdgeListBuilder@Gu@physx@@QEAAPEAXI@Z 000000018001eff0 f i TriangleMeshBuilder.obj
 0001:0001e060       ??_ERTreeCookerRemap@physx@@UEAAPEAXI@Z 000000018001f060 f i TriangleMeshBuilder.obj
 0001:0001e060       ??_GRTreeCookerRemap@physx@@UEAAPEAXI@Z 000000018001f060 f i TriangleMeshBuilder.obj
 0001:0001e0b0       ??_GRTreeTriangleData@Gu@physx@@UEAAPEAXI@Z 000000018001f0b0 f i TriangleMeshBuilder.obj
 0001:0001e0b0       ??_ERTreeTriangleData@Gu@physx@@UEAAPEAXI@Z 000000018001f0b0 f i TriangleMeshBuilder.obj
 0001:0001e120       ??_GRTreeTriangleMeshBuilder@physx@@UEAAPEAXI@Z 000000018001f120 f i TriangleMeshBuilder.obj
 0001:0001e120       ??_ERTreeTriangleMeshBuilder@physx@@UEAAPEAXI@Z 000000018001f120 f i TriangleMeshBuilder.obj
 0001:0001e170       ??_GRemapCallback@RTreeCooker@physx@@UEAAPEAXI@Z 000000018001f170 f i TriangleMeshBuilder.obj
 0001:0001e170       ??_ERemapCallback@RTreeCooker@physx@@UEAAPEAXI@Z 000000018001f170 f i TriangleMeshBuilder.obj
 0001:0001e1c0       ??_GTriangleMeshBuilder@physx@@UEAAPEAXI@Z 000000018001f1c0 f i TriangleMeshBuilder.obj
 0001:0001e1c0       ??_ETriangleMeshBuilder@physx@@UEAAPEAXI@Z 000000018001f1c0 f i TriangleMeshBuilder.obj
 0001:0001e210       ??_GTriangleMeshData@Gu@physx@@UEAAPEAXI@Z 000000018001f210 f i TriangleMeshBuilder.obj
 0001:0001e210       ??_ETriangleMeshData@Gu@physx@@UEAAPEAXI@Z 000000018001f210 f i TriangleMeshBuilder.obj
 0001:0001e280       ?HasActiveEdge01@EdgeTriangleAC@Gu@physx@@SAHAEBUEdgeTriangleData@23@@Z 000000018001f280 f i TriangleMeshBuilder.obj
 0001:0001e2b0       ?HasActiveEdge12@EdgeTriangleAC@Gu@physx@@SAHAEBUEdgeTriangleData@23@@Z 000000018001f2b0 f i TriangleMeshBuilder.obj
 0001:0001e2e0       ?HasActiveEdge20@EdgeTriangleAC@Gu@physx@@SAHAEBUEdgeTriangleData@23@@Z 000000018001f2e0 f i TriangleMeshBuilder.obj
 0001:0001e310       ?LeafSetData@Gu@physx@@YAIII@Z 000000018001f310 f i TriangleMeshBuilder.obj
 0001:0001e420       ?PxRecipSqrt@physx@@YAMM@Z 000000018001f420 f i TriangleMeshBuilder.obj
 0001:0001e440       ?SetData@LeafTriangles@Gu@physx@@QEAAXII@Z 000000018001f440 f i TriangleMeshBuilder.obj
 0001:0001e480       ?WriteDwordBuffer@physx@@YAXPEBII_NAEAVPxOutputStream@1@@Z 000000018001f480 f i TriangleMeshBuilder.obj
 0001:0001e4d0       ?allocate@?$Array@USharpEdgeRange@GrbTrimeshCookerHelper@physx@@VNamedAllocator@shdfnd@3@@shdfnd@physx@@IEAAPEAUSharpEdgeRange@GrbTrimeshCookerHelper@3@I@Z 000000018001f4d0 f i TriangleMeshBuilder.obj
 0001:0001e580       ?allocate@?$Array@USortedNeighbor@GrbTrimeshCookerHelper@physx@@VNamedAllocator@shdfnd@3@@shdfnd@physx@@IEAAPEAUSortedNeighbor@GrbTrimeshCookerHelper@3@I@Z 000000018001f580 f i TriangleMeshBuilder.obj
 0001:0001e630       ?allocate@?$ReflectionAllocator@E@shdfnd@physx@@QEAAPEAX_KPEBDH@Z 000000018001f630 f i TriangleMeshBuilder.obj
 0001:0001e6d0       ?allocate@?$ReflectionAllocator@G@shdfnd@physx@@QEAAPEAX_KPEBDH@Z 000000018001f6d0 f i TriangleMeshBuilder.obj
 0001:0001e770       ?allocate@?$ReflectionAllocator@I@shdfnd@physx@@QEAAPEAX_KPEBDH@Z 000000018001f770 f i TriangleMeshBuilder.obj
 0001:0001e810       ?allocate@?$ReflectionAllocator@VBV32Tree@Gu@physx@@@shdfnd@physx@@QEAAPEAX_KPEBDH@Z 000000018001f810 f i TriangleMeshBuilder.obj
 0001:0001e8b0       ?allocate@?$ReflectionAllocator@VEdgeListBuilder@Gu@physx@@@shdfnd@physx@@QEAAPEAX_KPEBDH@Z 000000018001f8b0 f i TriangleMeshBuilder.obj
 0001:0001e950       ?allocateMaterials@TriangleMeshData@Gu@physx@@QEAAPEAGXZ 000000018001f950 f i TriangleMeshBuilder.obj
 0001:0001eac0       ?allocateTriangles@TriangleMeshData@Gu@physx@@QEAAPEAXI_NI@Z 000000018001fac0 f i TriangleMeshBuilder.obj
 0001:0001ed90       ?allocateVertices@TriangleMeshData@Gu@physx@@QEAAPEAVPxVec3@3@I@Z 000000018001fd90 f i TriangleMeshBuilder.obj
 0001:0001eea0       ?begin@?$Array@USortedNeighbor@GrbTrimeshCookerHelper@physx@@VNamedAllocator@shdfnd@3@@shdfnd@physx@@QEAAPEAUSortedNeighbor@GrbTrimeshCookerHelper@3@XZ 000000018001fea0 f i TriangleMeshBuilder.obj
 0001:0001eec0       ?capacity@?$Array@USharpEdgeRange@GrbTrimeshCookerHelper@physx@@VNamedAllocator@shdfnd@3@@shdfnd@physx@@QEBAIXZ 000000018001fec0 f i TriangleMeshBuilder.obj
 0001:0001eee0       ?capacity@?$Array@USortedNeighbor@GrbTrimeshCookerHelper@physx@@VNamedAllocator@shdfnd@3@@shdfnd@physx@@QEBAIXZ 000000018001fee0 f i TriangleMeshBuilder.obj
 0001:0001ef00       ?capacityIncrement@?$Array@USortedNeighbor@GrbTrimeshCookerHelper@physx@@VNamedAllocator@shdfnd@3@@shdfnd@physx@@IEBAIXZ 000000018001ff00 f i TriangleMeshBuilder.obj
 0001:0001ef50       ?copy@?$Array@USharpEdgeRange@GrbTrimeshCookerHelper@physx@@VNamedAllocator@shdfnd@3@@shdfnd@physx@@KAXPEAUSharpEdgeRange@GrbTrimeshCookerHelper@3@0PEBU453@@Z 000000018001ff50 f i TriangleMeshBuilder.obj
 0001:0001f030       ?copy@?$Array@USortedNeighbor@GrbTrimeshCookerHelper@physx@@VNamedAllocator@shdfnd@3@@shdfnd@physx@@KAXPEAUSortedNeighbor@GrbTrimeshCookerHelper@3@0PEBU453@@Z 0000000180020030 f i TriangleMeshBuilder.obj
 0001:0001f120       ?create@?$Array@USharpEdgeRange@GrbTrimeshCookerHelper@physx@@VNamedAllocator@shdfnd@3@@shdfnd@physx@@KAXPEAUSharpEdgeRange@GrbTrimeshCookerHelper@3@0AEBU453@@Z 0000000180020120 f i TriangleMeshBuilder.obj
 0001:0001f1f0       ?cross@PxVec3@physx@@QEBA?AV12@AEBV12@@Z 00000001800201f0 f i TriangleMeshBuilder.obj
 0001:0001f2e0       ?deallocate@?$AlignedAllocator@$0IA@VNonTrackingAllocator@shdfnd@physx@@@shdfnd@physx@@QEAAXPEAX@Z 00000001800202e0 f i TriangleMeshBuilder.obj
 0001:0001f350       ?deallocate@?$Array@USharpEdgeRange@GrbTrimeshCookerHelper@physx@@VNamedAllocator@shdfnd@3@@shdfnd@physx@@IEAAXPEAX@Z 0000000180020350 f i TriangleMeshBuilder.obj
 0001:0001f380       ?deallocate@?$Array@USortedNeighbor@GrbTrimeshCookerHelper@physx@@VNamedAllocator@shdfnd@3@@shdfnd@physx@@IEAAXPEAX@Z 0000000180020380 f i TriangleMeshBuilder.obj
 0001:0001f3b0       ?deallocate@NonTrackingAllocator@shdfnd@physx@@QEAAXPEAX@Z 00000001800203b0 f i TriangleMeshBuilder.obj
 0001:0001f400       ?destroy@?$Array@USharpEdgeRange@GrbTrimeshCookerHelper@physx@@VNamedAllocator@shdfnd@3@@shdfnd@physx@@KAXPEAUSharpEdgeRange@GrbTrimeshCookerHelper@3@0@Z 0000000180020400 f i TriangleMeshBuilder.obj
 0001:0001f450       ?destroy@?$Array@USortedNeighbor@GrbTrimeshCookerHelper@physx@@VNamedAllocator@shdfnd@3@@shdfnd@physx@@KAXPEAUSortedNeighbor@GrbTrimeshCookerHelper@3@0@Z 0000000180020450 f i TriangleMeshBuilder.obj
 0001:0001f4a0       ?distance@PxPlane@physx@@QEBAMAEBVPxVec3@2@@Z 00000001800204a0 f i TriangleMeshBuilder.obj
 0001:0001f4e0       ?dot@PxVec3@physx@@QEBAMAEBV12@@Z 00000001800204e0 f i TriangleMeshBuilder.obj
 0001:0001f540       ?findEdgeCCW@?$TriangleT@I@Gu@physx@@QEBAEII@Z 0000000180020540 f i TriangleMeshBuilder.obj
 0001:0001f6f0       ?gatherStrided@Cooking@physx@@SAXPEBXPEAXIII@Z 00000001800206f0 f i TriangleMeshBuilder.obj
 0001:0001f7a0       ?getEdgeToTriangles@EdgeList@Gu@physx@@QEBAPEBUEdgeDescData@23@XZ 00000001800207a0 f i TriangleMeshBuilder.obj
 0001:0001f7c0       ?getEdgeTriangle@EdgeList@Gu@physx@@QEBAAEBUEdgeTriangleData@23@I@Z 00000001800207c0 f i TriangleMeshBuilder.obj
 0001:0001f7f0       ?getEdges@EdgeList@Gu@physx@@QEBAPEBUEdgeData@23@XZ 00000001800207f0 f i TriangleMeshBuilder.obj
 0001:0001f810       ?getFacesByEdges@EdgeList@Gu@physx@@QEBAPEBIXZ 0000000180020810 f i TriangleMeshBuilder.obj
 0001:0001f830       ?getFoundation@shdfnd@physx@@YAAEAVFoundation@12@XZ 0000000180020830 f i TriangleMeshBuilder.obj
 0001:0001f850       ?getMidphaseID@BV4TriangleMeshBuilder@physx@@UEBA?AW4Enum@PxMeshMidPhase@2@XZ 0000000180020850 f i TriangleMeshBuilder.obj
 0001:0001f860       ?getMidphaseID@RTreeTriangleMeshBuilder@physx@@UEBA?AW4Enum@PxMeshMidPhase@2@XZ 0000000180020860 f i TriangleMeshBuilder.obj
 0001:0001f870       ?getName@?$ReflectionAllocator@E@shdfnd@physx@@CAPEBDXZ 0000000180020870 f i TriangleMeshBuilder.obj
 0001:0001f8c0       ?getName@?$ReflectionAllocator@G@shdfnd@physx@@CAPEBDXZ 00000001800208c0 f i TriangleMeshBuilder.obj
 0001:0001f910       ?getName@?$ReflectionAllocator@I@shdfnd@physx@@CAPEBDXZ 0000000180020910 f i TriangleMeshBuilder.obj
 0001:0001f960       ?getName@?$ReflectionAllocator@VBV32Tree@Gu@physx@@@shdfnd@physx@@CAPEBDXZ 0000000180020960 f i TriangleMeshBuilder.obj
 0001:0001f9b0       ?getName@?$ReflectionAllocator@VEdgeListBuilder@Gu@physx@@@shdfnd@physx@@CAPEBDXZ 00000001800209b0 f i TriangleMeshBuilder.obj
 0001:0001fa00       ?getNbEdges@EdgeList@Gu@physx@@QEBAIXZ 0000000180020a00 f i TriangleMeshBuilder.obj
 0001:0001fa10       ?getNbFaces@EdgeList@Gu@physx@@QEBAIXZ 0000000180020a10 f i TriangleMeshBuilder.obj
 0001:0001fa30       ?getNormalized@PxVec3@physx@@QEBA?AV12@XZ 0000000180020a30 f i TriangleMeshBuilder.obj
 0001:0001fae0       ?getRemap@SourceMesh@Gu@physx@@QEBAPEBIXZ 0000000180020ae0 f i TriangleMeshBuilder.obj
 0001:0001fb00       ?getType@PxMidphaseDesc@physx@@QEBA?AW4Enum@PxMeshMidPhase@2@XZ 0000000180020b00 f i TriangleMeshBuilder.obj
 0001:0001fb20       ?grow@?$Array@USharpEdgeRange@GrbTrimeshCookerHelper@physx@@VNamedAllocator@shdfnd@3@@shdfnd@physx@@IEAAXI@Z 0000000180020b20 f i TriangleMeshBuilder.obj
 0001:0001fbc0       ?grow@?$Array@USortedNeighbor@GrbTrimeshCookerHelper@physx@@VNamedAllocator@shdfnd@3@@shdfnd@physx@@IEAAXI@Z 0000000180020bc0 f i TriangleMeshBuilder.obj
 0001:0001fc60       ?growAndPushBack@?$Array@USortedNeighbor@GrbTrimeshCookerHelper@physx@@VNamedAllocator@shdfnd@3@@shdfnd@physx@@IEAAAEAUSortedNeighbor@GrbTrimeshCookerHelper@3@AEBU453@@Z 0000000180020c60 f i TriangleMeshBuilder.obj
 0001:0001fea0       ?has16BitIndices@TriangleMeshData@Gu@physx@@QEBA_NXZ 0000000180020ea0 f i TriangleMeshBuilder.obj
 0001:0001fee0       ?initRemap@SourceMesh@Gu@physx@@QEAAXXZ 0000000180020ee0 f i TriangleMeshBuilder.obj
 0001:0001ff00       ?isArrayOfPOD@?$Array@USharpEdgeRange@GrbTrimeshCookerHelper@physx@@VNamedAllocator@shdfnd@3@@shdfnd@physx@@SA_NXZ 0000000180020f00 f i TriangleMeshBuilder.obj
 0001:0001ff10       ?isArrayOfPOD@?$Array@USortedNeighbor@GrbTrimeshCookerHelper@physx@@VNamedAllocator@shdfnd@3@@shdfnd@physx@@SA_NXZ 0000000180020f10 f i TriangleMeshBuilder.obj
 0001:0001ff20       ?isInUserMemory@?$Array@USharpEdgeRange@GrbTrimeshCookerHelper@physx@@VNamedAllocator@shdfnd@3@@shdfnd@physx@@QEBAIXZ 0000000180020f20 f i TriangleMeshBuilder.obj
 0001:0001ff40       ?isInUserMemory@?$Array@USortedNeighbor@GrbTrimeshCookerHelper@physx@@VNamedAllocator@shdfnd@3@@shdfnd@physx@@QEBAIXZ 0000000180020f40 f i TriangleMeshBuilder.obj
 0001:0001ff60       ?isValid@PxBVH33MidphaseDesc@physx@@QEBA_NXZ 0000000180020f60 f i TriangleMeshBuilder.obj
 0001:0001ffa0       ?isValid@PxBVH34MidphaseDesc@physx@@QEBA_NXZ 0000000180020fa0 f i TriangleMeshBuilder.obj
 0001:0001ffd0       ?isValid@PxMidphaseDesc@physx@@QEBA_NXZ 0000000180020fd0 f i TriangleMeshBuilder.obj
 0001:00020030       ?isValid@PxSimpleTriangleMesh@physx@@QEBA_NXZ 0000000180021030 f i TriangleMeshBuilder.obj
 0001:00020140       ?isValid@PxTriangleMeshDesc@physx@@QEBA_NXZ 0000000180021140 f i TriangleMeshBuilder.obj
 0001:000201d0       ?isZeroInit@?$Array@USharpEdgeRange@GrbTrimeshCookerHelper@physx@@VNamedAllocator@shdfnd@3@@shdfnd@physx@@KA_NAEBUSharpEdgeRange@GrbTrimeshCookerHelper@3@@Z 00000001800211d0 f i TriangleMeshBuilder.obj
 0001:00020250       ?littleEndian@shdfnd@physx@@YADXZ 0000000180021250 f i TriangleMeshBuilder.obj
 0001:00020270       ?magnitudeSquared@PxVec3@physx@@QEBAMXZ 0000000180021270 f i TriangleMeshBuilder.obj
 0001:000202d0       ?name@type_info@@QEBAPEBDXZ 00000001800212d0 f i TriangleMeshBuilder.obj
 0001:00020300       ?onMeshIndexFormatChange@TriangleMeshBuilder@physx@@UEAAXXZ 0000000180021300 f i TriangleMeshBuilder.obj
 0001:00020310       ?pushBack@?$Array@USortedNeighbor@GrbTrimeshCookerHelper@physx@@VNamedAllocator@shdfnd@3@@shdfnd@physx@@QEAAAEAUSortedNeighbor@GrbTrimeshCookerHelper@3@AEBU453@@Z 0000000180021310 f i TriangleMeshBuilder.obj
 0001:000203e0       ?recipSqrt@intrinsics@physx@@YAMM@Z 00000001800213e0 f i TriangleMeshBuilder.obj
 0001:00020420       ?recreate@?$Array@USharpEdgeRange@GrbTrimeshCookerHelper@physx@@VNamedAllocator@shdfnd@3@@shdfnd@physx@@IEAAXI@Z 0000000180021420 f i TriangleMeshBuilder.obj
 0001:00020580       ?recreate@?$Array@USortedNeighbor@GrbTrimeshCookerHelper@physx@@VNamedAllocator@shdfnd@3@@shdfnd@physx@@IEAAXI@Z 0000000180021580 f i TriangleMeshBuilder.obj
 0001:000206e0       ?release@RTree@Gu@physx@@QEAAXXZ 00000001800216e0 f i TriangleMeshBuilder.obj
 0001:00020760       ?releaseRemap@SourceMesh@Gu@physx@@QEAAXXZ 0000000180021760 f i TriangleMeshBuilder.obj
 0001:000207b0       ?remap@RTreeCookerRemap@physx@@UEAAXPEAIII@Z 00000001800217b0 f i TriangleMeshBuilder.obj
 0001:00020a20       ?reserve@?$Array@USharpEdgeRange@GrbTrimeshCookerHelper@physx@@VNamedAllocator@shdfnd@3@@shdfnd@physx@@QEAAXI@Z 0000000180021a20 f i TriangleMeshBuilder.obj
 0001:00020a60       ?reserve@?$Array@USortedNeighbor@GrbTrimeshCookerHelper@physx@@VNamedAllocator@shdfnd@3@@shdfnd@physx@@QEAAXI@Z 0000000180021a60 f i TriangleMeshBuilder.obj
 0001:00020aa0       ?resize@?$Array@USharpEdgeRange@GrbTrimeshCookerHelper@physx@@VNamedAllocator@shdfnd@3@@shdfnd@physx@@QEAAXIAEBUSharpEdgeRange@GrbTrimeshCookerHelper@3@@Z 0000000180021aa0 f i TriangleMeshBuilder.obj
 0001:00020b60       ?resizeUninitialized@?$Array@USortedNeighbor@GrbTrimeshCookerHelper@physx@@VNamedAllocator@shdfnd@3@@shdfnd@physx@@QEAAXI@Z 0000000180021b60 f i TriangleMeshBuilder.obj
 0001:00020ba0       ?setNbTriangles@SourceMesh@Gu@physx@@QEAAXI@Z 0000000180021ba0 f i TriangleMeshBuilder.obj
 0001:00020bc0       ?setNbVertices@SourceMesh@Gu@physx@@QEAAXI@Z 0000000180021bc0 f i TriangleMeshBuilder.obj
 0001:00020be0       ?setPointers@SourceMesh@Gu@physx@@QEAAXPEAVIndTri32@23@PEAVIndTri16@23@PEBVPxVec3@3@@Z 0000000180021be0 f i TriangleMeshBuilder.obj
 0001:00020c30       ?setTriangleAdjacency@TriangleMeshData@Gu@physx@@QEAAXIII@Z 0000000180021c30 f i TriangleMeshBuilder.obj
 0001:00020ce0       ?size@?$Array@USortedNeighbor@GrbTrimeshCookerHelper@physx@@VNamedAllocator@shdfnd@3@@shdfnd@physx@@QEBAIXZ 0000000180021ce0 f i TriangleMeshBuilder.obj
 0001:00020d00       ?to16@shdfnd@physx@@YAGI@Z 0000000180021d00 f i TriangleMeshBuilder.obj
 0001:00020d80       ?writeChunk@physx@@YAXCCCCAEAVPxOutputStream@1@@Z 0000000180021d80 f i TriangleMeshBuilder.obj
 0001:00020e30       ?writeIntBuffer@physx@@YAXPEBII_NAEAVPxOutputStream@1@@Z 0000000180021e30 f i TriangleMeshBuilder.obj
 0001:00020e80       ??0BigConvexDataBuilder@physx@@QEAA@PEBUConvexHullData@Gu@1@PEAVBigConvexData@1@PEBVPxVec3@1@@Z 0000000180021e80 f   BigConvexDataBuilder.obj
 0001:00020ed0       ??1BigConvexDataBuilder@physx@@QEAA@XZ 0000000180021ed0 f   BigConvexDataBuilder.obj
 0001:00020ee0       ?precompute@BigConvexDataBuilder@physx@@QEAA_NI@Z 0000000180021ee0 f   BigConvexDataBuilder.obj
 0001:00021500       ?initialize@BigConvexDataBuilder@physx@@QEAA_NXZ 0000000180022500 f   BigConvexDataBuilder.obj
 0001:00021570       ?save@BigConvexDataBuilder@physx@@QEBA_NAEAVPxOutputStream@2@_N@Z 0000000180022570 f   BigConvexDataBuilder.obj
 0001:000216a0       ?computeValencies@BigConvexDataBuilder@physx@@QEAA_NAEBVConvexHullBuilder@2@@Z 00000001800226a0 f   BigConvexDataBuilder.obj
 0001:00021f00       ?saveValencies@BigConvexDataBuilder@physx@@QEBA_NAEAVPxOutputStream@2@_N@Z 0000000180022f00 f   BigConvexDataBuilder.obj
 0001:00022600       ??$?_UUValency@Gu@physx@@@@YAPEAX_KV?$ReflectionAllocator@UValency@Gu@physx@@@shdfnd@physx@@PEBDH@Z 0000000180023600 f i BigConvexDataBuilder.obj
 0001:00022650       ??0?$ReflectionAllocator@UValency@Gu@physx@@@shdfnd@physx@@QEAA@PEBD@Z 0000000180023650 f i BigConvexDataBuilder.obj
 0001:00022670       ??B?$PxBitAndDataT@G$0IAAA@@physx@@QEBAGXZ 0000000180023670 f i BigConvexDataBuilder.obj
 0001:00022690       ??_0PxVec3@physx@@QEAAAEAV01@M@Z 0000000180023690 f i BigConvexDataBuilder.obj
 0001:00022720       ?PxMemZero@physx@@YAPEAXPEAXI@Z 0000000180023720 f i BigConvexDataBuilder.obj
 0001:00022750       ?PxSqrt@physx@@YAMM@Z      0000000180023750 f i BigConvexDataBuilder.obj
 0001:00022770       ?allocate@?$ReflectionAllocator@UValency@Gu@physx@@@shdfnd@physx@@QEAAPEAX_KPEBDH@Z 0000000180023770 f i BigConvexDataBuilder.obj
 0001:00022810       ?getName@?$ReflectionAllocator@UValency@Gu@physx@@@shdfnd@physx@@CAPEBDXZ 0000000180023810 f i BigConvexDataBuilder.obj
 0001:00022860       ?magnitude@PxVec3@physx@@QEBAMXZ 0000000180023860 f i BigConvexDataBuilder.obj
 0001:00022890       ?normalize@PxVec3@physx@@QEAAMXZ 0000000180023890 f i BigConvexDataBuilder.obj
 0001:000228f0       ?precomputeSample@BigConvexDataBuilder@physx@@IEAAXAEBVPxVec3@2@AEAEM@Z 00000001800238f0 f i BigConvexDataBuilder.obj
 0001:00022bb0       ?sqrt@intrinsics@physx@@YAMM@Z 0000000180023bb0 f i BigConvexDataBuilder.obj
 0001:00022c60       ??0ConvexHullBuilder@physx@@QEAA@PEAUConvexHullData@Gu@1@_N@Z 0000000180023c60 f   ConvexHullBuilder.obj
 0001:00022cf0       ??1ConvexHullBuilder@physx@@QEAA@XZ 0000000180023cf0 f   ConvexHullBuilder.obj
 0001:00022e30       ?init@ConvexHullBuilder@physx@@QEAA_NIPEBVPxVec3@2@PEBIIIPEBUPxHullPolygon@2@_NPEAVConvexHullLib@2@@Z 0000000180023e30 f   ConvexHullBuilder.obj
 0001:00023700       ?save@ConvexHullBuilder@physx@@QEBA_NAEAVPxOutputStream@2@_N@Z 0000000180024700 f   ConvexHullBuilder.obj
 0001:00023b30       ?copy@ConvexHullBuilder@physx@@QEAA_NAEAUConvexHullData@Gu@2@AEAI@Z 0000000180024b30 f   ConvexHullBuilder.obj
 0001:000242c0       ?createEdgeList@ConvexHullBuilder@physx@@QEAA_N_NI@Z 00000001800252c0 f   ConvexHullBuilder.obj
 0001:000250c0       ?checkHullPolygons@ConvexHullBuilder@physx@@QEBA_NXZ 00000001800260c0 f   ConvexHullBuilder.obj
 0001:00025970       ?calculateVertexMapTable@ConvexHullBuilder@physx@@QEAA_NI_N@Z 0000000180026970 f   ConvexHullBuilder.obj
 0001:00025c20       ?computeGeomCenter@ConvexHullBuilder@physx@@IEBA_NAEAVPxVec3@2@IPEAUHullTriangleData@2@@Z 0000000180026c20 f   ConvexHullBuilder.obj
 0001:00026a40       ??$?_UUEdgeDescData@Gu@physx@@@@YAPEAX_KV?$ReflectionAllocator@UEdgeDescData@Gu@physx@@@shdfnd@physx@@PEBDH@Z 0000000180027a40 f i ConvexHullBuilder.obj
 0001:00026a90       ??$?_U_N@@YAPEAX_KV?$ReflectionAllocator@_N@shdfnd@physx@@PEBDH@Z 0000000180027a90 f i ConvexHullBuilder.obj
 0001:00026ae0       ??0?$PxBitAndDataT@G$0IAAA@@physx@@QEAA@G_N@Z 0000000180027ae0 f i ConvexHullBuilder.obj
 0001:00026b40       ??0?$ReflectionAllocator@UEdgeDescData@Gu@physx@@@shdfnd@physx@@QEAA@PEBD@Z 0000000180027b40 f i ConvexHullBuilder.obj
 0001:00026b60       ??0?$ReflectionAllocator@_N@shdfnd@physx@@QEAA@PEBD@Z 0000000180027b60 f i ConvexHullBuilder.obj
 0001:00026b80       ??0?$TriangleT@I@Gu@physx@@QEAA@III@Z 0000000180027b80 f i ConvexHullBuilder.obj
 0001:00026bf0       ??0HullPolygonData@Gu@physx@@QEAA@AEBU012@@Z 0000000180027bf0 f i ConvexHullBuilder.obj
 0001:00026c70       ??0PxPlane@physx@@QEAA@AEBV01@@Z 0000000180027c70 f i ConvexHullBuilder.obj
 0001:00026cc0       ??0PxPlane@physx@@QEAA@MMMM@Z 0000000180027cc0 f i ConvexHullBuilder.obj
 0001:00026d30       ??4PxPlane@physx@@QEAAAEAV01@$$QEAV01@@Z 0000000180027d30 f i ConvexHullBuilder.obj
 0001:00026d80       ??YPxVec3@physx@@QEAAAEAV01@AEBV01@@Z 0000000180027d80 f i ConvexHullBuilder.obj
 0001:00026e00       ?PxMemSet@physx@@YAPEAXPEAXHI@Z 0000000180027e00 f i ConvexHullBuilder.obj
 0001:00026e40       ?allocate@?$ReflectionAllocator@UEdgeDescData@Gu@physx@@@shdfnd@physx@@QEAAPEAX_KPEBDH@Z 0000000180027e40 f i ConvexHullBuilder.obj
 0001:00026ee0       ?allocate@?$ReflectionAllocator@_N@shdfnd@physx@@QEAAPEAX_KPEBDH@Z 0000000180027ee0 f i ConvexHullBuilder.obj
 0001:00026f80       ?area@?$TriangleT@I@Gu@physx@@QEBAMPEBVPxVec3@3@@Z 0000000180027f80 f i ConvexHullBuilder.obj
 0001:000270a0       ?center@?$TriangleT@I@Gu@physx@@QEBAXPEBVPxVec3@3@AEAV43@@Z 00000001800280a0 f i ConvexHullBuilder.obj
 0001:000271b0       ?computeBufferSize@Gu@physx@@YAIAEBUConvexHullData@12@I@Z 00000001800281b0 f i ConvexHullBuilder.obj
 0001:00027310       ?computeNbPolygons@ConvexHullBuilder@physx@@QEBAIXZ 0000000180028310 f i ConvexHullBuilder.obj
 0001:000273b0       ?flip@physx@@YAXAEAG@Z     00000001800283b0 f i ConvexHullBuilder.obj
 0001:00027430       ?flip@physx@@YAXAEAM@Z     0000000180028430 f i ConvexHullBuilder.obj
 0001:00027520       ?flipData@Gu@physx@@YAXAEAUHullPolygonData@12@@Z 0000000180028520 f i ConvexHullBuilder.obj
 0001:000275a0       ?getName@?$ReflectionAllocator@UEdgeDescData@Gu@physx@@@shdfnd@physx@@CAPEBDXZ 00000001800285a0 f i ConvexHullBuilder.obj
 0001:000275f0       ?getName@?$ReflectionAllocator@_N@shdfnd@physx@@CAPEBDXZ 00000001800285f0 f i ConvexHullBuilder.obj
 0001:00027640       ?isBitSet@?$PxBitAndDataT@G$0IAAA@@physx@@QEBAGXZ 0000000180028640 f i ConvexHullBuilder.obj
 0001:00027660       ?memSet@intrinsics@physx@@YAPEAXPEAXHI@Z 0000000180028660 f i ConvexHullBuilder.obj
 0001:000276a0       ?to8@shdfnd@physx@@YAEI@Z  00000001800286a0 f i ConvexHullBuilder.obj
 0001:00027720       ??1ConvexHullLib@physx@@UEAA@XZ 0000000180028720 f   ConvexHullLib.obj
 0001:000277a0       ?cleanupVertices@ConvexHullLib@physx@@IEAA_NIPEBVPxVec3@2@IAEAIPEAV32@AEAV32@3@Z 00000001800287a0 f   ConvexHullLib.obj
 0001:00027e70       ?shiftAndcleanupVertices@ConvexHullLib@physx@@IEAA_NIPEBVPxVec3@2@IAEAIPEAV32@AEAV32@3@Z 0000000180028e70 f   ConvexHullLib.obj
 0001:00028080       ?swapLargestFace@ConvexHullLib@physx@@IEAAXAEAVPxConvexMeshDesc@2@@Z 0000000180029080 f   ConvexHullLib.obj
 0001:00028470       ?shiftConvexMeshDesc@ConvexHullLib@physx@@IEAAXAEAVPxConvexMeshDesc@2@@Z 0000000180029470 f   ConvexHullLib.obj
 0001:00029210       ??0?$PxFlags@W4Enum@PxConvexFlag@physx@@G@physx@@QEAA@AEBV01@@Z 000000018002a210 f i ConvexHullLib.obj
 0001:00029240       ??0PxBounds3@physx@@QEAA@XZ 000000018002a240 f i ConvexHullLib.obj
 0001:00029280       ??B?$PxFlags@W4Enum@PxConvexFlag@physx@@G@physx@@QEBA_NXZ 000000018002a280 f i ConvexHullLib.obj
 0001:000292c0       ??I?$PxFlags@W4Enum@PxConvexFlag@physx@@G@physx@@QEBA?AV01@W4Enum@PxConvexFlag@1@@Z 000000018002a2c0 f i ConvexHullLib.obj
 0001:00029330       ??_GConvexHullLib@physx@@UEAAPEAXI@Z 000000018002a330 f i ConvexHullLib.obj
 0001:00029330       ??_EConvexHullLib@physx@@UEAAPEAXI@Z 000000018002a330 f i ConvexHullLib.obj
 0001:00029380       ?getCenter@PxBounds3@physx@@QEBA?AVPxVec3@2@XZ 000000018002a380 f i ConvexHullLib.obj
 0001:00029450       ?getDimensions@PxBounds3@physx@@QEBA?AVPxVec3@2@XZ 000000018002a450 f i ConvexHullLib.obj
 0001:00029500       ?include@PxBounds3@physx@@QEAAXAEBVPxVec3@2@@Z 000000018002a500 f i ConvexHullLib.obj
 0001:000295f0       ?maximum@PxVec3@physx@@QEBA?AV12@AEBV12@@Z 000000018002a5f0 f i ConvexHullLib.obj
 0001:000296b0       ?minimum@PxVec3@physx@@QEBA?AV12@AEBV12@@Z 000000018002a6b0 f i ConvexHullLib.obj
 0001:00029770       ?multiply@PxVec3@physx@@QEBA?AV12@AEBV12@@Z 000000018002a770 f i ConvexHullLib.obj
 0001:00029810       ??0ConvexHull@physx@@QEAA@AEBVPxVec3@1@0AEBV?$Array@VPxPlane@physx@@VNamedAllocator@shdfnd@2@@shdfnd@1@@Z 000000018002a810 f   ConvexHullUtils.obj
 0001:0002a0c0       ??0ConvexHull@physx@@QEAA@AEBVPxVec3@1@AEBVPxTransform@1@AEBV?$Array@VPxPlane@physx@@VNamedAllocator@shdfnd@2@@shdfnd@1@@Z 000000018002b0c0 f   ConvexHullUtils.obj
 0001:0002aaf0       ?findCandidatePlane@ConvexHull@physx@@QEBAHMM@Z 000000018002baf0 f   ConvexHullUtils.obj
 0001:0002aef0       ?assertIntact@ConvexHull@physx@@QEBA_NM@Z 000000018002bef0 f   ConvexHullUtils.obj
 0001:0002b6f0       ?maxNumVertsPerFace@ConvexHull@physx@@QEBAIXZ 000000018002c6f0 f   ConvexHullUtils.obj
 0001:0002b7c0       ?convexHullCrop@physx@@YAPEAVConvexHull@1@AEBV21@AEBVPxPlane@1@M@Z 000000018002c7c0 f   ConvexHullUtils.obj
 0001:0002ce40       ?computeOBBFromConvex@physx@@YA_NAEBVPxConvexMeshDesc@1@AEAVPxVec3@1@AEAVPxTransform@1@@Z 000000018002de40 f   ConvexHullUtils.obj
 0001:0002d790       ?computeOBBSIMD@local@@YAXIPEBT__m128@@AEAT2@AEBT2@1@Z 000000018002e790 f   ConvexHullUtils.obj
 0001:0002ef60       ??$?2V?$ReflectionAllocator@VConvexHull@physx@@@shdfnd@physx@@@UserAllocated@shdfnd@physx@@SAPEAX_KV?$ReflectionAllocator@VConvexHull@physx@@@12@PEBDH@Z 000000018002ff60 f i ConvexHullUtils.obj
 0001:0002efb0       ??$PX_UNUSED@W4PxIDENTITY@physx@@@@YAXAEBW4PxIDENTITY@physx@@@Z 000000018002ffb0 f i ConvexHullUtils.obj
 0001:0002efc0       ??0?$Array@VHalfEdge@ConvexHull@physx@@VNamedAllocator@shdfnd@3@@shdfnd@physx@@QEAA@AEBVNamedAllocator@12@@Z 000000018002ffc0 f i ConvexHullUtils.obj
 0001:0002f020       ??0?$Array@VPxPlane@physx@@VNamedAllocator@shdfnd@2@@shdfnd@physx@@QEAA@AEBVNamedAllocator@12@@Z 0000000180030020 f i ConvexHullUtils.obj
 0001:0002f080       ??0?$PxFlags@W4Enum@PxConvexFlag@physx@@G@physx@@QEAA@XZ 0000000180030080 f i ConvexHullUtils.obj
 0001:0002f0a0       ??0?$ReflectionAllocator@VConvexHull@physx@@@shdfnd@physx@@QEAA@PEBD@Z 00000001800300a0 f i ConvexHullUtils.obj
 0001:0002f0c0       ??0ConvexHull@physx@@QEAA@AEBV01@@Z 00000001800300c0 f i ConvexHullUtils.obj
 0001:0002f1a0       ??0ConvexHull@physx@@QEAA@AEBV?$Array@VPxPlane@physx@@VNamedAllocator@shdfnd@2@@shdfnd@1@@Z 00000001800301a0 f i ConvexHullUtils.obj
 0001:0002f270       ??0HalfEdge@ConvexHull@physx@@QEAA@FEE@Z 0000000180030270 f i ConvexHullUtils.obj
 0001:0002f2d0       ??0HalfEdge@ConvexHull@physx@@QEAA@XZ 00000001800302d0 f i ConvexHullUtils.obj
 0001:0002f2e0       ??0Mat33V@aos@shdfnd@physx@@QEAA@XZ 00000001800302e0 f i ConvexHullUtils.obj
 0001:0002f2f0       ??0PxBoundedData@physx@@QEAA@XZ 00000001800302f0 f i ConvexHullUtils.obj
 0001:0002f330       ??0PxConvexMeshDesc@physx@@QEAA@XZ 0000000180030330 f i ConvexHullUtils.obj
 0001:0002f3c0       ??0PxIntegrals@physx@@QEAA@XZ 00000001800303c0 f i ConvexHullUtils.obj
 0001:0002f3f0       ??0PxMat33@physx@@QEAA@AEBV01@@Z 00000001800303f0 f i ConvexHullUtils.obj
 0001:0002f470       ??0PxMat33@physx@@QEAA@AEBVPxQuat@1@@Z 0000000180030470 f i ConvexHullUtils.obj
 0001:0002f7b0       ??0PxMat33@physx@@QEAA@AEBVPxVec3@1@00@Z 00000001800307b0 f i ConvexHullUtils.obj
 0001:0002f830       ??0PxMat33@physx@@QEAA@W4PxIDENTITY@1@@Z 0000000180030830 f i ConvexHullUtils.obj
 0001:0002f8d0       ??0PxMat33@physx@@QEAA@XZ  00000001800308d0 f i ConvexHullUtils.obj
 0001:0002f930       ??0PxPlane@physx@@QEAA@AEBVPxVec3@1@00@Z 0000000180030930 f i ConvexHullUtils.obj
 0001:0002fa20       ??0PxPlane@physx@@QEAA@AEBVPxVec3@1@M@Z 0000000180030a20 f i ConvexHullUtils.obj
 0001:0002fa70       ??0PxPlane@physx@@QEAA@XZ  0000000180030a70 f i ConvexHullUtils.obj
 0001:0002faa0       ??0PxQuat@physx@@QEAA@MAEBVPxVec3@1@@Z 0000000180030aa0 f i ConvexHullUtils.obj
 0001:0002fc00       ??0PxQuat@physx@@QEAA@XZ   0000000180030c00 f i ConvexHullUtils.obj
 0001:0002fc10       ??0PxStridedData@physx@@QEAA@XZ 0000000180030c10 f i ConvexHullUtils.obj
 0001:0002fc40       ??4PxPlane@physx@@QEAAAEAV01@AEBV01@@Z 0000000180030c40 f i ConvexHullUtils.obj
 0001:0002fc90       ??8PxPlane@physx@@QEBA_NAEBV01@@Z 0000000180030c90 f i ConvexHullUtils.obj
 0001:0002fd00       ??8PxVec3@physx@@QEBA_NAEBV01@@Z 0000000180030d00 f i ConvexHullUtils.obj
 0001:0002fd80       ??A?$Array@VHalfEdge@ConvexHull@physx@@VNamedAllocator@shdfnd@3@@shdfnd@physx@@QEAAAEAVHalfEdge@ConvexHull@2@I@Z 0000000180030d80 f i ConvexHullUtils.obj
 0001:0002fe20       ??A?$Array@VHalfEdge@ConvexHull@physx@@VNamedAllocator@shdfnd@3@@shdfnd@physx@@QEBAAEBVHalfEdge@ConvexHull@2@I@Z 0000000180030e20 f i ConvexHullUtils.obj
[...]
 0003:00000c28       ?_ignore@?2??recreate@?$Array@PEAUQuickHullFace@local@@VNamedAllocator@shdfnd@physx@@@shdfnd@physx@@IEAAXI@Z@4_NA 0000000180081c28     QuickHullConvexHullLib.obj
 0003:00000c29       ?_ignore@?2??growAndPushBack@?$Array@UExpandPoint@local@@VNamedAllocator@shdfnd@physx@@@shdfnd@physx@@IEAAAEAUExpandPoint@local@@AEBU56@@Z@4_NA 0000000180081c29     QuickHullConvexHullLib.obj
 0003:00000c2a       ?_ignore@?2??recreate@?$Array@UExpandPoint@local@@VNamedAllocator@shdfnd@physx@@@shdfnd@physx@@IEAAXI@Z@4_NA 0000000180081c2a     QuickHullConvexHullLib.obj
 0003:00000ca3       ?_ignore@?2??FAllGrtr@aos@shdfnd@physx@@YAIT__m128@@0@Z@4_NA 0000000180081ca3     VolumeIntegration.obj
 0003:00000ca4       ?_ignore@?3??FAllGrtr@aos@shdfnd@physx@@YAIT__m128@@0@Z@4_NA 0000000180081ca4     VolumeIntegration.obj
 0003:00000ca5       ?_ignore@?2??V4ScaleInv@aos@shdfnd@physx@@YA?AT__m128@@T5@0@Z@4_NA 0000000180081ca5     VolumeIntegration.obj
 0003:00000d2e       ?_ignore@?P@???$kmeans_cluster@VPxVec3@physx@@M@@YAIPEBVPxVec3@physx@@IIPEAV12@PEAIMM@Z@4_NA 0000000180081d2e     Quantizer.obj
 0003:00000d30       __hmod__PxFoundationDEBUG_x64_dll 0000000180081d30     PxFoundationDEBUG_x64:PxFoundationDEBUG_x64.dll
 0003:00000d38       __hmod__PhysX3CommonDEBUG_x64_dll 0000000180081d38     PhysX3CommonDEBUG_x64:PhysX3CommonDEBUG_x64.dll
 0003:00000d40       ?DloadKernel32@@3PEAUHINSTANCE__@@EA 0000000180081d40     delayimp:delayhlp.obj
 0003:00000d48       ?DloadAcquireSRWLockExclusive@@3P6AXPEA_K@ZEA 0000000180081d48     delayimp:delayhlp.obj
 0003:00000d50       ?DloadReleaseSRWLockExclusive@@3P6AXPEA_K@ZEA 0000000180081d50     delayimp:delayhlp.obj
 0003:00000d58       ?DloadSrwLock@@3_KA        0000000180081d58     delayimp:delayhlp.obj
 0003:00000d60       ?DloadSectionLockCount@@3KA 0000000180081d60     delayimp:delayhlp.obj
 0003:00000d64       ?DloadSectionOldProtection@@3KA 0000000180081d64     delayimp:delayhlp.obj
 0003:00000d68       ?DloadSectionCommitPermanent@@3KA 0000000180081d68     delayimp:delayhlp.obj
 0003:00000d80       ?__type_info_root_node@@3U__type_info_node@@A 0000000180081d80     MSVCRTD:tncleanup.obj
 0003:00000db0       ?_OptionsStorage@?1??__local_stdio_printf_options@@9@4_KA 0000000180081db0     MSVCRTD:default_local_stdio_options.obj
 0003:00000dc0       ?_OptionsStorage@?1??__local_stdio_scanf_options@@9@4_KA 0000000180081dc0     MSVCRTD:default_local_stdio_options.obj
 0003:00000dd0       __scrt_current_native_startup_state 0000000180081dd0     MSVCRTD:utility.obj
 0003:00000dd8       __scrt_native_startup_lock 0000000180081dd8     MSVCRTD:utility.obj
 0003:00000e20       __scrt_debugger_hook_flag  0000000180081e20     MSVCRTD:utility_desktop.obj
 0003:00000e24       __favor                    0000000180081e24     MSVCRTD:_cpu_disp_.obj
 0003:000014c8       __dyn_tls_init_callback    00000001800824c8     <common>
 0005:00000000       __imp_LoadLibraryA         0000000180087000     kernel32:KERNEL32.dll
 0005:00000008       __imp_GetCurrentProcess    0000000180087008     kernel32:KERNEL32.dll
 0005:00000010       __imp_GetProcessHeap       0000000180087010     kernel32:KERNEL32.dll
 0005:00000018       __imp_HeapFree             0000000180087018     kernel32:KERNEL32.dll
 0005:00000020       __imp_HeapAlloc            0000000180087020     kernel32:KERNEL32.dll
 0005:00000028       __imp_WideCharToMultiByte  0000000180087028     kernel32:KERNEL32.dll
 0005:00000030       __imp_MultiByteToWideChar  0000000180087030     kernel32:KERNEL32.dll
 0005:00000038       __imp_IsProcessorFeaturePresent 0000000180087038     kernel32:KERNEL32.dll
 0005:00000040       __imp_GetStartupInfoW      0000000180087040     kernel32:KERNEL32.dll
 0005:00000048       __imp_SetUnhandledExceptionFilter 0000000180087048     kernel32:KERNEL32.dll
 0005:00000050       __imp_UnhandledExceptionFilter 0000000180087050     kernel32:KERNEL32.dll
 0005:00000058       __imp_IsDebuggerPresent    0000000180087058     kernel32:KERNEL32.dll
 0005:00000060       __imp_RtlVirtualUnwind     0000000180087060     kernel32:KERNEL32.dll
 0005:00000068       __imp_RtlLookupFunctionEntry 0000000180087068     kernel32:KERNEL32.dll
 0005:00000070       __imp_RtlCaptureContext    0000000180087070     kernel32:KERNEL32.dll
 0005:00000078       __imp_DisableThreadLibraryCalls 0000000180087078     kernel32:KERNEL32.dll
 0005:00000080       __imp_GetSystemTimeAsFileTime 0000000180087080     kernel32:KERNEL32.dll
 0005:00000088       __imp_GetCurrentThreadId   0000000180087088     kernel32:KERNEL32.dll
 0005:00000090       __imp_GetCurrentProcessId  0000000180087090     kernel32:KERNEL32.dll
 0005:00000098       __imp_QueryPerformanceCounter 0000000180087098     kernel32:KERNEL32.dll
 0005:000000a0       __imp_InitializeSListHead  00000001800870a0     kernel32:KERNEL32.dll
 0005:000000a8       __imp_LoadLibraryExA       00000001800870a8     kernel32:KERNEL32.dll
 0005:000000b0       __imp_GetProcAddress       00000001800870b0     kernel32:KERNEL32.dll
 0005:000000b8       __imp_GetModuleHandleW     00000001800870b8     kernel32:KERNEL32.dll
 0005:000000c0       __imp_FreeLibrary          00000001800870c0     kernel32:KERNEL32.dll
 0005:000000c8       __imp_VirtualQuery         00000001800870c8     kernel32:KERNEL32.dll
 0005:000000d0       __imp_VirtualProtect       00000001800870d0     kernel32:KERNEL32.dll
 0005:000000d8       __imp_GetSystemInfo        00000001800870d8     kernel32:KERNEL32.dll
 0005:000000e0       __imp_GetLastError         00000001800870e0     kernel32:KERNEL32.dll
 0005:000000e8       __imp_RaiseException       00000001800870e8     kernel32:KERNEL32.dll
 0005:000000f0       __imp_TerminateProcess     00000001800870f0     kernel32:KERNEL32.dll
 0005:000000f8       \177KERNEL32_NULL_THUNK_DATA 00000001800870f8     kernel32:KERNEL32.dll
 0005:00000180       __imp_memset               0000000180087180     vcruntimed:VCRUNTIME140D.dll
 0005:00000188       __imp_memcmp               0000000180087188     vcruntimed:VCRUNTIME140D.dll
 0005:00000190       __imp__purecall            0000000180087190     vcruntimed:VCRUNTIME140D.dll
 0005:00000198       __imp___std_type_info_name 0000000180087198     vcruntimed:VCRUNTIME140D.dll
 0005:000001a0       __imp_memmove              00000001800871a0     vcruntimed:VCRUNTIME140D.dll
 0005:000001a8       __imp___std_type_info_destroy_list 00000001800871a8     vcruntimed:VCRUNTIME140D.dll
 0005:000001b0       __imp___C_specific_handler 00000001800871b0     vcruntimed:VCRUNTIME140D.dll
 0005:000001b8       __imp___std_exception_copy 00000001800871b8     vcruntimed:VCRUNTIME140D.dll
 0005:000001c0       __imp___std_exception_destroy 00000001800871c0     vcruntimed:VCRUNTIME140D.dll
 0005:000001c8       __imp__CxxThrowException   00000001800871c8     vcruntimed:VCRUNTIME140D.dll
 0005:000001d0       __imp___vcrt_GetModuleFileNameW 00000001800871d0     vcruntimed:VCRUNTIME140D.dll
 0005:000001d8       __imp___vcrt_GetModuleHandleW 00000001800871d8     vcruntimed:VCRUNTIME140D.dll
 0005:000001e0       __imp___vcrt_LoadLibraryExW 00000001800871e0     vcruntimed:VCRUNTIME140D.dll
 0005:000001e8       __imp_memcpy               00000001800871e8     vcruntimed:VCRUNTIME140D.dll
 0005:000001f0       __imp_strstr               00000001800871f0     vcruntimed:VCRUNTIME140D.dll
 0005:000001f8       \177VCRUNTIME140D_NULL_THUNK_DATA 00000001800871f8     vcruntimed:VCRUNTIME140D.dll
 0005:00000268       __imp__wsplitpath_s        0000000180087268     ucrtd:ucrtbased.dll
 0005:00000270       __imp_wcscpy_s             0000000180087270     ucrtd:ucrtbased.dll
 0005:00000278       __imp___stdio_common_vsprintf_s 0000000180087278     ucrtd:ucrtbased.dll
 0005:00000280       __imp__initterm            0000000180087280     ucrtd:ucrtbased.dll
 0005:00000288       __imp__CrtDbgReportW       0000000180087288     ucrtd:ucrtbased.dll
 0005:00000290       __imp__CrtDbgReport        0000000180087290     ucrtd:ucrtbased.dll
 0005:00000298       __imp_strcat_s             0000000180087298     ucrtd:ucrtbased.dll
 0005:000002a0       __imp_atan2f               00000001800872a0     ucrtd:ucrtbased.dll
 0005:000002a8       __imp_sinf                 00000001800872a8     ucrtd:ucrtbased.dll
 0005:000002b0       __imp_cosf                 00000001800872b0     ucrtd:ucrtbased.dll
 0005:000002b8       __imp_sqrtf                00000001800872b8     ucrtd:ucrtbased.dll
 0005:000002c0       __imp_powf                 00000001800872c0     ucrtd:ucrtbased.dll
 0005:000002c8       __imp__fpclass             00000001800872c8     ucrtd:ucrtbased.dll
 0005:000002d0       __imp_fabs                 00000001800872d0     ucrtd:ucrtbased.dll
 0005:000002d8       __imp_abs                  00000001800872d8     ucrtd:ucrtbased.dll
 0005:000002e0       __imp__wmakepath_s         00000001800872e0     ucrtd:ucrtbased.dll
 0005:000002e8       __imp_strcpy_s             00000001800872e8     ucrtd:ucrtbased.dll
 0005:000002f0       __imp_terminate            00000001800872f0     ucrtd:ucrtbased.dll
 0005:000002f8       __imp__cexit               00000001800872f8     ucrtd:ucrtbased.dll
 0005:00000300       __imp__crt_at_quick_exit   0000000180087300     ucrtd:ucrtbased.dll
 0005:00000308       __imp__initterm_e          0000000180087308     ucrtd:ucrtbased.dll
 0005:00000310       __imp__execute_onexit_table 0000000180087310     ucrtd:ucrtbased.dll
 0005:00000318       __imp__register_onexit_function 0000000180087318     ucrtd:ucrtbased.dll
 0005:00000320       __imp__initialize_onexit_table 0000000180087320     ucrtd:ucrtbased.dll
 0005:00000328       __imp__initialize_narrow_environment 0000000180087328     ucrtd:ucrtbased.dll
 0005:00000330       __imp__configure_narrow_argv 0000000180087330     ucrtd:ucrtbased.dll
 0005:00000338       __imp__seh_filter_dll      0000000180087338     ucrtd:ucrtbased.dll
 0005:00000340       __imp__free_dbg            0000000180087340     ucrtd:ucrtbased.dll
 0005:00000348       __imp_malloc               0000000180087348     ucrtd:ucrtbased.dll
 0005:00000350       __imp_floorf               0000000180087350     ucrtd:ucrtbased.dll
 0005:00000358       __imp__callnewh            0000000180087358     ucrtd:ucrtbased.dll
 0005:00000360       __imp__crt_atexit          0000000180087360     ucrtd:ucrtbased.dll
 0005:00000368       \177ucrtbased_NULL_THUNK_DATA 0000000180087368     ucrtd:ucrtbased.dll
 0005:000003f0       __IMPORT_DESCRIPTOR_KERNEL32 00000001800873f0     kernel32:KERNEL32.dll
 0005:00000404       __IMPORT_DESCRIPTOR_VCRUNTIME140D 0000000180087404     vcruntimed:VCRUNTIME140D.dll
 0005:00000418       __IMPORT_DESCRIPTOR_ucrtbased 0000000180087418     ucrtd:ucrtbased.dll
 0005:0000042c       __NULL_IMPORT_DESCRIPTOR   000000018008742c     kernel32:KERNEL32.dll
 0006:00000000       __DELAY_IMPORT_DESCRIPTOR_PxFoundationDEBUG_x64_dll 0000000180088000     PxFoundationDEBUG_x64:PxFoundationDEBUG_x64.dll
 0006:00000020       __DELAY_IMPORT_DESCRIPTOR_PhysX3CommonDEBUG_x64_dll 0000000180088020     PhysX3CommonDEBUG_x64:PhysX3CommonDEBUG_x64.dll
 0006:00000040       __NULL_DELAY_IMPORT_DESCRIPTOR 0000000180088040     PxFoundationDEBUG_x64:PxFoundationDEBUG_x64.dll
 0006:00000178       \177PhysX3CommonDEBUG_x64_NULL_THUNK_DATA_DLN 0000000180088178     PhysX3CommonDEBUG_x64:PhysX3CommonDEBUG_x64.dll
 0006:00000290       \177PxFoundationDEBUG_x64_NULL_THUNK_DATA_DLN 0000000180088290     PxFoundationDEBUG_x64:PxFoundationDEBUG_x64.dll
 0006:00000300       __imp_??1BV4Tree@Gu@physx@@QEAA@XZ 0000000180088300     PhysX3CommonDEBUG_x64:PhysX3CommonDEBUG_x64.dll
 0006:00000308       __imp_?releaseMemory@HeightField@Gu@physx@@QEAAXXZ 0000000180088308     PhysX3CommonDEBUG_x64:PhysX3CommonDEBUG_x64.dll
 0006:00000310       __imp_?loadFromDesc@HeightField@Gu@physx@@QEAA_NAEBVPxHeightFieldDesc@3@@Z 0000000180088310     PhysX3CommonDEBUG_x64:PhysX3CommonDEBUG_x64.dll
 0006:00000318       __imp_??0HeightField@Gu@physx@@QEAA@PEAVGuMeshFactory@2@@Z 0000000180088318     PhysX3CommonDEBUG_x64:PhysX3CommonDEBUG_x64.dll
 0006:00000320       __imp_?ReadHeader@Gu@physx@@YA_NEEEEAEAIAEA_NAEAVPxInputStream@2@@Z 0000000180088320     PhysX3CommonDEBUG_x64:PhysX3CommonDEBUG_x64.dll
 0006:00000328       __imp_?readDword@physx@@YAI_NAEAVPxInputStream@1@@Z 0000000180088328     PhysX3CommonDEBUG_x64:PhysX3CommonDEBUG_x64.dll
 0006:00000330       __imp_??1BigConvexData@physx@@QEAA@XZ 0000000180088330     PhysX3CommonDEBUG_x64:PhysX3CommonDEBUG_x64.dll
 0006:00000338       __imp_??0BigConvexData@physx@@QEAA@XZ 0000000180088338     PhysX3CommonDEBUG_x64:PhysX3CommonDEBUG_x64.dll
 0006:00000340       __imp_?computeOBBPoints@Gu@physx@@YAXPEIAVPxVec3@2@AEBV32@1111@Z 0000000180088340     PhysX3CommonDEBUG_x64:PhysX3CommonDEBUG_x64.dll
 0006:00000348       __imp_?Sort@RadixSortBuffered@Cm@physx@@QEAAAEAV123@PEBIIW4RadixHint@23@@Z 0000000180088348     PhysX3CommonDEBUG_x64:PhysX3CommonDEBUG_x64.dll
 0006:00000350       __imp_??1RadixSortBuffered@Cm@physx@@UEAA@XZ 0000000180088350     PhysX3CommonDEBUG_x64:PhysX3CommonDEBUG_x64.dll
 0006:00000358       __imp_??0RadixSortBuffered@Cm@physx@@QEAA@XZ 0000000180088358     PhysX3CommonDEBUG_x64:PhysX3CommonDEBUG_x64.dll
 0006:00000360       __imp_?GetRanks@RadixSort@Cm@physx@@QEBAPEBIXZ 0000000180088360     PhysX3CommonDEBUG_x64:PhysX3CommonDEBUG_x64.dll
 0006:00000368       __imp_?CreateOffsets@BigConvexData@physx@@IEAAXXZ 0000000180088368     PhysX3CommonDEBUG_x64:PhysX3CommonDEBUG_x64.dll
 0006:00000370       __imp_?StoreIndices@Gu@physx@@YAXGIPEBGAEAVPxOutputStream@2@_N@Z 0000000180088370     PhysX3CommonDEBUG_x64:PhysX3CommonDEBUG_x64.dll
 0006:00000378       __imp_?WriteHeader@Gu@physx@@YA_NEEEEI_NAEAVPxOutputStream@2@@Z 0000000180088378     PhysX3CommonDEBUG_x64:PhysX3CommonDEBUG_x64.dll
 0006:00000380       __imp_?computeMaxIndex@physx@@YAGPEBGI@Z 0000000180088380     PhysX3CommonDEBUG_x64:PhysX3CommonDEBUG_x64.dll
 0006:00000388       __imp_?BuildBV32Ex@Gu@physx@@YA_NAEAVBV32Tree@12@AEAVSourceMesh@12@MI@Z 0000000180088388     PhysX3CommonDEBUG_x64:PhysX3CommonDEBUG_x64.dll
 0006:00000390       __imp_?writeWord@physx@@YAXG_NAEAVPxOutputStream@1@@Z 0000000180088390     PhysX3CommonDEBUG_x64:PhysX3CommonDEBUG_x64.dll
 0006:00000398       __imp_?BuildBV4Ex@Gu@physx@@YA_NAEAVBV4Tree@12@AEAVSourceMesh@12@MI@Z 0000000180088398     PhysX3CommonDEBUG_x64:PhysX3CommonDEBUG_x64.dll
 0006:000003a0       __imp_?writeDword@physx@@YAXI_NAEAVPxOutputStream@1@@Z 00000001800883a0     PhysX3CommonDEBUG_x64:PhysX3CommonDEBUG_x64.dll
 0006:000003a8       __imp_?writeFloat@physx@@YAXM_NAEAVPxOutputStream@1@@Z 00000001800883a8     PhysX3CommonDEBUG_x64:PhysX3CommonDEBUG_x64.dll
 0006:000003b0       __imp_?writeHeader@physx@@YA_NCCCCI_NAEAVPxOutputStream@1@@Z 00000001800883b0     PhysX3CommonDEBUG_x64:PhysX3CommonDEBUG_x64.dll
 0006:000003b8       __imp_?validate@RTree@Gu@physx@@QEAAXPEAUCallbackRefit@123@@Z 00000001800883b8     PhysX3CommonDEBUG_x64:PhysX3CommonDEBUG_x64.dll
 0006:000003c0       __imp_??0SourceMesh@Gu@physx@@QEAA@XZ 00000001800883c0     PhysX3CommonDEBUG_x64:PhysX3CommonDEBUG_x64.dll
 0006:000003c8       __imp_??1SourceMesh@Gu@physx@@QEAA@XZ 00000001800883c8     PhysX3CommonDEBUG_x64:PhysX3CommonDEBUG_x64.dll
 0006:000003d0       __imp_??0BV4Tree@Gu@physx@@QEAA@XZ 00000001800883d0     PhysX3CommonDEBUG_x64:PhysX3CommonDEBUG_x64.dll
 0006:000003d8       __imp_??1HeightField@Gu@physx@@UEAA@XZ 00000001800883d8     PhysX3CommonDEBUG_x64:PhysX3CommonDEBUG_x64.dll
 0006:000003e0       __imp_??0BV32Tree@Gu@physx@@QEAA@XZ 00000001800883e0     PhysX3CommonDEBUG_x64:PhysX3CommonDEBUG_x64.dll
 0006:000003e8       __imp_??1BV32Tree@Gu@physx@@QEAA@XZ 00000001800883e8     PhysX3CommonDEBUG_x64:PhysX3CommonDEBUG_x64.dll
 0006:000003f0       __imp_?writeFloatBuffer@physx@@YAXPEBMI_NAEAVPxOutputStream@1@@Z 00000001800883f0     PhysX3CommonDEBUG_x64:PhysX3CommonDEBUG_x64.dll
 0006:000003f8       __imp_?writeWordBuffer@physx@@YAXPEBGI_NAEAVPxOutputStream@1@@Z 00000001800883f8     PhysX3CommonDEBUG_x64:PhysX3CommonDEBUG_x64.dll
 0006:00000400       __imp_?computeMaxIndex@physx@@YAIPEBII@Z 0000000180088400     PhysX3CommonDEBUG_x64:PhysX3CommonDEBUG_x64.dll
 0006:00000408       __imp_?storeIndices@physx@@YAXIIPEBIAEAVPxOutputStream@1@_N@Z 0000000180088408     PhysX3CommonDEBUG_x64:PhysX3CommonDEBUG_x64.dll
 0006:00000410       __imp_?computeBoundsAroundVertices@Gu@physx@@YAXAEAVPxBounds3@2@IPEIBVPxVec3@2@@Z 0000000180088410     PhysX3CommonDEBUG_x64:PhysX3CommonDEBUG_x64.dll
 0006:00000418       \177PhysX3CommonDEBUG_x64_NULL_THUNK_DATA_DLA 0000000180088418     PhysX3CommonDEBUG_x64:PhysX3CommonDEBUG_x64.dll
 0006:000004a8       __imp_??1FPUGuard@shdfnd@physx@@QEAA@XZ 00000001800884a8     PxFoundationDEBUG_x64:PxFoundationDEBUG_x64.dll
 0006:000004b0       __imp_??0FPUGuard@shdfnd@physx@@QEAA@XZ 00000001800884b0     PxFoundationDEBUG_x64:PxFoundationDEBUG_x64.dll
 0006:000004b8       __imp_?decRefCount@Foundation@shdfnd@physx@@SAXXZ 00000001800884b8     PxFoundationDEBUG_x64:PxFoundationDEBUG_x64.dll
 0006:000004c0       __imp_?incRefCount@Foundation@shdfnd@physx@@SAXXZ 00000001800884c0     PxFoundationDEBUG_x64:PxFoundationDEBUG_x64.dll
 0006:000004c8       __imp_?PxDiagonalize@physx@@YA?AVPxVec3@1@AEBVPxMat33@1@AEAVPxQuat@1@@Z 00000001800884c8     PxFoundationDEBUG_x64:PxFoundationDEBUG_x64.dll
 0006:000004d0       __imp_?error@Foundation@shdfnd@physx@@QEAAXW4Enum@PxErrorCode@3@PEBDH1ZZ 00000001800884d0     PxFoundationDEBUG_x64:PxFoundationDEBUG_x64.dll
 0006:000004d8       __imp_?getInstance@Foundation@shdfnd@physx@@SAAEAV123@XZ 00000001800884d8     PxFoundationDEBUG_x64:PxFoundationDEBUG_x64.dll
 0006:000004e0       __imp_PxGetFoundation      00000001800884e0     PxFoundationDEBUG_x64:PxFoundationDEBUG_x64.dll
 0006:000004e8       __imp_?deallocate@TempAllocator@shdfnd@physx@@QEAAXPEAX@Z 00000001800884e8     PxFoundationDEBUG_x64:PxFoundationDEBUG_x64.dll
 0006:000004f0       __imp_?allocate@TempAllocator@shdfnd@physx@@QEAAPEAX_KPEBDH@Z 00000001800884f0     PxFoundationDEBUG_x64:PxFoundationDEBUG_x64.dll
 0006:000004f8       __imp_?deallocate@NamedAllocator@shdfnd@physx@@QEAAXPEAX@Z 00000001800884f8     PxFoundationDEBUG_x64:PxFoundationDEBUG_x64.dll
 0006:00000500       __imp_?allocate@NamedAllocator@shdfnd@physx@@QEAAPEAX_KPEBDH@Z 0000000180088500     PxFoundationDEBUG_x64:PxFoundationDEBUG_x64.dll
 0006:00000508       __imp_??1NamedAllocator@shdfnd@physx@@QEAA@XZ 0000000180088508     PxFoundationDEBUG_x64:PxFoundationDEBUG_x64.dll
 0006:00000510       __imp_??0NamedAllocator@shdfnd@physx@@QEAA@AEBV012@@Z 0000000180088510     PxFoundationDEBUG_x64:PxFoundationDEBUG_x64.dll
 0006:00000518       __imp_??0NamedAllocator@shdfnd@physx@@QEAA@PEBD@Z 0000000180088518     PxFoundationDEBUG_x64:PxFoundationDEBUG_x64.dll
 0006:00000520       __imp_?getAllocator@shdfnd@physx@@YAAEAVPxAllocatorCallback@2@XZ 0000000180088520     PxFoundationDEBUG_x64:PxFoundationDEBUG_x64.dll
 0006:00000528       __imp_?PxGetAssertHandler@physx@@YAAEAVPxAssertHandler@1@XZ 0000000180088528     PxFoundationDEBUG_x64:PxFoundationDEBUG_x64.dll
 0006:00000530       \177PxFoundationDEBUG_x64_NULL_THUNK_DATA_DLA 0000000180088530     PxFoundationDEBUG_x64:PxFoundationDEBUG_x64.dll
 0006:000011e8       \177PxFoundationDEBUG_x64_NULL_THUNK_DATA_DLB 00000001800891e8     PxFoundationDEBUG_x64:PxFoundationDEBUG_x64.dll
 0006:00001278       \177PhysX3CommonDEBUG_x64_NULL_THUNK_DATA_DLB 0000000180089278     PhysX3CommonDEBUG_x64:PhysX3CommonDEBUG_x64.dll
 0007:00000000       __guard_check_icall_fptr   000000018008a000     MSVCRTD:guard_support.obj
 0007:00000010       __guard_dispatch_icall_fptr 000000018008a010     MSVCRTD:guard_support.obj
 0007:00000020       __guard_ss_verify_failure_fptr 000000018008a020     MSVCRTD:guard_support.obj
 0007:00000030       __guard_ss_verify_sp_fptr  000000018008a030     MSVCRTD:guard_support.obj
