 PhysX3CharacterKinematicDEBUG_x64

 Timestamp is 5998640f (Sat Aug 19 17:15:11 2017)

 Preferred load address is 0000000180000000

 Start         Length     Name                   Class
 0001:00000000 00004f20H .text$di                CODE
 0001:00004f20 00044500H .text$mn                CODE
 0001:00049420 00001110H .text$mn$00             CODE
 0001:0004a530 0000115fH .text$x                 CODE
 0002:00000000 00000110H .CRT$XCA                DATA
 0002:00000110 00000140H .CRT$XCU                DATA
 0002:00000250 00000110H .CRT$XCZ                DATA
 0002:00000360 00000110H .CRT$XIA                DATA
 0002:00000470 00000110H .CRT$XIZ                DATA
 0002:00000580 00000110H .CRT$XPA                DATA
 0002:00000690 00000110H .CRT$XPZ                DATA
 0002:000007a0 00000110H .CRT$XTA                DATA
 0002:000008b0 00000110H .CRT$XTZ                DATA
 0002:000009c0 00004250H .rdata                  DATA
 0002:00004c10 00000188H .rdata$r                DATA
 0002:00004d98 000001c8H .rdata$zzzdbg           DATA
 0002:00004f60 00000110H .rtc$IAA                DATA
 0002:00005070 000001d0H .rtc$IMZ                DATA
 0002:00005240 00000110H .rtc$IZZ                DATA
 0002:00005350 00000110H .rtc$TAA                DATA
 0002:00005460 000001d0H .rtc$TMZ                DATA
 0002:00005630 00000110H .rtc$TZZ                DATA
 0002:00005740 00002870H .xdata                  DATA
 0002:00007fb0 00000b11H .edata                  DATA
 0003:00000000 000001e0H .data                   DATA
 0003:000001e0 000002a0H .data$r                 DATA
 0003:00000480 000008d9H .bss                    DATA
 0004:00000000 0000354cH .pdata                  DATA
 0005:00000000 00000590H .idata$5                DATA
 0005:00000590 00000064H .idata$2                DATA
 0005:000005f4 00000014H .idata$3                DATA
 0005:00000608 00000590H .idata$4                DATA
 0005:00000b98 0000135bH .idata$6                DATA
 0006:00000000 0000013fH .00cfg                  DATA
 0007:00000000 000001c0H .rsrc$01                DATA
 0007:000001c0 00000700H .rsrc$02                DATA

  Address         Publics by Value              Rva+Base               Lib:Object

 0000:00000000       ___safe_se_handler_table   0000000000000000     <absolute>
 0000:00000000       __hybrid_code_map          0000000000000000     <absolute>
 0000:00000000       __guard_longjmp_table      0000000000000000     <absolute>
 0000:00000000       __guard_longjmp_count      0000000000000000     <absolute>
 0000:00000000       __hybrid_code_map_count    0000000000000000     <absolute>
 0000:00000000       __guard_fids_table         0000000000000000     <absolute>
 0000:00000000       __dynamic_value_reloc_table 0000000000000000     <absolute>
 0000:00000000       __guard_iat_table          0000000000000000     <absolute>
 0000:00000000       ___safe_se_handler_count   0000000000000000     <absolute>
 0000:00000000       __guard_iat_count          0000000000000000     <absolute>
 0000:00000000       __enclave_config           0000000000000000     <absolute>
 0000:00000000       __hybrid_auxiliary_iat     0000000000000000     <absolute>
 0000:00000000       __guard_fids_count         0000000000000000     <absolute>
 0000:00000100       __guard_flags              0000000000000100     <absolute>
 0000:00000000       __ImageBase                0000000180000000     <linker-defined>
 0001:00004f20       ??0BoxController@Cct@physx@@QEAA@AEBVPxControllerDesc@2@AEAVPxPhysics@2@PEAVPxScene@2@@Z 0000000180005f20 f   CctBoxController.obj
 0001:00005080       ??1BoxController@Cct@physx@@UEAA@XZ 0000000180006080 f   CctBoxController.obj
 0001:000050d0       ?getWorldBox@BoxController@Cct@physx@@UEBA_NAEAUPxExtendedBounds3@3@@Z 00000001800060d0 f   CctBoxController.obj
 0001:00005140       ?setFootPosition@BoxController@Cct@physx@@UEAA_NAEBUPxExtendedVec3@3@@Z 0000000180006140 f   CctBoxController.obj
 0001:000051d0       ?getFootPosition@BoxController@Cct@physx@@UEBA?AUPxExtendedVec3@3@XZ 00000001800061d0 f   CctBoxController.obj
 0001:00005260       ?invalidateCache@BoxController@Cct@physx@@UEAAXXZ 0000000180006260 f   CctBoxController.obj
 0001:000052e0       ?resize@BoxController@Cct@physx@@UEAAXM@Z 00000001800062e0 f   CctBoxController.obj
 0001:000053b0       ?getHalfHeight@BoxController@Cct@physx@@UEBAMXZ 00000001800063b0 f   CctBoxController.obj
 0001:000053d0       ?getHalfSideExtent@BoxController@Cct@physx@@UEBAMXZ 00000001800063d0 f   CctBoxController.obj
 0001:000053f0       ?getHalfForwardExtent@BoxController@Cct@physx@@UEBAMXZ 00000001800063f0 f   CctBoxController.obj
 0001:00005410       ?setHalfHeight@BoxController@Cct@physx@@UEAA_NM@Z 0000000180006410 f   CctBoxController.obj
 0001:00005460       ?setHalfSideExtent@BoxController@Cct@physx@@UEAA_NM@Z 0000000180006460 f   CctBoxController.obj
 0001:000054b0       ?setHalfForwardExtent@BoxController@Cct@physx@@UEAA_NM@Z 00000001800064b0 f   CctBoxController.obj
 0001:00005500       ?updateKinematicProxy@BoxController@Cct@physx@@QEAA_NXZ 0000000180006500 f   CctBoxController.obj
 0001:00005620       ?getOBB@BoxController@Cct@physx@@QEBAXAEAVPxExtendedBox@3@@Z 0000000180006620 f   CctBoxController.obj
 0001:00005920       ??0Allocator@shdfnd@physx@@QEAA@PEBD@Z 0000000180006920 f i CctBoxController.obj
 0001:00005940       ??0NonTrackingAllocator@shdfnd@physx@@QEAA@PEBD@Z 0000000180006940 f i CctBoxController.obj
 0001:00005960       ??0PxBoxController@physx@@IEAA@XZ 0000000180006960 f i CctBoxController.obj
 0001:000059a0       ??0PxBoxGeometry@physx@@QEAA@XZ 00000001800069a0 f i CctBoxController.obj
 0001:000059f0       ??0PxController@physx@@IEAA@XZ 00000001800069f0 f i CctBoxController.obj
 0001:00005a10       ??0PxControllerManager@physx@@IEAA@XZ 0000000180006a10 f i CctBoxController.obj
 0001:00005a30       ??0PxControllerManager@physx@@QEAA@AEBV01@@Z 0000000180006a30 f i CctBoxController.obj
 0001:00005a60       ??0PxExtendedBounds3@physx@@QEAA@XZ 0000000180006a60 f i CctBoxController.obj
 0001:00005aa0       ??0PxExtendedVec3@physx@@QEAA@NNN@Z 0000000180006aa0 f i CctBoxController.obj
 0001:00005b00       ??0PxExtendedVec3@physx@@QEAA@XZ 0000000180006b00 f i CctBoxController.obj
 0001:00005b10       ??0PxFoundation@physx@@QEAA@AEBV01@@Z 0000000180006b10 f i CctBoxController.obj
 0001:00005b40       ??0PxFoundation@physx@@QEAA@XZ 0000000180006b40 f i CctBoxController.obj
 0001:00005b60       ??0PxGeometry@physx@@IEAA@W4Enum@PxGeometryType@1@@Z 0000000180006b60 f i CctBoxController.obj
 0001:00005b80       ??0PxVec3@physx@@QEAA@AEBV01@@Z 0000000180006b80 f i CctBoxController.obj
 0001:00005be0       ??0PxVec3@physx@@QEAA@MMM@Z 0000000180006be0 f i CctBoxController.obj
 0001:00005c40       ??1PxBoxController@physx@@MEAA@XZ 0000000180006c40 f i CctBoxController.obj
 0001:00005c70       ??1PxController@physx@@MEAA@XZ 0000000180006c70 f i CctBoxController.obj
 0001:00005c90       ??1PxControllerManager@physx@@MEAA@XZ 0000000180006c90 f i CctBoxController.obj
 0001:00005cb0       ??1PxFoundation@physx@@MEAA@XZ 0000000180006cb0 f i CctBoxController.obj
 0001:00005cd0       ??3UserAllocated@shdfnd@physx@@SAXPEAX@Z 0000000180006cd0 f i CctBoxController.obj
 0001:00005d00       ??4Allocator@shdfnd@physx@@QEAAAEAV012@$$QEAV012@@Z 0000000180006d00 f i CctBoxController.obj
 0001:00005d20       ??4Allocator@shdfnd@physx@@QEAAAEAV012@AEBV012@@Z 0000000180006d20 f i CctBoxController.obj
 0001:00005d40       ??4MutexImpl@shdfnd@physx@@QEAAAEAV012@AEBV012@@Z 0000000180006d40 f i CctBoxController.obj
 0001:00005d60       ??4PxControllerManager@physx@@QEAAAEAV01@AEBV01@@Z 0000000180006d60 f i CctBoxController.obj
 0001:00005d80       ??4PxFoundation@physx@@QEAAAEAV01@AEBV01@@Z 0000000180006d80 f i CctBoxController.obj
 0001:00005da0       ??4PxQuat@physx@@QEAAAEAV01@AEBV01@@Z 0000000180006da0 f i CctBoxController.obj
 0001:00005e20       ??4PxVec3@physx@@QEAAAEAV01@AEBV01@@Z 0000000180006e20 f i CctBoxController.obj
 0001:00005e80       ??DPxVec3@physx@@QEBA?AV01@M@Z 0000000180006e80 f i CctBoxController.obj
 0001:00005f10       ??GPxExtendedVec3@physx@@QEBA?AVPxVec3@1@AEBU01@@Z 0000000180006f10 f i CctBoxController.obj
 0001:00005fc0       ??HPxExtendedVec3@physx@@QEBA?AU01@AEBU01@@Z 0000000180006fc0 f i CctBoxController.obj
 0001:00006060       ??XPxExtendedVec3@physx@@QEAAAEAU01@AEBM@Z 0000000180007060 f i CctBoxController.obj
 0001:00006100       ??XPxVec3@physx@@QEAAAEAV01@M@Z 0000000180007100 f i CctBoxController.obj
 0001:00006180       ??YPxExtendedVec3@physx@@QEAAAEAU01@AEBVPxVec3@1@@Z 0000000180007180 f i CctBoxController.obj
 0001:00006220       ??ZPxExtendedVec3@physx@@QEAAAEAU01@AEBVPxVec3@1@@Z 0000000180007220 f i CctBoxController.obj
 0001:000062bc       ??_EBoxController@Cct@physx@@W7EAAPEAXI@Z 00000001800072bc f i CctBoxController.obj
 0001:000062d0       ??_EPxControllerManager@physx@@MEAAPEAXI@Z 00000001800072d0 f i CctBoxController.obj
 0001:000063a0       ??_EPxFoundation@physx@@MEAAPEAXI@Z 00000001800073a0 f i CctBoxController.obj
 0001:00006470       ??_FAllocator@shdfnd@physx@@QEAAXXZ 0000000180007470 f i CctBoxController.obj
 0001:00006490       ??_FNamedAllocator@shdfnd@physx@@QEAAXXZ 0000000180007490 f i CctBoxController.obj
 0001:000064b0       ??_GBoxController@Cct@physx@@UEAAPEAXI@Z 00000001800074b0 f i CctBoxController.obj
 0001:000064b0       ??_EBoxController@Cct@physx@@UEAAPEAXI@Z 00000001800074b0 f i CctBoxController.obj
 0001:00006520       ??_GPxBoxController@physx@@MEAAPEAXI@Z 0000000180007520 f i CctBoxController.obj
 0001:00006520       ??_EPxBoxController@physx@@MEAAPEAXI@Z 0000000180007520 f i CctBoxController.obj
 0001:00006570       ??_GPxController@physx@@MEAAPEAXI@Z 0000000180007570 f i CctBoxController.obj
 0001:00006570       ??_EPxController@physx@@MEAAPEAXI@Z 0000000180007570 f i CctBoxController.obj
 0001:000065c0       ??_GPxControllerManager@physx@@MEAAPEAXI@Z 00000001800075c0 f i CctBoxController.obj
 0001:00006610       ??_GPxFoundation@physx@@MEAAPEAXI@Z 0000000180007610 f i CctBoxController.obj
 0001:00006660       ??_H@YAXPEAX_K1P6APEAX0@Z@Z 0000000180007660 f i CctBoxController.obj
 0001:00006700       ??_I@YAXPEAX_K1P6AX0@Z@Z   0000000180007700 f i CctBoxController.obj
 0001:000067c0       ?__empty_global_delete@@YAXPEAX@Z 00000001800077c0 f i CctBoxController.obj
 0001:000067d0       ?__empty_global_delete@@YAXPEAX_K@Z 00000001800077d0 f i CctBoxController.obj
 0001:000067d0       ?__global_delete@@YAXPEAX_K@Z 00000001800077d0 f i CctBoxController.obj
 0001:000067e0       ?deallocate@NonTrackingAllocator@shdfnd@physx@@QEAAXPEAX@Z 00000001800077e0 f i CctBoxController.obj
 0001:00006830       ?getActor@BoxController@Cct@physx@@UEBAPEAVPxRigidDynamic@3@XZ 0000000180007830 f i CctBoxController.obj
 0001:00006850       ?getCenter@physx@@YAXAEBUPxExtendedBounds3@1@AEAUPxExtendedVec3@1@@Z 0000000180007850 f i CctBoxController.obj
 0001:000068d0       ?getContactOffset@BoxController@Cct@physx@@UEBAMXZ 00000001800078d0 f i CctBoxController.obj
 0001:000068f0       ?getExtents@physx@@YAXAEBUPxExtendedBounds3@1@AEAVPxVec3@1@@Z 00000001800078f0 f i CctBoxController.obj
 0001:00006950       ?getHalfHeightInternal@BoxController@Cct@physx@@UEBAMXZ 0000000180007950 f i CctBoxController.obj
 0001:00006970       ?getNonWalkableMode@BoxController@Cct@physx@@UEBA?AW4Enum@PxControllerNonWalkableMode@3@XZ 0000000180007970 f i CctBoxController.obj
 0001:00006990       ?getPosition@BoxController@Cct@physx@@UEBAAEBUPxExtendedVec3@3@XZ 0000000180007990 f i CctBoxController.obj
 0001:000069b0       ?getPxController@BoxController@Cct@physx@@UEAAPEAVPxController@3@XZ 00000001800079b0 f i CctBoxController.obj
 0001:000069d0       ?getScene@BoxController@Cct@physx@@UEAAPEAVPxScene@3@XZ 00000001800079d0 f i CctBoxController.obj
 0001:000069f0       ?getSlopeLimit@BoxController@Cct@physx@@UEBAMXZ 00000001800079f0 f i CctBoxController.obj
 0001:00006a10       ?getState@BoxController@Cct@physx@@UEBAXAEAUPxControllerState@3@@Z 0000000180007a10 f i CctBoxController.obj
 0001:00006a50       ?getStats@BoxController@Cct@physx@@UEBAXAEAUPxControllerStats@3@@Z 0000000180007a50 f i CctBoxController.obj
 0001:00006a90       ?getStepOffset@BoxController@Cct@physx@@UEBAMXZ 0000000180007a90 f i CctBoxController.obj
 0001:00006ab0       ?getType@BoxController@Cct@physx@@UEBA?AW4Enum@PxControllerShapeType@3@XZ 0000000180007ab0 f i CctBoxController.obj
 0001:00006ad0       ?getUpDirection@BoxController@Cct@physx@@UEBA?AVPxVec3@3@XZ 0000000180007ad0 f i CctBoxController.obj
 0001:00006b10       ?getUserData@BoxController@Cct@physx@@UEBAPEAXXZ 0000000180007b10 f i CctBoxController.obj
 0001:00006b30       ?lock@?$MutexT@V?$ReflectionAllocator@VMutexImpl@shdfnd@physx@@@shdfnd@physx@@@shdfnd@physx@@QEBAXXZ 0000000180007b30 f i CctBoxController.obj
 0001:00006b60       ?release@BoxController@Cct@physx@@UEAAXXZ 0000000180007b60 f i CctBoxController.obj
 0001:00006b90       ?setCenterExtents@physx@@YAXAEAUPxExtendedBounds3@1@AEBUPxExtendedVec3@1@AEBVPxVec3@1@@Z 0000000180007b90 f i CctBoxController.obj
 0001:00006c20       ?setContactOffset@BoxController@Cct@physx@@UEAAXM@Z 0000000180007c20 f i CctBoxController.obj
 0001:00006c60       ?setNonWalkableMode@BoxController@Cct@physx@@UEAAXW4Enum@PxControllerNonWalkableMode@3@@Z 0000000180007c60 f i CctBoxController.obj
 0001:00006c80       ?setPosition@BoxController@Cct@physx@@UEAA_NAEBUPxExtendedVec3@3@@Z 0000000180007c80 f i CctBoxController.obj
 0001:00006cc0       ?setSlopeLimit@BoxController@Cct@physx@@UEAAXM@Z 0000000180007cc0 f i CctBoxController.obj
 0001:00006d00       ?setStepOffset@BoxController@Cct@physx@@UEAAXM@Z 0000000180007d00 f i CctBoxController.obj
 0001:00006d40       ?setUpDirection@BoxController@Cct@physx@@UEAAXAEBVPxVec3@3@@Z 0000000180007d40 f i CctBoxController.obj
 0001:00006d80       ?setUserData@BoxController@Cct@physx@@UEAAXPEAX@Z 0000000180007d80 f i CctBoxController.obj
 0001:00006da0       ?unlock@?$MutexT@V?$ReflectionAllocator@VMutexImpl@shdfnd@physx@@@shdfnd@physx@@@shdfnd@physx@@QEBAXXZ 0000000180007da0 f i CctBoxController.obj
 0001:00006dd0       ??0CapsuleController@Cct@physx@@QEAA@AEBVPxControllerDesc@2@AEAVPxPhysics@2@PEAVPxScene@2@@Z 0000000180007dd0 f   CctCapsuleController.obj
 0001:00006f20       ??1CapsuleController@Cct@physx@@UEAA@XZ 0000000180007f20 f   CctCapsuleController.obj
 0001:00006f70       ?getWorldBox@CapsuleController@Cct@physx@@UEBA_NAEAUPxExtendedBounds3@3@@Z 0000000180007f70 f   CctCapsuleController.obj
 0001:00007000       ?setFootPosition@CapsuleController@Cct@physx@@UEAA_NAEBUPxExtendedVec3@3@@Z 0000000180008000 f   CctCapsuleController.obj
 0001:000070a0       ?getFootPosition@CapsuleController@Cct@physx@@UEBA?AUPxExtendedVec3@3@XZ 00000001800080a0 f   CctCapsuleController.obj
 0001:00007150       ?invalidateCache@CapsuleController@Cct@physx@@UEAAXXZ 0000000180008150 f   CctCapsuleController.obj
 0001:000071d0       ?resize@CapsuleController@Cct@physx@@UEAAXM@Z 00000001800081d0 f   CctCapsuleController.obj
 0001:000072d0       ?getClimbingMode@CapsuleController@Cct@physx@@UEBA?AW4Enum@PxCapsuleClimbingMode@3@XZ 00000001800082d0 f   CctCapsuleController.obj
 0001:000072f0       ?setRadius@CapsuleController@Cct@physx@@UEAA_NM@Z 00000001800082f0 f   CctCapsuleController.obj
 0001:00007400       ?setHeight@CapsuleController@Cct@physx@@UEAA_NM@Z 0000000180008400 f   CctCapsuleController.obj
 0001:00007510       ?setClimbingMode@CapsuleController@Cct@physx@@UEAA_NW4Enum@PxCapsuleClimbingMode@3@@Z 0000000180008510 f   CctCapsuleController.obj
 0001:00007540       ?getCapsule@CapsuleController@Cct@physx@@QEBAXAEAUPxExtendedCapsule@3@@Z 0000000180008540 f   CctCapsuleController.obj
 0001:000078d0       ??0PxCapsuleController@physx@@IEAA@XZ 00000001800088d0 f i CctCapsuleController.obj
 0001:00007910       ??0PxCapsuleGeometry@physx@@QEAA@XZ 0000000180008910 f i CctCapsuleController.obj
 0001:00007960       ??1PxCapsuleController@physx@@MEAA@XZ 0000000180008960 f i CctCapsuleController.obj
 0001:00007990       ??_ECapsuleController@Cct@physx@@W7EAAPEAXI@Z 0000000180008990 f i CctCapsuleController.obj
 0001:000079a0       ??_ECapsuleController@Cct@physx@@UEAAPEAXI@Z 00000001800089a0 f i CctCapsuleController.obj
 0001:000079a0       ??_GCapsuleController@Cct@physx@@UEAAPEAXI@Z 00000001800089a0 f i CctCapsuleController.obj
 0001:00007a10       ??_GPxCapsuleController@physx@@MEAAPEAXI@Z 0000000180008a10 f i CctCapsuleController.obj
 0001:00007a10       ??_EPxCapsuleController@physx@@MEAAPEAXI@Z 0000000180008a10 f i CctCapsuleController.obj
 0001:00007a60       ?getActor@CapsuleController@Cct@physx@@UEBAPEAVPxRigidDynamic@3@XZ 0000000180008a60 f i CctCapsuleController.obj
 0001:00007a80       ?getContactOffset@CapsuleController@Cct@physx@@UEBAMXZ 0000000180008a80 f i CctCapsuleController.obj
 0001:00007aa0       ?getHalfHeightInternal@CapsuleController@Cct@physx@@UEBAMXZ 0000000180008aa0 f i CctCapsuleController.obj
 0001:00007ae0       ?getHeight@CapsuleController@Cct@physx@@UEBAMXZ 0000000180008ae0 f i CctCapsuleController.obj
 0001:00007b00       ?getNonWalkableMode@CapsuleController@Cct@physx@@UEBA?AW4Enum@PxControllerNonWalkableMode@3@XZ 0000000180008b00 f i CctCapsuleController.obj
 0001:00007b20       ?getPosition@CapsuleController@Cct@physx@@UEBAAEBUPxExtendedVec3@3@XZ 0000000180008b20 f i CctCapsuleController.obj
 0001:00007b40       ?getPxController@CapsuleController@Cct@physx@@UEAAPEAVPxController@3@XZ 0000000180008b40 f i CctCapsuleController.obj
 0001:00007b60       ?getRadius@CapsuleController@Cct@physx@@UEBAMXZ 0000000180008b60 f i CctCapsuleController.obj
 0001:00007b80       ?getScene@CapsuleController@Cct@physx@@UEAAPEAVPxScene@3@XZ 0000000180008b80 f i CctCapsuleController.obj
 0001:00007ba0       ?getSlopeLimit@CapsuleController@Cct@physx@@UEBAMXZ 0000000180008ba0 f i CctCapsuleController.obj
 0001:00007bc0       ?getState@CapsuleController@Cct@physx@@UEBAXAEAUPxControllerState@3@@Z 0000000180008bc0 f i CctCapsuleController.obj
 0001:00007c00       ?getStats@CapsuleController@Cct@physx@@UEBAXAEAUPxControllerStats@3@@Z 0000000180008c00 f i CctCapsuleController.obj
 0001:00007c40       ?getStepOffset@CapsuleController@Cct@physx@@UEBAMXZ 0000000180008c40 f i CctCapsuleController.obj
 0001:00007c60       ?getType@CapsuleController@Cct@physx@@UEBA?AW4Enum@PxControllerShapeType@3@XZ 0000000180008c60 f i CctCapsuleController.obj
 0001:00007c80       ?getUpDirection@CapsuleController@Cct@physx@@UEBA?AVPxVec3@3@XZ 0000000180008c80 f i CctCapsuleController.obj
 0001:00007cc0       ?getUserData@CapsuleController@Cct@physx@@UEBAPEAXXZ 0000000180008cc0 f i CctCapsuleController.obj
 0001:00007ce0       ?release@CapsuleController@Cct@physx@@UEAAXXZ 0000000180008ce0 f i CctCapsuleController.obj
 0001:00007d10       ?setContactOffset@CapsuleController@Cct@physx@@UEAAXM@Z 0000000180008d10 f i CctCapsuleController.obj
 0001:00007d50       ?setNonWalkableMode@CapsuleController@Cct@physx@@UEAAXW4Enum@PxControllerNonWalkableMode@3@@Z 0000000180008d50 f i CctCapsuleController.obj
 0001:00007d70       ?setPosition@CapsuleController@Cct@physx@@UEAA_NAEBUPxExtendedVec3@3@@Z 0000000180008d70 f i CctCapsuleController.obj
 0001:00007db0       ?setSlopeLimit@CapsuleController@Cct@physx@@UEAAXM@Z 0000000180008db0 f i CctCapsuleController.obj
 0001:00007df0       ?setStepOffset@CapsuleController@Cct@physx@@UEAAXM@Z 0000000180008df0 f i CctCapsuleController.obj
 0001:00007e30       ?setUpDirection@CapsuleController@Cct@physx@@UEAAXAEBVPxVec3@3@@Z 0000000180008e30 f i CctCapsuleController.obj
 0001:00007e70       ?setUserData@CapsuleController@Cct@physx@@UEAAXPEAX@Z 0000000180008e70 f i CctCapsuleController.obj
 0001:00007e90       ??0CCTParams@Cct@physx@@QEAA@XZ 0000000180008e90 f   CctCharacterController.obj
 0001:00007f60       ??0SweepTest@Cct@physx@@QEAA@_N@Z 0000000180008f60 f   CctCharacterController.obj
 0001:00008390       ??1SweepTest@Cct@physx@@QEAA@XZ 0000000180009390 f   CctCharacterController.obj
 0001:00008410       ?moveCharacter@SweepTest@Cct@physx@@QEAA?AV?$PxFlags@W4Enum@PxControllerCollisionFlag@physx@@E@3@PEBUInternalCBData_FindTouchedGeom@23@PEAUInternalCBData_OnHit@23@AEAVSweptVolume@23@AEBVPxVec3@3@AEBUUserObstacles@23@MAEBVPxControllerFilters@3@_N6AEAPEBVPxRigidActor@3@AEAPEBVPxShape@3@_K@Z 0000000180009410 f   CctCharacterController.obj
 0001:00009350       ?doSweepTest@SweepTest@Cct@physx@@QEAA_NPEBUInternalCBData_FindTouchedGeom@23@PEAUInternalCBData_OnHit@23@AEBUUserObstacles@23@AEAVSweptVolume@23@AEBVPxVec3@3@4IPEAIMAEBVPxControllerFilters@3@W4SweepPass@23@AEAPEBVPxRigidActor@3@AEAPEBVPxShape@3@_K@Z 000000018000a350 f   CctCharacterController.obj
 0001:0000a160       ?findTouchedObstacles@SweepTest@Cct@physx@@QEAAXAEBUUserObstacles@23@AEBUPxExtendedBounds3@3@@Z 000000018000b160 f   CctCharacterController.obj
 0001:0000a7c0       ?voidTestCache@SweepTest@Cct@physx@@QEAAXXZ 000000018000b7c0 f   CctCharacterController.obj
 0001:0000a820       ?onRelease@SweepTest@Cct@physx@@QEAAXAEBVPxBase@3@@Z 000000018000b820 f   CctCharacterController.obj
 0001:0000a8f0       ?updateCachedShapesRegistration@SweepTest@Cct@physx@@QEAAXI_N@Z 000000018000b8f0 f   CctCharacterController.obj
 0001:0000aa90       ?onObstacleRemoved@SweepTest@Cct@physx@@QEAAXI@Z 000000018000ba90 f   CctCharacterController.obj
 0001:0000aac0       ?onObstacleUpdated@SweepTest@Cct@physx@@QEAAXIPEBVPxObstacleContext@3@AEBVPxVec3@3@1M@Z 000000018000bac0 f   CctCharacterController.obj
 0001:0000acb0       ?onObstacleAdded@SweepTest@Cct@physx@@QEAAXIPEBVPxObstacleContext@3@AEBVPxVec3@3@1M@Z 000000018000bcb0 f   CctCharacterController.obj
 0001:0000aed0       ?onOriginShift@SweepTest@Cct@physx@@QEAAXAEBVPxVec3@3@@Z 000000018000bed0 f   CctCharacterController.obj
 0001:0000b050       ?updateTouchedGeoms@SweepTest@Cct@physx@@AEAAXPEBUInternalCBData_FindTouchedGeom@23@AEBUUserObstacles@23@AEBUPxExtendedBounds3@3@AEBVPxControllerFilters@3@AEBVPxVec3@3@@Z 000000018000c050 f   CctCharacterController.obj
 0001:0000b9f0       ?findTouchedObject@Controller@Cct@physx@@IEAAXAEBVPxControllerFilters@3@PEBVPxObstacleContext@3@AEBVPxVec3@3@@Z 000000018000c9f0 f   CctCharacterController.obj
 0001:0000c270       ?rideOnTouchedObject@Controller@Cct@physx@@IEAA_NAEAVSweptVolume@23@AEBVPxVec3@3@AEAV53@PEBVPxObstacleContext@3@@Z 000000018000d270 f   CctCharacterController.obj
 0001:0000c8f0       ?move@Controller@Cct@physx@@IEAA?AV?$PxFlags@W4Enum@PxControllerCollisionFlag@physx@@E@3@AEAVSweptVolume@23@AEBVPxVec3@3@MMAEBVPxControllerFilters@3@PEBVPxObstacleContext@3@_N@Z 000000018000d8f0 f   CctCharacterController.obj
 0001:0000e030       ?filterTouchedShape@Controller@Cct@physx@@IEAA_NAEBVPxControllerFilters@3@@Z 000000018000f030 f   CctCharacterController.obj
 0001:000116f0       ?move@BoxController@Cct@physx@@UEAA?AV?$PxFlags@W4Enum@PxControllerCollisionFlag@physx@@E@3@AEBVPxVec3@3@MMAEBVPxControllerFilters@3@PEBVPxObstacleContext@3@@Z 00000001800126f0 f   CctCharacterController.obj
 0001:00011870       ?move@CapsuleController@Cct@physx@@UEAA?AV?$PxFlags@W4Enum@PxControllerCollisionFlag@physx@@E@3@AEBVPxVec3@3@MMAEBVPxControllerFilters@3@PEBVPxObstacleContext@3@@Z 0000000180012870 f   CctCharacterController.obj
 0001:00014100       ??$PX_UNUSED@I@@YAXAEBI@Z  0000000180015100 f i CctCharacterController.obj
 0001:00014110       ??$PX_UNUSED@PEBUPxRaycastHit@physx@@@@YAXAEBQEBUPxRaycastHit@physx@@@Z 0000000180015110 f i CctCharacterController.obj
 0001:00014120       ??$PX_UNUSED@W4PxIDENTITY@physx@@@@YAXAEBW4PxIDENTITY@physx@@@Z 0000000180015120 f i CctCharacterController.obj
 0001:00014130       ??$PX_UNUSED@_K@@YAXAEB_K@Z 0000000180015130 f i CctCharacterController.obj
 0001:00014140       ??$PxMax@I@physx@@YAIII@Z  0000000180015140 f i CctCharacterController.obj
 0001:00014180       ??$PxMax@N@physx@@YANNN@Z  0000000180015180 f i CctCharacterController.obj
 0001:000141d0       ??$PxMin@N@physx@@YANNN@Z  00000001800151d0 f i CctCharacterController.obj
 0001:00014220       ??$PxUnionCast@PEBVPxGeometry@physx@@PEAY03$$CBE@physx@@YAPEBVPxGeometry@0@PEAY03$$CBE@Z 0000000180015220 f i CctCharacterController.obj
 0001:00014250       ??0?$Array@IVNamedAllocator@shdfnd@physx@@@shdfnd@physx@@QEAA@AEBVNamedAllocator@12@@Z 0000000180015250 f i CctCharacterController.obj
 0001:000142b0       ??0?$Array@VPxTriangle@physx@@VNamedAllocator@shdfnd@2@@shdfnd@physx@@QEAA@AEBVNamedAllocator@12@@Z 00000001800152b0 f i CctCharacterController.obj
 0001:00014310       ??0?$PxFlags@W4Enum@PxControllerCollisionFlag@physx@@E@physx@@QEAA@AEBV01@@Z 0000000180015310 f i CctCharacterController.obj
 0001:00014340       ??0?$PxFlags@W4Enum@PxControllerCollisionFlag@physx@@E@physx@@QEAA@E@Z 0000000180015340 f i CctCharacterController.obj
 0001:00014370       ??0?$PxFlags@W4Enum@PxHitFlag@physx@@G@physx@@QEAA@AEBV01@@Z 0000000180015370 f i CctCharacterController.obj
 0001:000143a0       ??0?$PxFlags@W4Enum@PxHitFlag@physx@@G@physx@@QEAA@G@Z 00000001800153a0 f i CctCharacterController.obj
 0001:000143d0       ??0?$PxFlags@W4Enum@PxHitFlag@physx@@G@physx@@QEAA@W4Enum@PxHitFlag@1@@Z 00000001800153d0 f i CctCharacterController.obj
 0001:00014400       ??0?$PxFlags@W4Enum@PxQueryFlag@physx@@G@physx@@QEAA@AEBV01@@Z 0000000180015400 f i CctCharacterController.obj
 0001:00014430       ??0?$PxFlags@W4Enum@PxQueryFlag@physx@@G@physx@@QEAA@W4Enum@PxQueryFlag@1@@Z 0000000180015430 f i CctCharacterController.obj
 0001:00014460       ??0?$PxFlags@W4Enum@PxQueryFlag@physx@@G@physx@@QEAA@XZ 0000000180015460 f i CctCharacterController.obj
 0001:00014480       ??0?$PxFlags@W4Enum@PxRigidBodyFlag@physx@@E@physx@@QEAA@AEBV01@@Z 0000000180015480 f i CctCharacterController.obj
 0001:000144b0       ??0?$PxFlags@W4Enum@PxShapeFlag@physx@@E@physx@@QEAA@AEBV01@@Z 00000001800154b0 f i CctCharacterController.obj
 0001:000144e0       ??0?$PxHitBuffer@UPxRaycastHit@physx@@@physx@@QEAA@PEAUPxRaycastHit@1@I@Z 00000001800154e0 f i CctCharacterController.obj
 0001:00014530       ??0?$PxHitCallback@UPxRaycastHit@physx@@@physx@@QEAA@PEAUPxRaycastHit@1@I@Z 0000000180015530 f i CctCharacterController.obj
 0001:000145c0       ??0?$TouchedObject@VPxRigidActor@physx@@@Cct@physx@@QEAA@_N@Z 00000001800155c0 f i CctCharacterController.obj
 0001:00014610       ??0?$TouchedObject@VPxShape@physx@@@Cct@physx@@QEAA@_N@Z 0000000180015610 f i CctCharacterController.obj
 0001:00014690       ??0CCTFilter@Cct@physx@@QEAA@XZ 0000000180015690 f i CctCharacterController.obj
 0001:00014700       ??0ControllerFilter@@QEAA@XZ 0000000180015700 f i CctCharacterController.obj
 0001:00014750       ??0DebugBox@Cm@physx@@QEAA@AEBVPxBounds3@2@_N@Z 0000000180015750 f i CctCharacterController.obj
 0001:000147c0       ??0DebugBox@Cm@physx@@QEAA@AEBVPxVec3@2@_N@Z 00000001800157c0 f i CctCharacterController.obj
 0001:00014830       ??0PxActorShape@physx@@QEAA@XZ 0000000180015830 f i CctCharacterController.obj
 0001:00014860       ??0PxBounds3@physx@@QEAA@AEBVPxVec3@1@0@Z 0000000180015860 f i CctCharacterController.obj
 0001:000148c0       ??0PxBoxGeometry@physx@@QEAA@VPxVec3@1@@Z 00000001800158c0 f i CctCharacterController.obj
 0001:00014910       ??0PxCapsuleGeometry@physx@@QEAA@MM@Z 0000000180015910 f i CctCharacterController.obj
 0001:00014980       ??0PxExtendedBox@physx@@QEAA@AEBV01@@Z 0000000180015980 f i CctCharacterController.obj
 0001:00014a00       ??0PxExtendedBox@physx@@QEAA@XZ 0000000180015a00 f i CctCharacterController.obj
 0001:00014a60       ??0PxExtendedCapsule@physx@@QEAA@XZ 0000000180015a60 f i CctCharacterController.obj
 0001:00014a90       ??0PxExtendedSegment@physx@@QEAA@XZ 0000000180015a90 f i CctCharacterController.obj
 0001:00014ad0       ??0PxFilterData@physx@@QEAA@XZ 0000000180015ad0 f i CctCharacterController.obj
 0001:00014b20       ??0PxLocationHit@physx@@QEAA@XZ 0000000180015b20 f i CctCharacterController.obj
 0001:00014bb0       ??0PxMat33@physx@@QEAA@AEBVPxQuat@1@@Z 0000000180015bb0 f i CctCharacterController.obj
 0001:00014ef0       ??0PxMat33@physx@@QEAA@W4PxIDENTITY@1@@Z 0000000180015ef0 f i CctCharacterController.obj
 0001:00014f90       ??0PxMat44@physx@@QEAA@AEBVPxMat33@1@AEBVPxVec3@1@@Z 0000000180015f90 f i CctCharacterController.obj
 0001:00015040       ??0PxMat44@physx@@QEAA@AEBVPxTransform@1@@Z 0000000180016040 f i CctCharacterController.obj
 0001:00015130       ??0PxProfileScoped@physx@@QEAA@PEBD_N_K@Z 0000000180016130 f i CctCharacterController.obj
 0001:00015200       ??0PxQuat@physx@@QEAA@AEBV01@@Z 0000000180016200 f i CctCharacterController.obj
 0001:00015280       ??0PxQuat@physx@@QEAA@MMMM@Z 0000000180016280 f i CctCharacterController.obj
 0001:00015300       ??0PxQuat@physx@@QEAA@W4PxIDENTITY@1@@Z 0000000180016300 f i CctCharacterController.obj
 0001:00015370       ??0PxQuat@physx@@QEAA@XZ   0000000180016370 f i CctCharacterController.obj
 0001:00015380       ??0PxQueryFilterCallback@physx@@QEAA@XZ 0000000180016380 f i CctCharacterController.obj
 0001:000153a0       ??0PxQueryFilterData@physx@@QEAA@AEBUPxFilterData@1@V?$PxFlags@W4Enum@PxQueryFlag@physx@@G@1@@Z 00000001800163a0 f i CctCharacterController.obj
 0001:00015410       ??0PxQueryHit@physx@@QEAA@XZ 0000000180016410 f i CctCharacterController.obj
 0001:00015450       ??0PxRaycastHit@physx@@QEAA@XZ 0000000180016450 f i CctCharacterController.obj
 0001:000154a0       ??0PxSphereGeometry@physx@@QEAA@XZ 00000001800164a0 f i CctCharacterController.obj
 0001:000154e0       ??0PxSweepHit@physx@@QEAA@XZ 00000001800164e0 f i CctCharacterController.obj
 0001:00015510       ??0PxTransform@physx@@QEAA@AEBVPxVec3@1@AEBVPxQuat@1@@Z 0000000180016510 f i CctCharacterController.obj
 0001:000155e0       ??0PxTransform@physx@@QEAA@XZ 00000001800165e0 f i CctCharacterController.obj
 0001:00015620       ??0PxVec3@physx@@QEAA@M@Z  0000000180016620 f i CctCharacterController.obj
 0001:00015670       ??0PxVec3@physx@@QEAA@XZ   0000000180016670 f i CctCharacterController.obj
 0001:00015680       ??0PxVec4@physx@@QEAA@AEBVPxVec3@1@M@Z 0000000180016680 f i CctCharacterController.obj
 0001:00015700       ??0PxVec4@physx@@QEAA@XZ   0000000180016700 f i CctCharacterController.obj
 0001:00015710       ??0SIMDGuard@shdfnd@physx@@QEAA@XZ 0000000180016710 f i CctCharacterController.obj
 0001:00015750       ??0SweptContact@Cct@physx@@QEAA@XZ 0000000180016750 f i CctCharacterController.obj
 0001:00015790       ??0TriArray@Cct@physx@@QEAA@XZ 0000000180016790 f i CctCharacterController.obj
 0001:000157e0       ??1?$Array@IVNamedAllocator@shdfnd@physx@@@shdfnd@physx@@QEAA@XZ 00000001800167e0 f i CctCharacterController.obj
 0001:00015870       ??1?$Array@VPxTriangle@physx@@VNamedAllocator@shdfnd@2@@shdfnd@physx@@QEAA@XZ 0000000180016870 f i CctCharacterController.obj
 0001:00015900       ??1?$PxHitBuffer@UPxRaycastHit@physx@@@physx@@UEAA@XZ 0000000180016900 f i CctCharacterController.obj
 0001:00015930       ??1?$PxHitCallback@UPxRaycastHit@physx@@@physx@@UEAA@XZ 0000000180016930 f i CctCharacterController.obj
 0001:00015950       ??1ControllerFilter@@UEAA@XZ 0000000180016950 f i CctCharacterController.obj
 0001:00015970       ??1PxExtendedBox@physx@@QEAA@XZ 0000000180016970 f i CctCharacterController.obj
 0001:00015980       ??1PxProfileScoped@physx@@QEAA@XZ 0000000180016980 f i CctCharacterController.obj
 0001:000159f0       ??1PxQueryFilterCallback@physx@@UEAA@XZ 00000001800169f0 f i CctCharacterController.obj
 0001:00015a10       ??1PxTriangle@physx@@QEAA@XZ 0000000180016a10 f i CctCharacterController.obj
 0001:00015a20       ??1SIMDGuard@shdfnd@physx@@QEAA@XZ 0000000180016a20 f i CctCharacterController.obj
 0001:00015a50       ??1TriArray@Cct@physx@@QEAA@XZ 0000000180016a50 f i CctCharacterController.obj
 0001:00015a70       ??2@YAPEAX_KPEAX@Z         0000000180016a70 f i CctCharacterController.obj
 0001:00015a90       ??4?$PxFlags@W4Enum@PxControllerCollisionFlag@physx@@E@physx@@QEAAAEAV01@AEBV01@@Z 0000000180016a90 f i CctCharacterController.obj
 0001:00015ac0       ??4?$PxFlags@W4Enum@PxHitFlag@physx@@G@physx@@QEAAAEAV01@AEBV01@@Z 0000000180016ac0 f i CctCharacterController.obj
 0001:00015af0       ??4?$PxFlags@W4Enum@PxQueryFlag@physx@@G@physx@@QEAAAEAV01@AEBV01@@Z 0000000180016af0 f i CctCharacterController.obj
 0001:00015b20       ??4?$TouchedObject@VPxRigidActor@physx@@@Cct@physx@@QEAAAEAU012@PEBVPxRigidActor@2@@Z 0000000180016b20 f i CctCharacterController.obj
 0001:00015bc0       ??4?$TouchedObject@VPxShape@physx@@@Cct@physx@@QEAAAEAU012@PEBVPxShape@2@@Z 0000000180016bc0 f i CctCharacterController.obj
 0001:00015c60       ??4CCTParams@Cct@physx@@QEAAAEAU012@AEBU012@@Z 0000000180016c60 f i CctCharacterController.obj
 0001:00015dd0       ??4FPUGuard@shdfnd@physx@@QEAAAEAV012@AEBV012@@Z 0000000180016dd0 f i CctCharacterController.obj
 0001:00015e00       ??4PxExtendedBox@physx@@QEAAAEAV01@AEBV01@@Z 0000000180016e00 f i CctCharacterController.obj
 0001:00015e80       ??4PxLocationHit@physx@@QEAAAEAU01@AEBU01@@Z 0000000180016e80 f i CctCharacterController.obj
 0001:00015f40       ??4PxMat44@physx@@QEAAAEAV01@AEBV01@@Z 0000000180016f40 f i CctCharacterController.obj
 0001:00015fe0       ??4PxRaycastHit@physx@@QEAAAEAU01@AEBU01@@Z 0000000180016fe0 f i CctCharacterController.obj
 0001:00016050       ??4PxTransform@physx@@QEAAAEAV01@$$QEAV01@@Z 0000000180017050 f i CctCharacterController.obj
 0001:000160b0       ??4PxVec4@physx@@QEAAAEAV01@AEBV01@@Z 00000001800170b0 f i CctCharacterController.obj
 0001:00016130       ??4SweptContact@Cct@physx@@QEAAAEAU012@AEBU012@@Z 0000000180017130 f i CctCharacterController.obj
 0001:000161e0       ??8?$TouchedObject@VPxRigidActor@physx@@@Cct@physx@@QEAA_NPEBVPxBase@2@@Z 00000001800171e0 f i CctCharacterController.obj
 0001:00016230       ??8?$TouchedObject@VPxShape@physx@@@Cct@physx@@QEAA_NPEBVPxBase@2@@Z 0000000180017230 f i CctCharacterController.obj
 0001:00016280       ??8?$TouchedObject@VPxShape@physx@@@Cct@physx@@QEAA_NPEBVPxShape@2@@Z 0000000180017280 f i CctCharacterController.obj
 0001:000162d0       ??A?$Array@IVNamedAllocator@shdfnd@physx@@@shdfnd@physx@@QEAAAEAII@Z 00000001800172d0 f i CctCharacterController.obj
 0001:00016370       ??A?$Array@IVNamedAllocator@shdfnd@physx@@@shdfnd@physx@@QEBAAEBII@Z 0000000180017370 f i CctCharacterController.obj
 0001:00016410       ??A?$Array@UInternalBoxObstacle@ObstacleContext@Cct@physx@@VNamedAllocator@shdfnd@4@@shdfnd@physx@@QEBAAEBUInternalBoxObstacle@ObstacleContext@Cct@2@I@Z 0000000180017410 f i CctCharacterController.obj
 0001:000164b0       ??A?$Array@UInternalCapsuleObstacle@ObstacleContext@Cct@physx@@VNamedAllocator@shdfnd@4@@shdfnd@physx@@QEBAAEBUInternalCapsuleObstacle@ObstacleContext@Cct@2@I@Z 00000001800174b0 f i CctCharacterController.obj
 0001:00016550       ??A?$Array@VPxTriangle@physx@@VNamedAllocator@shdfnd@2@@shdfnd@physx@@QEBAAEBVPxTriangle@2@I@Z 0000000180017550 f i CctCharacterController.obj
 0001:000165f0       ??B?$PxFlags@W4Enum@PxControllerBehaviorFlag@physx@@E@physx@@QEBAIXZ 00000001800175f0 f i CctCharacterController.obj
 0001:00016610       ??B?$PxFlags@W4Enum@PxControllerDebugRenderFlag@physx@@I@physx@@QEBAIXZ 0000000180017610 f i CctCharacterController.obj
 0001:00016620       ??B?$PxFlags@W4Enum@PxQueryFlag@physx@@G@physx@@QEBA_NXZ 0000000180017620 f i CctCharacterController.obj
 0001:00016660       ??B?$PxFlags@W4Enum@PxRigidBodyFlag@physx@@E@physx@@QEBA_NXZ 0000000180017660 f i CctCharacterController.obj
 0001:000166a0       ??B?$PxFlags@W4Enum@PxShapeFlag@physx@@E@physx@@QEBA_NXZ 00000001800176a0 f i CctCharacterController.obj
 0001:000166e0       ??B?$TouchedObject@VPxRigidActor@physx@@@Cct@physx@@QEBA_NXZ 00000001800176e0 f i CctCharacterController.obj
 0001:00016720       ??B?$TouchedObject@VPxShape@physx@@@Cct@physx@@QEBA_NXZ 0000000180017720 f i CctCharacterController.obj
 0001:00016760       ??C?$TouchedObject@VPxRigidActor@physx@@@Cct@physx@@QEBAPEBVPxRigidActor@2@XZ 0000000180017760 f i CctCharacterController.obj
 0001:00016780       ??C?$TouchedObject@VPxShape@physx@@@Cct@physx@@QEBAPEBVPxShape@2@XZ 0000000180017780 f i CctCharacterController.obj
 0001:000167a0       ??DPxQuat@physx@@QEBA?AV01@AEBV01@@Z 00000001800177a0 f i CctCharacterController.obj
 0001:000169b0       ??DPxTransform@physx@@QEBA?AV01@AEBV01@@Z 00000001800179b0 f i CctCharacterController.obj
 0001:00016a60       ??GPxVec3@physx@@QEBA?AV01@AEBV01@@Z 0000000180017a60 f i CctCharacterController.obj
 0001:00016b00       ??GPxVec3@physx@@QEBA?AV01@XZ 0000000180017b00 f i CctCharacterController.obj
 0001:00016b90       ??HPxVec3@physx@@QEBA?AV01@AEBV01@@Z 0000000180017b90 f i CctCharacterController.obj
 0001:00016c30       ??I?$PxFlags@W4Enum@PxQueryFlag@physx@@G@physx@@QEBA?AV01@W4Enum@PxQueryFlag@1@@Z 0000000180017c30 f i CctCharacterController.obj
 0001:00016ca0       ??I?$PxFlags@W4Enum@PxRigidBodyFlag@physx@@E@physx@@QEBA?AV01@W4Enum@PxRigidBodyFlag@1@@Z 0000000180017ca0 f i CctCharacterController.obj
 0001:00016d00       ??I?$PxFlags@W4Enum@PxShapeFlag@physx@@E@physx@@QEBA?AV01@W4Enum@PxShapeFlag@1@@Z 0000000180017d00 f i CctCharacterController.obj
 0001:00016d60       ??R?$Hash@PEAVPxShape@physx@@@shdfnd@physx@@QEBAIAEBQEAVPxShape@2@@Z 0000000180017d60 f i CctCharacterController.obj
 0001:00016d90       ??RGetKey@?$HashSetBase@PEAVPxShape@physx@@U?$Hash@PEAVPxShape@physx@@@shdfnd@2@VNonTrackingAllocator@42@$0A@@internal@shdfnd@physx@@QEAAAEBQEAVPxShape@4@AEBQEAV54@@Z 0000000180017d90 f i CctCharacterController.obj
 0001:00016db0       ??U?$PxFlags@W4Enum@PxQueryFlag@physx@@G@physx@@QEBA?AV01@W4Enum@PxQueryFlag@1@@Z 0000000180017db0 f i CctCharacterController.obj
 0001:00016e10       ??Uphysx@@YA?AV?$PxFlags@W4Enum@PxQueryFlag@physx@@G@0@W4Enum@PxQueryFlag@0@0@Z 0000000180017e10 f i CctCharacterController.obj
 0001:00016e70       ??YPxVec3@physx@@QEAAAEAV01@AEBV01@@Z 0000000180017e70 f i CctCharacterController.obj
 0001:00016ef0       ??ZPxVec3@physx@@QEAAAEAV01@AEBV01@@Z 0000000180017ef0 f i CctCharacterController.obj
 0001:00016f70       ??_0PxVec3@physx@@QEAAAEAV01@M@Z 0000000180017f70 f i CctCharacterController.obj
 0001:00017000       ??_5?$PxFlags@W4Enum@PxControllerCollisionFlag@physx@@E@physx@@QEAAAEAV01@W4Enum@PxControllerCollisionFlag@1@@Z 0000000180018000 f i CctCharacterController.obj
 0001:00017030       ??_5?$PxFlags@W4Enum@PxHitFlag@physx@@G@physx@@QEAAAEAV01@W4Enum@PxHitFlag@1@@Z 0000000180018030 f i CctCharacterController.obj
 0001:00017070       ??_5?$PxFlags@W4Enum@PxQueryFlag@physx@@G@physx@@QEAAAEAV01@W4Enum@PxQueryFlag@1@@Z 0000000180018070 f i CctCharacterController.obj
 0001:000170b0       ??_E?$PxHitBuffer@UPxRaycastHit@physx@@@physx@@UEAAPEAXI@Z 00000001800180b0 f i CctCharacterController.obj
 0001:000170b0       ??_G?$PxHitBuffer@UPxRaycastHit@physx@@@physx@@UEAAPEAXI@Z 00000001800180b0 f i CctCharacterController.obj
 0001:00017100       ??_G?$PxHitCallback@UPxRaycastHit@physx@@@physx@@UEAAPEAXI@Z 0000000180018100 f i CctCharacterController.obj
 0001:00017100       ??_E?$PxHitCallback@UPxRaycastHit@physx@@@physx@@UEAAPEAXI@Z 0000000180018100 f i CctCharacterController.obj
 0001:00017150       ??_GControllerFilter@@UEAAPEAXI@Z 0000000180018150 f i CctCharacterController.obj
 0001:00017150       ??_EControllerFilter@@UEAAPEAXI@Z 0000000180018150 f i CctCharacterController.obj
 0001:000171a0       ??_GPxExtendedBox@physx@@QEAAPEAXI@Z 00000001800181a0 f i CctCharacterController.obj
 0001:000171f0       ??_GPxQueryFilterCallback@physx@@UEAAPEAXI@Z 00000001800181f0 f i CctCharacterController.obj
 0001:000171f0       ??_EPxQueryFilterCallback@physx@@UEAAPEAXI@Z 00000001800181f0 f i CctCharacterController.obj
 0001:00017240       ??_GPxTriangle@physx@@QEAAPEAXI@Z 0000000180018240 f i CctCharacterController.obj
 0001:00017290       ?PxAbs@physx@@YAMM@Z       0000000180018290 f i CctCharacterController.obj
 0001:000172b0       ?PxIsFinite@physx@@YA_NM@Z 00000001800182b0 f i CctCharacterController.obj
 0001:000172d0       ?PxRecipSqrt@physx@@YAMM@Z 00000001800182d0 f i CctCharacterController.obj
 0001:000172f0       ?PxSqrt@physx@@YAMM@Z      00000001800182f0 f i CctCharacterController.obj
 0001:00017310       ?abs@intrinsics@physx@@YAMM@Z 0000000180018310 f i CctCharacterController.obj
 0001:00017330       ?add@physx@@YAXAEAUPxExtendedBounds3@1@AEBU21@@Z 0000000180018330 f i CctCharacterController.obj
 0001:00017380       ?allocate@?$Array@IVNamedAllocator@shdfnd@physx@@@shdfnd@physx@@IEAAPEAII@Z 0000000180018380 f i CctCharacterController.obj
 0001:00017430       ?allocate@?$Array@PEBXVNamedAllocator@shdfnd@physx@@@shdfnd@physx@@IEAAPEAPEBXI@Z 0000000180018430 f i CctCharacterController.obj
 0001:000174e0       ?allocate@?$Array@UPxExtendedCapsule@physx@@VNamedAllocator@shdfnd@2@@shdfnd@physx@@IEAAPEAUPxExtendedCapsule@3@I@Z 00000001800184e0 f i CctCharacterController.obj
 0001:00017590       ?allocate@?$Array@VPxExtendedBox@physx@@VNamedAllocator@shdfnd@2@@shdfnd@physx@@IEAAPEAVPxExtendedBox@3@I@Z 0000000180018590 f i CctCharacterController.obj
 0001:00017640       ?any@PxGeometryHolder@physx@@QEBAAEBVPxGeometry@2@XZ 0000000180018640 f i CctCharacterController.obj
 0001:00017670       ?begin@?$Array@IVNamedAllocator@shdfnd@physx@@@shdfnd@physx@@QEAAPEAIXZ 0000000180018670 f i CctCharacterController.obj
 0001:00017690       ?begin@?$Array@IVNamedAllocator@shdfnd@physx@@@shdfnd@physx@@QEBAPEBIXZ 0000000180018690 f i CctCharacterController.obj
 0001:000176b0       ?begin@?$Array@PEBXVNamedAllocator@shdfnd@physx@@@shdfnd@physx@@QEAAPEAPEBXXZ 00000001800186b0 f i CctCharacterController.obj
 0001:000176d0       ?begin@?$Array@UPxExtendedCapsule@physx@@VNamedAllocator@shdfnd@2@@shdfnd@physx@@QEAAPEAUPxExtendedCapsule@3@XZ 00000001800186d0 f i CctCharacterController.obj
 0001:000176f0       ?begin@?$Array@VPxExtendedBox@physx@@VNamedAllocator@shdfnd@2@@shdfnd@physx@@QEAAPEAVPxExtendedBox@3@XZ 00000001800186f0 f i CctCharacterController.obj
 0001:00017710       ?capacity@?$Array@IVNamedAllocator@shdfnd@physx@@@shdfnd@physx@@QEBAIXZ 0000000180018710 f i CctCharacterController.obj
 0001:00017730       ?capacity@?$Array@PEBXVNamedAllocator@shdfnd@physx@@@shdfnd@physx@@QEBAIXZ 0000000180018730 f i CctCharacterController.obj
 0001:00017750       ?capacity@?$Array@UPxExtendedCapsule@physx@@VNamedAllocator@shdfnd@2@@shdfnd@physx@@QEBAIXZ 0000000180018750 f i CctCharacterController.obj
 0001:00017770       ?capacity@?$Array@VPxExtendedBox@physx@@VNamedAllocator@shdfnd@2@@shdfnd@physx@@QEBAIXZ 0000000180018770 f i CctCharacterController.obj
 0001:00017790       ?capacity@?$Array@VPxTriangle@physx@@VNamedAllocator@shdfnd@2@@shdfnd@physx@@QEBAIXZ 0000000180018790 f i CctCharacterController.obj
 0001:000177b0       ?capacityIncrement@?$Array@PEBXVNamedAllocator@shdfnd@physx@@@shdfnd@physx@@IEBAIXZ 00000001800187b0 f i CctCharacterController.obj
 0001:00017800       ?capacityIncrement@?$Array@UPxExtendedCapsule@physx@@VNamedAllocator@shdfnd@2@@shdfnd@physx@@IEBAIXZ 0000000180018800 f i CctCharacterController.obj
 0001:00017850       ?capacityIncrement@?$Array@VPxExtendedBox@physx@@VNamedAllocator@shdfnd@2@@shdfnd@physx@@IEBAIXZ 0000000180018850 f i CctCharacterController.obj
 0001:000178a0       ?clear@?$Array@IVNamedAllocator@shdfnd@physx@@@shdfnd@physx@@QEAAXXZ 00000001800188a0 f i CctCharacterController.obj
 0001:000178f0       ?clear@?$Array@VPxTriangle@physx@@VNamedAllocator@shdfnd@2@@shdfnd@physx@@QEAAXXZ 00000001800188f0 f i CctCharacterController.obj
 0001:00017940       ?clear@TriArray@Cct@physx@@QEAAXXZ 0000000180018940 f i CctCharacterController.obj
 0001:00017960       ?computeTimeCoeff@Controller@Cct@physx@@IEAAMXZ 0000000180018960 f i CctCharacterController.obj
 0001:000179d0       ?contains@?$HashSetBase@PEAVPxShape@physx@@U?$Hash@PEAVPxShape@physx@@@shdfnd@2@VNonTrackingAllocator@42@$0A@@internal@shdfnd@physx@@QEBA_NAEBQEAVPxShape@4@@Z 00000001800189d0 f i CctCharacterController.obj
 0001:00017a30       ?copy@?$Array@IVNamedAllocator@shdfnd@physx@@@shdfnd@physx@@KAXPEAI0PEBI@Z 0000000180018a30 f i CctCharacterController.obj
 0001:00017b10       ?copy@?$Array@PEBXVNamedAllocator@shdfnd@physx@@@shdfnd@physx@@KAXPEAPEBX0PEBQEBX@Z 0000000180018b10 f i CctCharacterController.obj
 0001:00017bf0       ?copy@?$Array@UPxExtendedCapsule@physx@@VNamedAllocator@shdfnd@2@@shdfnd@physx@@KAXPEAUPxExtendedCapsule@3@0PEBU43@@Z 0000000180018bf0 f i CctCharacterController.obj
 0001:00017ce0       ?copy@?$Array@VPxExtendedBox@physx@@VNamedAllocator@shdfnd@2@@shdfnd@physx@@KAXPEAVPxExtendedBox@3@0PEBV43@@Z 0000000180018ce0 f i CctCharacterController.obj
 0001:00017dd0       ?cross@PxVec3@physx@@QEBA?AV12@AEBV12@@Z 0000000180018dd0 f i CctCharacterController.obj
 0001:00017ec0       ?deallocate@?$Array@IVNamedAllocator@shdfnd@physx@@@shdfnd@physx@@IEAAXPEAX@Z 0000000180018ec0 f i CctCharacterController.obj
 0001:00017ef0       ?deallocate@?$Array@PEBXVNamedAllocator@shdfnd@physx@@@shdfnd@physx@@IEAAXPEAX@Z 0000000180018ef0 f i CctCharacterController.obj
 0001:00017f20       ?deallocate@?$Array@UPxExtendedCapsule@physx@@VNamedAllocator@shdfnd@2@@shdfnd@physx@@IEAAXPEAX@Z 0000000180018f20 f i CctCharacterController.obj
 0001:00017f50       ?deallocate@?$Array@VPxExtendedBox@physx@@VNamedAllocator@shdfnd@2@@shdfnd@physx@@IEAAXPEAX@Z 0000000180018f50 f i CctCharacterController.obj
 0001:00017f80       ?deallocate@?$Array@VPxTriangle@physx@@VNamedAllocator@shdfnd@2@@shdfnd@physx@@IEAAXPEAX@Z 0000000180018f80 f i CctCharacterController.obj
 0001:00017fb0       ?decomposeVector@shdfnd@physx@@YAXAEAVPxVec3@2@0AEBV32@1@Z 0000000180018fb0 f i CctCharacterController.obj
 0001:00018040       ?destroy@?$Array@IVNamedAllocator@shdfnd@physx@@@shdfnd@physx@@KAXPEAI0@Z 0000000180019040 f i CctCharacterController.obj
 0001:00018090       ?destroy@?$Array@PEBXVNamedAllocator@shdfnd@physx@@@shdfnd@physx@@KAXPEAPEBX0@Z 0000000180019090 f i CctCharacterController.obj
 0001:000180e0       ?destroy@?$Array@UPxExtendedCapsule@physx@@VNamedAllocator@shdfnd@2@@shdfnd@physx@@KAXPEAUPxExtendedCapsule@3@0@Z 00000001800190e0 f i CctCharacterController.obj
 0001:00018130       ?destroy@?$Array@VPxExtendedBox@physx@@VNamedAllocator@shdfnd@2@@shdfnd@physx@@KAXPEAVPxExtendedBox@3@0@Z 0000000180019130 f i CctCharacterController.obj
 0001:00018190       ?destroy@?$Array@VPxTriangle@physx@@VNamedAllocator@shdfnd@2@@shdfnd@physx@@KAXPEAVPxTriangle@3@0@Z 0000000180019190 f i CctCharacterController.obj
 0001:000181f0       ?dot@PxExtendedVec3@physx@@QEBANAEBVPxVec3@2@@Z 00000001800191f0 f i CctCharacterController.obj
 0001:00018270       ?dot@PxVec3@physx@@QEBAMAEBV12@@Z 0000000180019270 f i CctCharacterController.obj
 0001:000182d0       ?encodeUserObject@Cct@physx@@YAIIW4UserObjectType@12@@Z 00000001800192d0 f i CctCharacterController.obj
 0001:000183c0       ?end@?$Array@IVNamedAllocator@shdfnd@physx@@@shdfnd@physx@@QEAAPEAIXZ 00000001800193c0 f i CctCharacterController.obj
 0001:000183e0       ?end@?$Array@IVNamedAllocator@shdfnd@physx@@@shdfnd@physx@@QEBAPEBIXZ 00000001800193e0 f i CctCharacterController.obj
 0001:00018400       ?equal@?$Hash@PEAVPxShape@physx@@@shdfnd@physx@@QEBA_NAEBQEAVPxShape@3@0@Z 0000000180019400 f i CctCharacterController.obj
 0001:00018450       ?finalizeQuery@?$PxHitCallback@UPxRaycastHit@physx@@@physx@@UEAAXXZ 0000000180019450 f i CctCharacterController.obj
 0001:00018460       ?find@?$HashBase@PEAVPxShape@physx@@PEAV12@U?$Hash@PEAVPxShape@physx@@@shdfnd@2@UGetKey@?$HashSetBase@PEAVPxShape@physx@@U?$Hash@PEAVPxShape@physx@@@shdfnd@2@VNonTrackingAllocator@42@$0A@@internal@42@VNonTrackingAllocator@42@$0A@@internal@shdfnd@physx@@QEBAPEBQEAVPxShape@4@AEBQEAV54@@Z 0000000180019460 f i CctCharacterController.obj
 0001:00018560       ?forceSize_Unsafe@?$Array@IVNamedAllocator@shdfnd@physx@@@shdfnd@physx@@QEAAXI@Z 0000000180019560 f i CctCharacterController.obj
 0001:000185f0       ?forceSize_Unsafe@?$Array@VPxTriangle@physx@@VNamedAllocator@shdfnd@2@@shdfnd@physx@@QEAAXI@Z 00000001800195f0 f i CctCharacterController.obj
 0001:00018680       ?forceSize_Unsafe@TriArray@Cct@physx@@QEAAXI@Z 0000000180019680 f i CctCharacterController.obj
 0001:000186b0       ?get@?$TouchedObject@VPxRigidActor@physx@@@Cct@physx@@QEBAPEBVPxRigidActor@3@XZ 00000001800196b0 f i CctCharacterController.obj
 0001:000186d0       ?get@?$TouchedObject@VPxShape@physx@@@Cct@physx@@QEBAPEBVPxShape@3@XZ 00000001800196d0 f i CctCharacterController.obj
 0001:000186f0       ?getAnyHit@?$PxHitBuffer@UPxRaycastHit@physx@@@physx@@QEBAAEBUPxRaycastHit@2@I@Z 00000001800196f0 f i CctCharacterController.obj
 0001:000187e0       ?getBasisVector0@PxQuat@physx@@QEBA?AVPxVec3@2@XZ 00000001800197e0 f i CctCharacterController.obj
 0001:00018900       ?getCenter@PxBounds3@physx@@QEBA?AVPxVec3@2@XZ 0000000180019900 f i CctCharacterController.obj
 0001:000189d0       ?getConcreteType@PxBase@physx@@QEBAGXZ 00000001800199d0 f i CctCharacterController.obj
 0001:000189f0       ?getContextId@Controller@Cct@physx@@QEBA_KXZ 00000001800199f0 f i CctCharacterController.obj
 0001:00018a10       ?getDimensions@PxBounds3@physx@@QEBA?AVPxVec3@2@XZ 0000000180019a10 f i CctCharacterController.obj
 0001:00018ac0       ?getExtents@PxBounds3@physx@@QEBA?AVPxVec3@2@XZ 0000000180019ac0 f i CctCharacterController.obj
 0001:00018b80       ?getGlobalPose@PxShapeExt@physx@@SA?AVPxTransform@2@AEBVPxShape@2@AEBVPxRigidActor@2@@Z 0000000180019b80 f i CctCharacterController.obj
 0001:00018c30       ?getNbTouches@?$PxHitBuffer@UPxRaycastHit@physx@@@physx@@QEBAIXZ 0000000180019c30 f i CctCharacterController.obj
 0001:00018c50       ?getNormalized@PxVec3@physx@@QEBA?AV12@XZ 0000000180019c50 f i CctCharacterController.obj
 0001:00018d00       ?getShapeGlobalPose@physx@@YA?AVPxTransform@1@AEBVPxShape@1@AEBVPxRigidActor@1@@Z 0000000180019d00 f i CctCharacterController.obj
 0001:00018d40       ?getTouches@?$PxHitBuffer@UPxRaycastHit@physx@@@physx@@QEBAPEBUPxRaycastHit@2@XZ 0000000180019d40 f i CctCharacterController.obj
 0001:00018d60       ?getTriangle@TriArray@Cct@physx@@QEBAAEBVPxTriangle@3@I@Z 0000000180019d60 f i CctCharacterController.obj
 0001:00018d90       ?getType@SweptVolume@Cct@physx@@QEBA?AW4Enum@SweptVolumeType@23@XZ 0000000180019d90 f i CctCharacterController.obj
 0001:00018db0       ?grow@?$Array@IVNamedAllocator@shdfnd@physx@@@shdfnd@physx@@IEAAXI@Z 0000000180019db0 f i CctCharacterController.obj
 0001:00018e50       ?growAndPushBack@?$Array@PEBXVNamedAllocator@shdfnd@physx@@@shdfnd@physx@@IEAAAEAPEBXAEBQEBX@Z 0000000180019e50 f i CctCharacterController.obj
 0001:00019030       ?growAndPushBack@?$Array@UPxExtendedCapsule@physx@@VNamedAllocator@shdfnd@2@@shdfnd@physx@@IEAAAEAUPxExtendedCapsule@3@AEBU43@@Z 000000018001a030 f i CctCharacterController.obj
 0001:00019270       ?growAndPushBack@?$Array@VPxExtendedBox@physx@@VNamedAllocator@shdfnd@2@@shdfnd@physx@@IEAAAEAVPxExtendedBox@3@AEBV43@@Z 000000018001a270 f i CctCharacterController.obj
 0001:00019460       ?hash@?$HashBase@PEAVPxShape@physx@@PEAV12@U?$Hash@PEAVPxShape@physx@@@shdfnd@2@UGetKey@?$HashSetBase@PEAVPxShape@physx@@U?$Hash@PEAVPxShape@physx@@@shdfnd@2@VNonTrackingAllocator@42@$0A@@internal@42@VNonTrackingAllocator@42@$0A@@internal@shdfnd@physx@@AEBAIAEBQEAVPxShape@4@@Z 000000018001a460 f i CctCharacterController.obj
 0001:000194a0       ?hash@?$HashBase@PEAVPxShape@physx@@PEAV12@U?$Hash@PEAVPxShape@physx@@@shdfnd@2@UGetKey@?$HashSetBase@PEAVPxShape@physx@@U?$Hash@PEAVPxShape@physx@@@shdfnd@2@VNonTrackingAllocator@42@$0A@@internal@42@VNonTrackingAllocator@42@$0A@@internal@shdfnd@physx@@AEBAIAEBQEAVPxShape@4@I@Z 000000018001a4a0 f i CctCharacterController.obj
 0001:000194e0       ?hash@shdfnd@physx@@YAIPEBX@Z 000000018001a4e0 f i CctCharacterController.obj
 0001:00019500       ?hash@shdfnd@physx@@YAI_K@Z 000000018001a500 f i CctCharacterController.obj
 0001:00019610       ?intersectOBBAABB@Gu@physx@@YA_NAEBVBox@12@AEBVPxBounds3@2@@Z 000000018001a610 f i CctCharacterController.obj
 0001:000196d0       ?isAlmostZero@shdfnd@physx@@YA_NAEBVPxVec3@2@@Z 000000018001a6d0 f i CctCharacterController.obj
 0001:00019750       ?isArrayOfPOD@?$Array@IVNamedAllocator@shdfnd@physx@@@shdfnd@physx@@SA_NXZ 000000018001a750 f i CctCharacterController.obj
 0001:00019760       ?isArrayOfPOD@?$Array@PEBXVNamedAllocator@shdfnd@physx@@@shdfnd@physx@@SA_NXZ 000000018001a760 f i CctCharacterController.obj
 0001:00019770       ?isArrayOfPOD@?$Array@UPxExtendedCapsule@physx@@VNamedAllocator@shdfnd@2@@shdfnd@physx@@SA_NXZ 000000018001a770 f i CctCharacterController.obj
 0001:00019780       ?isArrayOfPOD@?$Array@VPxExtendedBox@physx@@VNamedAllocator@shdfnd@2@@shdfnd@physx@@SA_NXZ 000000018001a780 f i CctCharacterController.obj
 0001:00019790       ?isArrayOfPOD@?$Array@VPxTriangle@physx@@VNamedAllocator@shdfnd@2@@shdfnd@physx@@SA_NXZ 000000018001a790 f i CctCharacterController.obj
 0001:000197a0       ?isFinite@PxBounds3@physx@@QEBA_NXZ 000000018001a7a0 f i CctCharacterController.obj
 0001:00019810       ?isFinite@PxQuat@physx@@QEBA_NXZ 000000018001a810 f i CctCharacterController.obj
 0001:000198b0       ?isFinite@PxTransform@physx@@QEBA_NXZ 000000018001a8b0 f i CctCharacterController.obj
 0001:00019920       ?isFinite@PxVec3@physx@@QEBA_NXZ 000000018001a920 f i CctCharacterController.obj
 0001:000199a0       ?isFinite@intrinsics@physx@@YA_NM@Z 000000018001a9a0 f i CctCharacterController.obj
 0001:000199f0       ?isInUserMemory@?$Array@IVNamedAllocator@shdfnd@physx@@@shdfnd@physx@@QEBAIXZ 000000018001a9f0 f i CctCharacterController.obj
 0001:00019a10       ?isInUserMemory@?$Array@PEBXVNamedAllocator@shdfnd@physx@@@shdfnd@physx@@QEBAIXZ 000000018001aa10 f i CctCharacterController.obj
 0001:00019a30       ?isInUserMemory@?$Array@UPxExtendedCapsule@physx@@VNamedAllocator@shdfnd@2@@shdfnd@physx@@QEBAIXZ 000000018001aa30 f i CctCharacterController.obj
 0001:00019a50       ?isInUserMemory@?$Array@VPxExtendedBox@physx@@VNamedAllocator@shdfnd@2@@shdfnd@physx@@QEBAIXZ 000000018001aa50 f i CctCharacterController.obj
 0001:00019a70       ?isInUserMemory@?$Array@VPxTriangle@physx@@VNamedAllocator@shdfnd@2@@shdfnd@physx@@QEBAIXZ 000000018001aa70 f i CctCharacterController.obj
 0001:00019a90       ?isInside@PxExtendedBounds3@physx@@QEBA_NAEBU12@@Z 000000018001aa90 f i CctCharacterController.obj
 0001:00019b70       ?isSane@PxQuat@physx@@QEBA_NXZ 000000018001ab70 f i CctCharacterController.obj
 0001:00019bf0       ?isSane@PxTransform@physx@@QEBA_NXZ 000000018001abf0 f i CctCharacterController.obj
 0001:00019c50       ?isValid@PxBounds3@physx@@QEBA_NXZ 000000018001ac50 f i CctCharacterController.obj
 0001:00019d80       ?isZero@PxVec3@physx@@QEBA_NXZ 000000018001ad80 f i CctCharacterController.obj
 0001:00019de0       ?magnitude@PxQuat@physx@@QEBAMXZ 000000018001ade0 f i CctCharacterController.obj
 0001:00019e10       ?magnitude@PxVec3@physx@@QEBAMXZ 000000018001ae10 f i CctCharacterController.obj
 0001:00019e40       ?magnitudeSquared@PxQuat@physx@@QEBAMXZ 000000018001ae40 f i CctCharacterController.obj
 0001:00019ec0       ?magnitudeSquared@PxVec3@physx@@QEBAMXZ 000000018001aec0 f i CctCharacterController.obj
 0001:00019f20       ?maximum@PxExtendedVec3@physx@@QEAAXAEBU12@@Z 000000018001af20 f i CctCharacterController.obj
 0001:00019fd0       ?memCopy@intrinsics@physx@@YAPEAXPEIAXPEIBXI@Z 000000018001afd0 f i CctCharacterController.obj
 0001:0001a010       ?minimum@PxExtendedVec3@physx@@QEAAXAEBU12@@Z 000000018001b010 f i CctCharacterController.obj
 0001:0001a0c0       ?normal@PxTriangle@physx@@QEBAXAEAVPxVec3@2@@Z 000000018001b0c0 f i CctCharacterController.obj
 0001:0001a1b0       ?normalize@PxVec3@physx@@QEAAMXZ 000000018001b1b0 f i CctCharacterController.obj
 0001:0001a210       ?postFilter@ControllerFilter@@UEAA?AW4Enum@PxQueryHitType@physx@@AEBUPxFilterData@4@AEBUPxQueryHit@4@@Z 000000018001b210 f i CctCharacterController.obj
 0001:0001a310       ?preFilter@ControllerFilter@@UEAA?AW4Enum@PxQueryHitType@physx@@AEBUPxFilterData@4@PEBVPxShape@4@PEBVPxRigidActor@4@AEAV?$PxFlags@W4Enum@PxHitFlag@physx@@G@4@@Z 000000018001b310 f i CctCharacterController.obj
 0001:0001a450       ?processTouches@?$PxHitBuffer@UPxRaycastHit@physx@@@physx@@MEAA_NPEBUPxRaycastHit@2@I@Z 000000018001b450 f i CctCharacterController.obj
 0001:0001a490       ?pushBack@?$Array@PEBXVNamedAllocator@shdfnd@physx@@@shdfnd@physx@@QEAAAEAPEBXAEBQEBX@Z 000000018001b490 f i CctCharacterController.obj
 0001:0001a560       ?pushBack@?$Array@UPxExtendedCapsule@physx@@VNamedAllocator@shdfnd@2@@shdfnd@physx@@QEAAAEAUPxExtendedCapsule@3@AEBU43@@Z 000000018001b560 f i CctCharacterController.obj
 0001:0001a630       ?pushBack@?$Array@VPxExtendedBox@physx@@VNamedAllocator@shdfnd@2@@shdfnd@physx@@QEAAAEAVPxExtendedBox@3@AEBV43@@Z 000000018001b630 f i CctCharacterController.obj
 0001:0001a700       ?recipSqrt@intrinsics@physx@@YAMM@Z 000000018001b700 f i CctCharacterController.obj
 0001:0001a740       ?recreate@?$Array@IVNamedAllocator@shdfnd@physx@@@shdfnd@physx@@IEAAXI@Z 000000018001b740 f i CctCharacterController.obj
 0001:0001a890       ?reserve@?$Array@IVNamedAllocator@shdfnd@physx@@@shdfnd@physx@@QEAAXI@Z 000000018001b890 f i CctCharacterController.obj
 0001:0001a8d0       ?resetStats@SweepTest@Cct@physx@@QEAAXXZ 000000018001b8d0 f i CctCharacterController.obj
 0001:0001a920       ?rotate@PxQuat@physx@@QEBA?BVPxVec3@2@AEBV32@@Z 000000018001b920 f i CctCharacterController.obj
 0001:0001ab70       ?rotateInv@PxQuat@physx@@QEBA?BVPxVec3@2@AEBV32@@Z 000000018001bb70 f i CctCharacterController.obj
 0001:0001adc0       ?selectMax@intrinsics@physx@@YAMMM@Z 000000018001bdc0 f i CctCharacterController.obj
 0001:0001ae10       ?selectMin@intrinsics@physx@@YAMMM@Z 000000018001be10 f i CctCharacterController.obj
 0001:0001ae60       ?set@PxExtendedBounds3@physx@@QEAAXNNNNNN@Z 000000018001be60 f i CctCharacterController.obj
 0001:0001aee0       ?set@PxExtendedVec3@physx@@QEAAXNNN@Z 000000018001bee0 f i CctCharacterController.obj
 0001:0001af40       ?setEmpty@PxExtendedBounds3@physx@@QEAAXXZ 000000018001bf40 f i CctCharacterController.obj
 0001:0001afb0       ?setWorldPos@SweptContact@Cct@physx@@QEAAXAEBVPxVec3@3@AEBUPxExtendedVec3@3@@Z 000000018001bfb0 f i CctCharacterController.obj
 0001:0001b030       ?size@?$Array@IVNamedAllocator@shdfnd@physx@@@shdfnd@physx@@QEBAIXZ 000000018001c030 f i CctCharacterController.obj
 0001:0001b050       ?size@?$Array@PEBXVNamedAllocator@shdfnd@physx@@@shdfnd@physx@@QEBAIXZ 000000018001c050 f i CctCharacterController.obj
 0001:0001b070       ?size@?$Array@UInternalBoxObstacle@ObstacleContext@Cct@physx@@VNamedAllocator@shdfnd@4@@shdfnd@physx@@QEBAIXZ 000000018001c070 f i CctCharacterController.obj
 0001:0001b090       ?size@?$Array@UInternalCapsuleObstacle@ObstacleContext@Cct@physx@@VNamedAllocator@shdfnd@4@@shdfnd@physx@@QEBAIXZ 000000018001c090 f i CctCharacterController.obj
 0001:0001b0b0       ?size@?$Array@UPxExtendedCapsule@physx@@VNamedAllocator@shdfnd@2@@shdfnd@physx@@QEBAIXZ 000000018001c0b0 f i CctCharacterController.obj
 0001:0001b0d0       ?size@?$Array@VPxExtendedBox@physx@@VNamedAllocator@shdfnd@2@@shdfnd@physx@@QEBAIXZ 000000018001c0d0 f i CctCharacterController.obj
 0001:0001b0f0       ?size@?$Array@VPxTriangle@physx@@VNamedAllocator@shdfnd@2@@shdfnd@physx@@QEBAIXZ 000000018001c0f0 f i CctCharacterController.obj
 0001:0001b110       ?size@TriArray@Cct@physx@@QEBAIXZ 000000018001c110 f i CctCharacterController.obj
 0001:0001b130       ?sqrt@intrinsics@physx@@YAMM@Z 000000018001c130 f i CctCharacterController.obj
 0001:0001b160       ?testSlope@physx@@YA_NAEBVPxVec3@1@0M@Z 000000018001c160 f i CctCharacterController.obj
 0001:0001b1e0       ?toVec3@physx@@YA?AVPxVec3@1@AEBUPxExtendedVec3@1@@Z 000000018001c1e0 f i CctCharacterController.obj
 0001:0001b250       ?transform@PxTransform@physx@@QEBA?AV12@AEBV12@@Z 000000018001c250 f i CctCharacterController.obj
 0001:0001b420       ?transform@PxTransform@physx@@QEBA?AVPxVec3@2@AEBV32@@Z 000000018001c420 f i CctCharacterController.obj
 0001:0001b500       ?transformInv@PxTransform@physx@@QEBA?AVPxVec3@2@AEBV32@@Z 000000018001c500 f i CctCharacterController.obj
 0001:0001b5d0       fabsf                      000000018001c5d0 f i CctCharacterController.obj
 0001:0001b680       ?getSceneTimestamp@Cct@physx@@YAIPEBUInternalCBData_FindTouchedGeom@12@@Z 000000018001c680 f   CctCharacterControllerCallbacks.obj
 0001:0001b710       ?findTouchedGeometry@Cct@physx@@YAXPEBUInternalCBData_FindTouchedGeom@12@AEBUPxExtendedBounds3@2@AEAVTriArray@12@AEAV?$Array@IVNamedAllocator@shdfnd@physx@@@shdfnd@2@3AEBVCCTFilter@12@AEBUCCTParams@12@AEAG@Z 000000018001c710 f   CctCharacterControllerCallbacks.obj
 0001:0001bf00       ?shapeHitCallback@Cct@physx@@YAIPEBUInternalCBData_OnHit@12@AEBUSweptContact@12@AEBVPxVec3@2@M@Z 000000018001cf00 f   CctCharacterControllerCallbacks.obj
 0001:0001c030       ?userHitCallback@Cct@physx@@YAIPEBUInternalCBData_OnHit@12@AEBUSweptContact@12@AEBVPxVec3@2@M@Z 000000018001d030 f   CctCharacterControllerCallbacks.obj
 0001:000217c0       ??$PX_UNUSED@PEBUPxOverlapHit@physx@@@@YAXAEBQEBUPxOverlapHit@physx@@@Z 00000001800227c0 f i CctCharacterControllerCallbacks.obj
 0001:000217d0       ??0?$PxFlags@W4Enum@PxConvexMeshGeometryFlag@physx@@E@physx@@QEAA@XZ 00000001800227d0 f i CctCharacterControllerCallbacks.obj
 0001:000217f0       ??0?$PxFlags@W4Enum@PxMeshGeometryFlag@physx@@E@physx@@QEAA@E@Z 00000001800227f0 f i CctCharacterControllerCallbacks.obj
 0001:00021820       ??0?$PxFlags@W4Enum@PxMeshGeometryFlag@physx@@E@physx@@QEAA@XZ 0000000180022820 f i CctCharacterControllerCallbacks.obj
 0001:00021840       ??0?$PxHitBuffer@UPxOverlapHit@physx@@@physx@@QEAA@PEAUPxOverlapHit@1@I@Z 0000000180022840 f i CctCharacterControllerCallbacks.obj
 0001:00021890       ??0?$PxHitCallback@UPxOverlapHit@physx@@@physx@@QEAA@PEAUPxOverlapHit@1@I@Z 0000000180022890 f i CctCharacterControllerCallbacks.obj
 0001:00021920       ??0?$PxPadding@$02@physx@@QEAA@XZ 0000000180022920 f i CctCharacterControllerCallbacks.obj
 0001:00021970       ??0PxControllerHit@physx@@QEAA@XZ 0000000180022970 f i CctCharacterControllerCallbacks.obj
 0001:000219d0       ??0PxControllerObstacleHit@physx@@QEAA@XZ 00000001800229d0 f i CctCharacterControllerCallbacks.obj
 0001:00021a00       ??0PxControllerShapeHit@physx@@QEAA@XZ 0000000180022a00 f i CctCharacterControllerCallbacks.obj
 0001:00021a30       ??0PxControllersHit@physx@@QEAA@XZ 0000000180022a30 f i CctCharacterControllerCallbacks.obj
 0001:00021a60       ??0PxConvexMeshGeometry@physx@@QEAA@XZ 0000000180022a60 f i CctCharacterControllerCallbacks.obj
 0001:00021af0       ??0PxExtendedSphere@physx@@QEAA@XZ 0000000180022af0 f i CctCharacterControllerCallbacks.obj
 0001:00021b20       ??0PxHeightFieldGeometry@physx@@QEAA@XZ 0000000180022b20 f i CctCharacterControllerCallbacks.obj
 0001:00021bd0       ??0PxMat33@physx@@QEAA@AEBVPxVec3@1@00@Z 0000000180022bd0 f i CctCharacterControllerCallbacks.obj
 0001:00021c50       ??0PxMeshScale@physx@@QEAA@M@Z 0000000180022c50 f i CctCharacterControllerCallbacks.obj
 0001:00021ca0       ??0PxMeshScale@physx@@QEAA@XZ 0000000180022ca0 f i CctCharacterControllerCallbacks.obj
 0001:00021cf0       ??0PxOverlapHit@physx@@QEAA@XZ 0000000180022cf0 f i CctCharacterControllerCallbacks.obj
 0001:00021d20       ??0PxPlane@physx@@QEAA@AEBVPxVec3@1@M@Z 0000000180022d20 f i CctCharacterControllerCallbacks.obj
 0001:00021d70       ??0PxPlane@physx@@QEAA@MMMM@Z 0000000180022d70 f i CctCharacterControllerCallbacks.obj
 0001:00021de0       ??0PxQueryFilterData@physx@@QEAA@$$QEAU01@@Z 0000000180022de0 f i CctCharacterControllerCallbacks.obj
 0001:00021e50       ??0PxQueryFilterData@physx@@QEAA@V?$PxFlags@W4Enum@PxQueryFlag@physx@@G@1@@Z 0000000180022e50 f i CctCharacterControllerCallbacks.obj
 0001:00021eb0       ??0PxTransform@physx@@QEAA@AEBVPxVec3@1@@Z 0000000180022eb0 f i CctCharacterControllerCallbacks.obj
 0001:00021f00       ??0PxTriangle@physx@@QEAA@AEBV01@@Z 0000000180022f00 f i CctCharacterControllerCallbacks.obj
 0001:00022000       ??0PxTriangle@physx@@QEAA@AEBVPxVec3@1@00@Z 0000000180023000 f i CctCharacterControllerCallbacks.obj
 0001:000220d0       ??0PxTriangle@physx@@QEAA@XZ 00000001800230d0 f i CctCharacterControllerCallbacks.obj
 0001:00022110       ??0PxTriangleMeshGeometry@physx@@QEAA@XZ 0000000180023110 f i CctCharacterControllerCallbacks.obj
 0001:00022190       ??0PxVec4@physx@@QEAA@MMMM@Z 0000000180023190 f i CctCharacterControllerCallbacks.obj
 0001:00022210       ??0TessParams@@QEAA@XZ     0000000180023210 f i CctCharacterControllerCallbacks.obj
 0001:00022260       ??0TrianglePadded@Gu@physx@@QEAA@XZ 0000000180023260 f i CctCharacterControllerCallbacks.obj
 0001:00022290       ??0Vec3p@Gu@physx@@QEAA@AEBVPxVec3@2@@Z 0000000180023290 f i CctCharacterControllerCallbacks.obj
 0001:000222c0       ??1?$PxHitBuffer@UPxOverlapHit@physx@@@physx@@UEAA@XZ 00000001800232c0 f i CctCharacterControllerCallbacks.obj
 0001:000222f0       ??1?$PxHitCallback@UPxOverlapHit@physx@@@physx@@UEAA@XZ 00000001800232f0 f i CctCharacterControllerCallbacks.obj
 0001:00022310       ??1PxExtendedSphere@physx@@QEAA@XZ 0000000180023310 f i CctCharacterControllerCallbacks.obj
 0001:00022320       ??1TrianglePadded@Gu@physx@@QEAA@XZ 0000000180023320 f i CctCharacterControllerCallbacks.obj
 0001:00022340       ??1Vec3p@Gu@physx@@QEAA@XZ 0000000180023340 f i CctCharacterControllerCallbacks.obj
 0001:00022350       ??APxVec3@physx@@QEBAAEBMI@Z 0000000180023350 f i CctCharacterControllerCallbacks.obj
 0001:000223e0       ??DPxMat33@physx@@QEBA?BV01@AEBV01@@Z 00000001800233e0 f i CctCharacterControllerCallbacks.obj
 0001:000224a0       ??DPxVec4@physx@@QEBA?AV01@M@Z 00000001800234a0 f i CctCharacterControllerCallbacks.obj
 0001:00022540       ??HPxVec4@physx@@QEBA?AV01@AEBV01@@Z 0000000180023540 f i CctCharacterControllerCallbacks.obj
 0001:000225f0       ??_G?$PxHitBuffer@UPxOverlapHit@physx@@@physx@@UEAAPEAXI@Z 00000001800235f0 f i CctCharacterControllerCallbacks.obj
 0001:000225f0       ??_E?$PxHitBuffer@UPxOverlapHit@physx@@@physx@@UEAAPEAXI@Z 00000001800235f0 f i CctCharacterControllerCallbacks.obj
 0001:00022640       ??_E?$PxHitCallback@UPxOverlapHit@physx@@@physx@@UEAAPEAXI@Z 0000000180023640 f i CctCharacterControllerCallbacks.obj
 0001:00022640       ??_G?$PxHitCallback@UPxOverlapHit@physx@@@physx@@UEAAPEAXI@Z 0000000180023640 f i CctCharacterControllerCallbacks.obj
 0001:00022690       ?FLoad@aos@shdfnd@physx@@YA?AT__m128@@M@Z 0000000180023690 f i CctCharacterControllerCallbacks.obj
 0001:000226c0       ?PxPlaneEquationFromTransform@physx@@YA?AVPxPlane@1@AEBVPxTransform@1@@Z 00000001800236c0 f i CctCharacterControllerCallbacks.obj
 0001:00022720       ?V3Load@aos@shdfnd@physx@@YA?AT__m128@@M@Z 0000000180023720 f i CctCharacterControllerCallbacks.obj
 0001:00022770       ?V4Load@aos@shdfnd@physx@@YA?AT__m128@@M@Z 0000000180023770 f i CctCharacterControllerCallbacks.obj
 0001:000227a0       ?allocate@?$Array@VPxTriangle@physx@@VNamedAllocator@shdfnd@2@@shdfnd@physx@@IEAAPEAVPxTriangle@3@I@Z 00000001800237a0 f i CctCharacterControllerCallbacks.obj
 0001:00022850       ?capacityIncrement@?$Array@IVNamedAllocator@shdfnd@physx@@@shdfnd@physx@@IEBAIXZ 0000000180023850 f i CctCharacterControllerCallbacks.obj
 0001:000228a0       ?centerExtents@PxBounds3@physx@@SA?AV12@AEBVPxVec3@2@0@Z 00000001800238a0 f i CctCharacterControllerCallbacks.obj
 0001:00022920       ?computeBasis@shdfnd@physx@@YAXAEBVPxVec3@2@AEAV32@1@Z 0000000180023920 f i CctCharacterControllerCallbacks.obj
 0001:00022af0       ?copy@?$Array@VPxTriangle@physx@@VNamedAllocator@shdfnd@2@@shdfnd@physx@@KAXPEAVPxTriangle@3@0PEBV43@@Z 0000000180023af0 f i CctCharacterControllerCallbacks.obj
 0001:00022be0       ?decodeIndex@Cct@physx@@YAII@Z 0000000180023be0 f i CctCharacterControllerCallbacks.obj
 0001:00022bf0       ?decodeType@Cct@physx@@YA?AW4UserObjectType@12@I@Z 0000000180023bf0 f i CctCharacterControllerCallbacks.obj
 0001:00022c10       ?distance@PxPlane@physx@@QEBAMAEBVPxVec3@2@@Z 0000000180023c10 f i CctCharacterControllerCallbacks.obj
 0001:00022c50       ?end@?$Array@VPxTriangle@physx@@VNamedAllocator@shdfnd@2@@shdfnd@physx@@QEAAPEAVPxTriangle@3@XZ 0000000180023c50 f i CctCharacterControllerCallbacks.obj
 0001:00022c70       ?finalizeQuery@?$PxHitCallback@UPxOverlapHit@physx@@@physx@@UEAAXXZ 0000000180023c70 f i CctCharacterControllerCallbacks.obj
 0001:00022c80       ?getAnyHit@?$PxHitBuffer@UPxOverlapHit@physx@@@physx@@QEBAAEBUPxOverlapHit@2@I@Z 0000000180023c80 f i CctCharacterControllerCallbacks.obj
 0001:00022d70       ?getCctManager@Controller@Cct@physx@@QEAAPEAVCharacterControllerManager@23@XZ 0000000180023d70 f i CctCharacterControllerCallbacks.obj
 0001:00022d90       ?getNbAnyHits@?$PxHitBuffer@UPxOverlapHit@physx@@@physx@@QEBAIXZ 0000000180023d90 f i CctCharacterControllerCallbacks.obj
 0001:00022dc0       ?getNbTouches@?$PxHitBuffer@UPxOverlapHit@physx@@@physx@@QEBAIXZ 0000000180023dc0 f i CctCharacterControllerCallbacks.obj
 0001:00022de0       ?getPosition@PxMat44@physx@@QEBA?BVPxVec3@2@XZ 0000000180023de0 f i CctCharacterControllerCallbacks.obj
 0001:00022e20       ?getResults@PxMeshOverlapUtil@physx@@QEBAPEBIXZ 0000000180023e20 f i CctCharacterControllerCallbacks.obj
 0001:00022e40       ?getTouches@?$PxHitBuffer@UPxOverlapHit@physx@@@physx@@QEBAPEBUPxOverlapHit@2@XZ 0000000180023e40 f i CctCharacterControllerCallbacks.obj
 0001:00022e60       ?getTranspose@PxMat33@physx@@QEBA?BV12@XZ 0000000180023e60 f i CctCharacterControllerCallbacks.obj
 0001:00022f40       ?getXYZ@PxVec4@physx@@QEBA?AVPxVec3@2@XZ 0000000180023f40 f i CctCharacterControllerCallbacks.obj
 0001:00022f90       ?grow@?$Array@VPxTriangle@physx@@VNamedAllocator@shdfnd@2@@shdfnd@physx@@IEAAXI@Z 0000000180023f90 f i CctCharacterControllerCallbacks.obj
 0001:00023030       ?growAndPushBack@?$Array@IVNamedAllocator@shdfnd@physx@@@shdfnd@physx@@IEAAAEAIAEBI@Z 0000000180024030 f i CctCharacterControllerCallbacks.obj
 0001:00023210       ?processTouches@?$PxHitBuffer@UPxOverlapHit@physx@@@physx@@MEAA_NPEBUPxOverlapHit@2@I@Z 0000000180024210 f i CctCharacterControllerCallbacks.obj
 0001:00023250       ?project@PxPlane@physx@@QEBA?AVPxVec3@2@AEBV32@@Z 0000000180024250 f i CctCharacterControllerCallbacks.obj
 0001:000232c0       ?pushBack@?$Array@IVNamedAllocator@shdfnd@physx@@@shdfnd@physx@@QEAAAEAIAEBI@Z 00000001800242c0 f i CctCharacterControllerCallbacks.obj
 0001:00023390       ?pushBack@TriArray@Cct@physx@@QEAAXAEBVPxTriangle@3@@Z 0000000180024390 f i CctCharacterControllerCallbacks.obj
 0001:00023480       ?recreate@?$Array@VPxTriangle@physx@@VNamedAllocator@shdfnd@2@@shdfnd@physx@@IEAAXI@Z 0000000180024480 f i CctCharacterControllerCallbacks.obj
 0001:000235e0       ?reserve@?$Array@VPxTriangle@physx@@VNamedAllocator@shdfnd@2@@shdfnd@physx@@QEAAXI@Z 00000001800245e0 f i CctCharacterControllerCallbacks.obj
 0001:00023620       ?reserve@TriArray@Cct@physx@@QEAAPEAVPxTriangle@3@I@Z 0000000180024620 f i CctCharacterControllerCallbacks.obj
 0001:00023700       ?rotate@PxMat44@physx@@QEBA?BVPxVec3@2@AEBV32@@Z 0000000180024700 f i CctCharacterControllerCallbacks.obj
 0001:00023770       ?rotate@PxMat44@physx@@QEBA?BVPxVec4@2@AEBV32@@Z 0000000180024770 f i CctCharacterControllerCallbacks.obj
 0001:00023860       ?rotate@PxTransform@physx@@QEBA?AVPxVec3@2@AEBV32@@Z 0000000180024860 f i CctCharacterControllerCallbacks.obj
 0001:00023910       ?toMat33@PxMeshScale@physx@@QEBA?AVPxMat33@2@XZ 0000000180024910 f i CctCharacterControllerCallbacks.obj
 0001:00023a00       ?transform@PxMat33@physx@@QEBA?BVPxVec3@2@AEBV32@@Z 0000000180024a00 f i CctCharacterControllerCallbacks.obj
 0001:00023ae0       ?transform@PxTransform@physx@@QEBA?AVPxPlane@2@AEBV32@@Z 0000000180024ae0 f i CctCharacterControllerCallbacks.obj
 0001:00023bf0       PxCreateControllerManager  0000000180024bf0 f   CctCharacterControllerManager.obj
 0001:00023c80       ??0CharacterControllerManager@Cct@physx@@QEAA@AEAVPxScene@2@_N@Z 0000000180024c80 f   CctCharacterControllerManager.obj
 0001:00023f10       ??1CharacterControllerManager@Cct@physx@@UEAA@XZ 0000000180024f10 f   CctCharacterControllerManager.obj
 0001:00024060       ?release@CharacterControllerManager@Cct@physx@@UEAAXXZ 0000000180025060 f   CctCharacterControllerManager.obj
 0001:00024190       ?getScene@CharacterControllerManager@Cct@physx@@UEBAAEAVPxScene@3@XZ 0000000180025190 f   CctCharacterControllerManager.obj
 0001:000241b0       ?getNbControllers@CharacterControllerManager@Cct@physx@@UEBAIXZ 00000001800251b0 f   CctCharacterControllerManager.obj
 0001:000241e0       ?getController@CharacterControllerManager@Cct@physx@@UEAAPEAVPxController@3@I@Z 00000001800251e0 f   CctCharacterControllerManager.obj
 0001:000242d0       ?createController@CharacterControllerManager@Cct@physx@@UEAAPEAVPxController@3@AEBVPxControllerDesc@3@@Z 00000001800252d0 f   CctCharacterControllerManager.obj
 0001:00024660       ?purgeControllers@CharacterControllerManager@Cct@physx@@UEAAXXZ 0000000180025660 f   CctCharacterControllerManager.obj
 0001:000246d0       ?getRenderBuffer@CharacterControllerManager@Cct@physx@@UEAAAEAVPxRenderBuffer@3@XZ 00000001800256d0 f   CctCharacterControllerManager.obj
 0001:00024760       ?setDebugRenderingFlags@CharacterControllerManager@Cct@physx@@UEAAXV?$PxFlags@W4Enum@PxControllerDebugRenderFlag@physx@@I@3@@Z 0000000180025760 f   CctCharacterControllerManager.obj
 0001:00024800       ?getNbObstacleContexts@CharacterControllerManager@Cct@physx@@UEBAIXZ 0000000180025800 f   CctCharacterControllerManager.obj
 0001:00024830       ?getObstacleContext@CharacterControllerManager@Cct@physx@@UEAAPEAVPxObstacleContext@3@I@Z 0000000180025830 f   CctCharacterControllerManager.obj
 0001:00024910       ?createObstacleContext@CharacterControllerManager@Cct@physx@@UEAAPEAVPxObstacleContext@3@XZ 0000000180025910 f   CctCharacterControllerManager.obj
 0001:000249b0       ?computeInteractions@CharacterControllerManager@Cct@physx@@UEAAXMPEAVPxControllerFilterCallback@3@@Z 00000001800259b0 f   CctCharacterControllerManager.obj
 0001:00024d40       ?setTessellation@CharacterControllerManager@Cct@physx@@UEAAX_NM@Z 0000000180025d40 f   CctCharacterControllerManager.obj
 0001:00024d80       ?setOverlapRecoveryModule@CharacterControllerManager@Cct@physx@@UEAAX_N@Z 0000000180025d80 f   CctCharacterControllerManager.obj
 0001:00024da0       ?setPreciseSweeps@CharacterControllerManager@Cct@physx@@UEAAX_N@Z 0000000180025da0 f   CctCharacterControllerManager.obj
 0001:00024dc0       ?setPreventVerticalSlidingAgainstCeiling@CharacterControllerManager@Cct@physx@@UEAAX_N@Z 0000000180025dc0 f   CctCharacterControllerManager.obj
 0001:00024de0       ?shiftOrigin@CharacterControllerManager@Cct@physx@@UEAAXAEBVPxVec3@3@@Z 0000000180025de0 f   CctCharacterControllerManager.obj
 0001:00024f80       ?onRelease@CharacterControllerManager@Cct@physx@@UEAAXPEBVPxBase@3@PEAXW4Enum@PxDeletionEventFlag@3@@Z 0000000180025f80 f   CctCharacterControllerManager.obj
 0001:00025150       ?registerObservedObject@CharacterControllerManager@Cct@physx@@QEAAXPEBVPxBase@3@@Z 0000000180026150 f   CctCharacterControllerManager.obj
 0001:000251e0       ?unregisterObservedObject@CharacterControllerManager@Cct@physx@@QEAAXPEBVPxBase@3@@Z 00000001800261e0 f   CctCharacterControllerManager.obj
 0001:000252e0       ?onObstacleRemoved@CharacterControllerManager@Cct@physx@@QEBAXI@Z 00000001800262e0 f   CctCharacterControllerManager.obj
 0001:00025350       ?onObstacleUpdated@CharacterControllerManager@Cct@physx@@QEBAXIPEBVPxObstacleContext@3@@Z 0000000180026350 f   CctCharacterControllerManager.obj
 0001:00025490       ?onObstacleAdded@CharacterControllerManager@Cct@physx@@QEBAXIPEBVPxObstacleContext@3@@Z 0000000180026490 f   CctCharacterControllerManager.obj
 0001:000255d0       ?releaseController@CharacterControllerManager@Cct@physx@@QEAAXAEAVPxController@3@@Z 00000001800265d0 f   CctCharacterControllerManager.obj
 0001:00025870       ?getControllers@CharacterControllerManager@Cct@physx@@QEAAPEAPEAVController@23@XZ 0000000180026870 f   CctCharacterControllerManager.obj
 0001:000258a0       ?releaseObstacleContext@CharacterControllerManager@Cct@physx@@QEAAXAEAVObstacleContext@23@@Z 00000001800268a0 f   CctCharacterControllerManager.obj
 0001:000259c0       ?resetObstaclesBuffers@CharacterControllerManager@Cct@physx@@QEAAXXZ 00000001800269c0 f   CctCharacterControllerManager.obj
 0001:00027860       ??$?2V?$ReflectionAllocator@VBoxController@Cct@physx@@@shdfnd@physx@@@UserAllocated@shdfnd@physx@@SAPEAX_KV?$ReflectionAllocator@VBoxController@Cct@physx@@@12@PEBDH@Z 0000000180028860 f i CctCharacterControllerManager.obj
 0001:000278b0       ??$?2V?$ReflectionAllocator@VCapsuleController@Cct@physx@@@shdfnd@physx@@@UserAllocated@shdfnd@physx@@SAPEAX_KV?$ReflectionAllocator@VCapsuleController@Cct@physx@@@12@PEBDH@Z 00000001800288b0 f i CctCharacterControllerManager.obj
 0001:00027900       ??$?2V?$ReflectionAllocator@VCharacterControllerManager@Cct@physx@@@shdfnd@physx@@@UserAllocated@shdfnd@physx@@SAPEAX_KV?$ReflectionAllocator@VCharacterControllerManager@Cct@physx@@@12@PEBDH@Z 0000000180028900 f i CctCharacterControllerManager.obj
 0001:00027950       ??$?2V?$ReflectionAllocator@VObstacleContext@Cct@physx@@@shdfnd@physx@@@UserAllocated@shdfnd@physx@@SAPEAX_KV?$ReflectionAllocator@VObstacleContext@Cct@physx@@@12@PEBDH@Z 0000000180028950 f i CctCharacterControllerManager.obj
 0001:000279a0       ??$?2V?$ReflectionAllocator@VRenderBuffer@Cm@physx@@@shdfnd@physx@@@UserAllocated@shdfnd@physx@@SAPEAX_KV?$ReflectionAllocator@VRenderBuffer@Cm@physx@@@12@PEBDH@Z 00000001800289a0 f i CctCharacterControllerManager.obj
 0001:000279f0       ??$PX_UNUSED@W4Enum@PxDeletionEventFlag@physx@@@@YAXAEBW4Enum@PxDeletionEventFlag@physx@@@Z 00000001800289f0 f i CctCharacterControllerManager.obj
 0001:00027a00       ??$append@UPxDebugLine@physx@@@RenderBuffer@Cm@physx@@AEAAXAEAV?$Array@UPxDebugLine@physx@@VNamedAllocator@shdfnd@2@@shdfnd@2@PEBUPxDebugLine@2@I@Z 0000000180028a00 f i CctCharacterControllerManager.obj
 0001:00027aa0       ??$append@UPxDebugPoint@physx@@@RenderBuffer@Cm@physx@@AEAAXAEAV?$Array@UPxDebugPoint@physx@@VNamedAllocator@shdfnd@2@@shdfnd@2@PEBUPxDebugPoint@2@I@Z 0000000180028aa0 f i CctCharacterControllerManager.obj
 0001:00027b40       ??$append@UPxDebugText@physx@@@RenderBuffer@Cm@physx@@AEAAXAEAV?$Array@UPxDebugText@physx@@VNamedAllocator@shdfnd@2@@shdfnd@2@PEBUPxDebugText@2@I@Z 0000000180028b40 f i CctCharacterControllerManager.obj
 0001:00027be0       ??$append@UPxDebugTriangle@physx@@@RenderBuffer@Cm@physx@@AEAAXAEAV?$Array@UPxDebugTriangle@physx@@VNamedAllocator@shdfnd@2@@shdfnd@2@PEBUPxDebugTriangle@2@I@Z 0000000180028be0 f i CctCharacterControllerManager.obj
 0001:00027c80       ??$resetOrClear@V?$Array@PEBXVNamedAllocator@shdfnd@physx@@@shdfnd@physx@@@@YAXAEAV?$Array@PEBXVNamedAllocator@shdfnd@physx@@@shdfnd@physx@@@Z 0000000180028c80 f i CctCharacterControllerManager.obj
 0001:00027d00       ??$resetOrClear@V?$Array@UPxExtendedCapsule@physx@@VNamedAllocator@shdfnd@2@@shdfnd@physx@@@@YAXAEAV?$Array@UPxExtendedCapsule@physx@@VNamedAllocator@shdfnd@2@@shdfnd@physx@@@Z 0000000180028d00 f i CctCharacterControllerManager.obj
 0001:00027d80       ??$resetOrClear@V?$Array@VPxExtendedBox@physx@@VNamedAllocator@shdfnd@2@@shdfnd@physx@@@@YAXAEAV?$Array@VPxExtendedBox@physx@@VNamedAllocator@shdfnd@2@@shdfnd@physx@@@Z 0000000180028d80 f i CctCharacterControllerManager.obj
 0001:00027e00       ??$swap@PEAVController@Cct@physx@@@shdfnd@physx@@YAXAEAPEAVController@Cct@1@0@Z 0000000180028e00 f i CctCharacterControllerManager.obj
 0001:00027e50       ??0?$Array@DVNamedAllocator@shdfnd@physx@@@shdfnd@physx@@QEAA@AEBVNamedAllocator@12@@Z 0000000180028e50 f i CctCharacterControllerManager.obj
 0001:00027eb0       ??0?$Array@PEAVController@Cct@physx@@VNamedAllocator@shdfnd@3@@shdfnd@physx@@QEAA@AEBVNamedAllocator@12@@Z 0000000180028eb0 f i CctCharacterControllerManager.obj
 0001:00027f10       ??0?$Array@PEAVObstacleContext@Cct@physx@@VNamedAllocator@shdfnd@3@@shdfnd@physx@@QEAA@AEBVNamedAllocator@12@@Z 0000000180028f10 f i CctCharacterControllerManager.obj
[...]
 0003:000005d0       ?_ignore@?5??scaleInertia@PxMassProperties@physx@@SA?AVPxMat33@3@AEBV43@AEBVPxQuat@3@AEBVPxVec3@3@@Z@4_NA 00000001800565d0     PhysX3ExtensionsDEBUG:ExtRigidBodyExt.obj
 0003:000005d1       ?_ignore@?4??sum@PxMassProperties@physx@@SA?AV23@PEBV23@PEBVPxTransform@3@I@Z@4_NA 00000001800565d1     PhysX3ExtensionsDEBUG:ExtRigidBodyExt.obj
 0003:000005d2       ?_ignore@?5??sum@PxMassProperties@physx@@SA?AV23@PEBV23@PEBVPxTransform@3@I@Z@4_NA 00000001800565d2     PhysX3ExtensionsDEBUG:ExtRigidBodyExt.obj
 0003:000005d3       ?_ignore@?6??sum@PxMassProperties@physx@@SA?AV23@PEBV23@PEBVPxTransform@3@I@Z@4_NA 00000001800565d3     PhysX3ExtensionsDEBUG:ExtRigidBodyExt.obj
 0003:000005d4       ?_ignore@?9??sum@PxMassProperties@physx@@SA?AV23@PEBV23@PEBVPxTransform@3@I@Z@4_NA 00000001800565d4     PhysX3ExtensionsDEBUG:ExtRigidBodyExt.obj
 0003:000005d5       ?_ignore@?L@??sum@PxMassProperties@physx@@SA?AV23@PEBV23@PEBVPxTransform@3@I@Z@4_NA 00000001800565d5     PhysX3ExtensionsDEBUG:ExtRigidBodyExt.obj
 0003:000005d6       ?_ignore@?M@??sum@PxMassProperties@physx@@SA?AV23@PEBV23@PEBVPxTransform@3@I@Z@4_NA 00000001800565d6     PhysX3ExtensionsDEBUG:ExtRigidBodyExt.obj
 0003:000005dc       ?_ignore@?2??setDiagonal@InertiaTensorComputer@Ext@physx@@QEAAXMAEBVPxVec3@4@@Z@4_NA 00000001800565dc     PhysX3ExtensionsDEBUG:ExtRigidBodyExt.obj
 0003:000005dd       ?_ignore@?3??setDiagonal@InertiaTensorComputer@Ext@physx@@QEAAXMAEBVPxVec3@4@@Z@4_NA 00000001800565dd     PhysX3ExtensionsDEBUG:ExtRigidBodyExt.obj
 0003:000005de       ?_ignore@?2??rotate@InertiaTensorComputer@Ext@physx@@QEAAXAEBVPxMat33@4@@Z@4_NA 00000001800565de     PhysX3ExtensionsDEBUG:ExtRigidBodyExt.obj
 0003:000005df       ?_ignore@?3??rotate@InertiaTensorComputer@Ext@physx@@QEAAXAEBVPxMat33@4@@Z@4_NA 00000001800565df     PhysX3ExtensionsDEBUG:ExtRigidBodyExt.obj
 0003:000005e2       ?_ignore@?2??scaleDensity@InertiaTensorComputer@Ext@physx@@QEAAXM@Z@4_NA 00000001800565e2     PhysX3ExtensionsDEBUG:ExtRigidBodyExt.obj
 0003:000005e3       ?_ignore@?3??scaleDensity@InertiaTensorComputer@Ext@physx@@QEAAXM@Z@4_NA 00000001800565e3     PhysX3ExtensionsDEBUG:ExtRigidBodyExt.obj
 0003:000005e4       ?_ignore@?2??add@InertiaTensorComputer@Ext@physx@@QEAAXAEBV234@@Z@4_NA 00000001800565e4     PhysX3ExtensionsDEBUG:ExtRigidBodyExt.obj
 0003:000005e5       ?_ignore@?3??add@InertiaTensorComputer@Ext@physx@@QEAAXAEBV234@@Z@4_NA 00000001800565e5     PhysX3ExtensionsDEBUG:ExtRigidBodyExt.obj
 0003:000005e6       ?_ignore@?4??add@InertiaTensorComputer@Ext@physx@@QEAAXAEBV234@@Z@4_NA 00000001800565e6     PhysX3ExtensionsDEBUG:ExtRigidBodyExt.obj
 0003:000005f6       ?_ignore@?2???A?$Array@PEAVPxShape@physx@@V?$InlineAllocator@$0IA@VNamedAllocator@shdfnd@physx@@@shdfnd@2@@shdfnd@physx@@QEAAAEAPEAVPxShape@3@I@Z@4_NA 00000001800565f6     PhysX3ExtensionsDEBUG:ExtRigidBodyExt.obj
 0003:000005f7       ?_ignore@?2??grow@?$Array@VPxTransform@physx@@V?$InlineAllocator@$0BMA@VNamedAllocator@shdfnd@physx@@@shdfnd@2@@shdfnd@physx@@IEAAXI@Z@4_NA 00000001800565f7     PhysX3ExtensionsDEBUG:ExtRigidBodyExt.obj
 0003:000005f8       ?_ignore@?2??grow@?$Array@VPxMassProperties@physx@@V?$InlineAllocator@$0DEA@VNamedAllocator@shdfnd@physx@@@shdfnd@2@@shdfnd@physx@@IEAAXI@Z@4_NA 00000001800565f8     PhysX3ExtensionsDEBUG:ExtRigidBodyExt.obj
 0003:000005f9       ?_ignore@?2??growAndPushBack@?$Array@VPxMassProperties@physx@@V?$InlineAllocator@$0DEA@VNamedAllocator@shdfnd@physx@@@shdfnd@2@@shdfnd@physx@@IEAAAEAVPxMassProperties@4@AEBV54@@Z@4_NA 00000001800565f9     PhysX3ExtensionsDEBUG:ExtRigidBodyExt.obj
 0003:000005fa       ?_ignore@?2??recreate@?$Array@VPxMassProperties@physx@@V?$InlineAllocator@$0DEA@VNamedAllocator@shdfnd@physx@@@shdfnd@2@@shdfnd@physx@@IEAAXI@Z@4_NA 00000001800565fa     PhysX3ExtensionsDEBUG:ExtRigidBodyExt.obj
 0003:000005fb       ?_ignore@?2??growAndPushBack@?$Array@VPxTransform@physx@@V?$InlineAllocator@$0BMA@VNamedAllocator@shdfnd@physx@@@shdfnd@2@@shdfnd@physx@@IEAAAEAVPxTransform@4@AEBV54@@Z@4_NA 00000001800565fb     PhysX3ExtensionsDEBUG:ExtRigidBodyExt.obj
 0003:000005fc       ?_ignore@?2??recreate@?$Array@VPxTransform@physx@@V?$InlineAllocator@$0BMA@VNamedAllocator@shdfnd@physx@@@shdfnd@2@@shdfnd@physx@@IEAAXI@Z@4_NA 00000001800565fc     PhysX3ExtensionsDEBUG:ExtRigidBodyExt.obj
 0003:000005fd       ?_ignore@?2??grow@?$Array@PEAVPxShape@physx@@V?$InlineAllocator@$0IA@VNamedAllocator@shdfnd@physx@@@shdfnd@2@@shdfnd@physx@@IEAAXI@Z@4_NA 00000001800565fd     PhysX3ExtensionsDEBUG:ExtRigidBodyExt.obj
 0003:000005fe       ?_ignore@?2??recreate@?$Array@PEAVPxShape@physx@@V?$InlineAllocator@$0IA@VNamedAllocator@shdfnd@physx@@@shdfnd@2@@shdfnd@physx@@IEAAXI@Z@4_NA 00000001800565fe     PhysX3ExtensionsDEBUG:ExtRigidBodyExt.obj
 0003:00000600       ?__type_info_root_node@@3U__type_info_node@@A 0000000180056600     MSVCRTD:tncleanup.obj
 0003:00000630       ?_OptionsStorage@?1??__local_stdio_printf_options@@9@4_KA 0000000180056630     MSVCRTD:default_local_stdio_options.obj
 0003:00000640       ?_OptionsStorage@?1??__local_stdio_scanf_options@@9@4_KA 0000000180056640     MSVCRTD:default_local_stdio_options.obj
 0003:00000650       __scrt_current_native_startup_state 0000000180056650     MSVCRTD:utility.obj
 0003:00000658       __scrt_native_startup_lock 0000000180056658     MSVCRTD:utility.obj
 0003:000006a0       __scrt_debugger_hook_flag  00000001800566a0     MSVCRTD:utility_desktop.obj
 0003:000006a4       __favor                    00000001800566a4     MSVCRTD:_cpu_disp_.obj
 0003:00000d48       __dyn_tls_init_callback    0000000180056d48     <common>
 0005:00000000       __imp_InitializeSListHead  000000018005b000     kernel32:KERNEL32.dll
 0005:00000008       __imp_QueryPerformanceCounter 000000018005b008     kernel32:KERNEL32.dll
 0005:00000010       __imp_GetCurrentProcessId  000000018005b010     kernel32:KERNEL32.dll
 0005:00000018       __imp_GetCurrentThreadId   000000018005b018     kernel32:KERNEL32.dll
 0005:00000020       __imp_GetSystemTimeAsFileTime 000000018005b020     kernel32:KERNEL32.dll
 0005:00000028       __imp_DisableThreadLibraryCalls 000000018005b028     kernel32:KERNEL32.dll
 0005:00000030       __imp_RtlCaptureContext    000000018005b030     kernel32:KERNEL32.dll
 0005:00000038       __imp_RtlLookupFunctionEntry 000000018005b038     kernel32:KERNEL32.dll
 0005:00000040       __imp_RtlVirtualUnwind     000000018005b040     kernel32:KERNEL32.dll
 0005:00000048       __imp_IsDebuggerPresent    000000018005b048     kernel32:KERNEL32.dll
 0005:00000050       __imp_UnhandledExceptionFilter 000000018005b050     kernel32:KERNEL32.dll
 0005:00000058       __imp_SetUnhandledExceptionFilter 000000018005b058     kernel32:KERNEL32.dll
 0005:00000060       __imp_GetStartupInfoW      000000018005b060     kernel32:KERNEL32.dll
 0005:00000068       __imp_IsProcessorFeaturePresent 000000018005b068     kernel32:KERNEL32.dll
 0005:00000070       __imp_GetModuleHandleW     000000018005b070     kernel32:KERNEL32.dll
 0005:00000078       __imp_RaiseException       000000018005b078     kernel32:KERNEL32.dll
 0005:00000080       __imp_MultiByteToWideChar  000000018005b080     kernel32:KERNEL32.dll
 0005:00000088       __imp_WideCharToMultiByte  000000018005b088     kernel32:KERNEL32.dll
 0005:00000090       __imp_GetLastError         000000018005b090     kernel32:KERNEL32.dll
 0005:00000098       __imp_HeapAlloc            000000018005b098     kernel32:KERNEL32.dll
 0005:000000a0       __imp_TerminateProcess     000000018005b0a0     kernel32:KERNEL32.dll
 0005:000000a8       __imp_HeapFree             000000018005b0a8     kernel32:KERNEL32.dll
 0005:000000b0       __imp_GetProcessHeap       000000018005b0b0     kernel32:KERNEL32.dll
 0005:000000b8       __imp_VirtualQuery         000000018005b0b8     kernel32:KERNEL32.dll
 0005:000000c0       __imp_FreeLibrary          000000018005b0c0     kernel32:KERNEL32.dll
 0005:000000c8       __imp_GetProcAddress       000000018005b0c8     kernel32:KERNEL32.dll
 0005:000000d0       __imp_GetCurrentProcess    000000018005b0d0     kernel32:KERNEL32.dll
 0005:000000d8       \177KERNEL32_NULL_THUNK_DATA 000000018005b0d8     kernel32:KERNEL32.dll
 0005:00000158       __imp_?sweep@PxGeometryQuery@physx@@SA_NAEBVPxVec3@2@MAEBVPxGeometry@2@AEBVPxTransform@2@12AEAUPxSweepHit@2@V?$PxFlags@W4Enum@PxHitFlag@physx@@G@2@M@Z 000000018005b158     PhysX3CommonDEBUG_x64:PhysX3CommonDEBUG_x64.dll
 0005:00000160       __imp_?computePenetration@PxGeometryQuery@physx@@SA_NAEAVPxVec3@2@AEAMAEBVPxGeometry@2@AEBVPxTransform@2@23@Z 000000018005b160     PhysX3CommonDEBUG_x64:PhysX3CommonDEBUG_x64.dll
 0005:00000168       __imp_??0Box@Gu@physx@@QEAA@AEBVPxVec3@2@0AEBVPxMat33@2@@Z 000000018005b168     PhysX3CommonDEBUG_x64:PhysX3CommonDEBUG_x64.dll
 0005:00000170       __imp_??1Box@Gu@physx@@QEAA@XZ 000000018005b170     PhysX3CommonDEBUG_x64:PhysX3CommonDEBUG_x64.dll
 0005:00000178       __imp_?intersectOBBOBB@Gu@physx@@YA_NAEBVPxVec3@2@0AEBVPxMat33@2@001_N@Z 000000018005b178     PhysX3CommonDEBUG_x64:PhysX3CommonDEBUG_x64.dll
 0005:00000180       __imp_?distanceSegmentBoxSquared@Gu@physx@@YAMAEBVPxVec3@2@000AEBVPxMat33@2@PEAMPEAV32@@Z 000000018005b180     PhysX3CommonDEBUG_x64:PhysX3CommonDEBUG_x64.dll
 0005:00000188       __imp_?getTriangle@PxMeshQuery@physx@@SAXAEBVPxTriangleMeshGeometry@2@AEBVPxTransform@2@IAEAVPxTriangle@2@PEAI3@Z 000000018005b188     PhysX3CommonDEBUG_x64:PhysX3CommonDEBUG_x64.dll
 0005:00000190       __imp_?getTriangle@PxMeshQuery@physx@@SAXAEBVPxHeightFieldGeometry@2@AEBVPxTransform@2@IAEAVPxTriangle@2@PEAI3@Z 000000018005b190     PhysX3CommonDEBUG_x64:PhysX3CommonDEBUG_x64.dll
 0005:00000198       __imp_?PxTransformFromSegment@physx@@YA?AVPxTransform@1@AEBVPxVec3@1@0PEAM@Z 000000018005b198     PhysX3CommonDEBUG_x64:PhysX3CommonDEBUG_x64.dll
 0005:000001a0       __imp_??6RenderOutput@Cm@physx@@QEAAAEAV012@VPxVec3@2@@Z 000000018005b1a0     PhysX3CommonDEBUG_x64:PhysX3CommonDEBUG_x64.dll
 0005:000001a8       __imp_?intersectTriangleBox_Unsafe@Gu@physx@@YAHAEBVPxVec3@2@0000@Z 000000018005b1a8     PhysX3CommonDEBUG_x64:PhysX3CommonDEBUG_x64.dll
 0005:000001b0       __imp_?CompleteBoxPruning@Cm@physx@@YA_NPEBVPxBounds3@2@IAEAV?$Array@IVNamedAllocator@shdfnd@physx@@@shdfnd@2@AEBVAxes@Gu@2@@Z 000000018005b1b0     PhysX3CommonDEBUG_x64:PhysX3CommonDEBUG_x64.dll
 0005:000001b8       __imp_?distanceSegmentSegmentSquared@Gu@physx@@YAMAEBVPxVec3@2@000PEAM1@Z 000000018005b1b8     PhysX3CommonDEBUG_x64:PhysX3CommonDEBUG_x64.dll
 0005:000001c0       __imp_?getRaycastFuncTable@Gu@physx@@YAAEAY06Q6AIAEBVPxGeometry@2@AEBVPxTransform@2@AEBVPxVec3@2@2MV?$PxFlags@W4Enum@PxHitFlag@physx@@G@2@IPEIAUPxRaycastHit@2@@ZXZ 000000018005b1c0     PhysX3CommonDEBUG_x64:PhysX3CommonDEBUG_x64.dll
 0005:000001c8       __imp_?findOverlapTriangleMesh@PxMeshQuery@physx@@SAIAEBVPxGeometry@2@AEBVPxTransform@2@AEBVPxTriangleMeshGeometry@2@1PEAIIIAEA_N@Z 000000018005b1c8     PhysX3CommonDEBUG_x64:PhysX3CommonDEBUG_x64.dll
 0005:000001d0       __imp_?findOverlapHeightField@PxMeshQuery@physx@@SAIAEBVPxGeometry@2@AEBVPxTransform@2@AEBVPxHeightFieldGeometry@2@1PEAIIIAEA_N@Z 000000018005b1d0     PhysX3CommonDEBUG_x64:PhysX3CommonDEBUG_x64.dll
 0005:000001d8       __imp_?sweep@PxMeshQuery@physx@@SA_NAEBVPxVec3@2@MAEBVPxGeometry@2@AEBVPxTransform@2@IPEBVPxTriangle@2@AEAUPxSweepHit@2@V?$PxFlags@W4Enum@PxHitFlag@physx@@G@2@PEBIM_N@Z 000000018005b1d8     PhysX3CommonDEBUG_x64:PhysX3CommonDEBUG_x64.dll
 0005:000001e0       __imp_??6Cm@physx@@YAAEAVRenderOutput@01@AEAV201@AEBUDebugBox@01@@Z 000000018005b1e0     PhysX3CommonDEBUG_x64:PhysX3CommonDEBUG_x64.dll
 0005:000001e8       __imp_?outputCapsule@RenderOutput@Cm@physx@@QEAAAEAV123@MMAEBVPxMat44@3@@Z 000000018005b1e8     PhysX3CommonDEBUG_x64:PhysX3CommonDEBUG_x64.dll
 0005:000001f0       __imp_??6RenderOutput@Cm@physx@@QEAAAEAV012@AEBVPxTransform@2@@Z 000000018005b1f0     PhysX3CommonDEBUG_x64:PhysX3CommonDEBUG_x64.dll
 0005:000001f8       __imp_??6RenderOutput@Cm@physx@@QEAAAEAV012@I@Z 000000018005b1f8     PhysX3CommonDEBUG_x64:PhysX3CommonDEBUG_x64.dll
 0005:00000200       __imp_??0RenderOutput@Cm@physx@@QEAA@AEAVRenderBuffer@12@@Z 000000018005b200     PhysX3CommonDEBUG_x64:PhysX3CommonDEBUG_x64.dll
 0005:00000208       __imp_??6RenderOutput@Cm@physx@@QEAAAEAV012@W4Primitive@012@@Z 000000018005b208     PhysX3CommonDEBUG_x64:PhysX3CommonDEBUG_x64.dll
 0005:00000210       \177PhysX3CommonDEBUG_x64_NULL_THUNK_DATA 000000018005b210     PhysX3CommonDEBUG_x64:PhysX3CommonDEBUG_x64.dll
 0005:00000288       __imp_?PxShortestRotation@physx@@YA?AVPxQuat@1@AEBVPxVec3@1@0@Z 000000018005b288     PxFoundationDEBUG_x64:PxFoundationDEBUG_x64.dll
 0005:00000290       __imp_?error@Foundation@shdfnd@physx@@QEAAXW4Enum@PxErrorCode@3@PEBDH1ZZ 000000018005b290     PxFoundationDEBUG_x64:PxFoundationDEBUG_x64.dll
 0005:00000298       __imp_?PxGetAssertHandler@physx@@YAAEAVPxAssertHandler@1@XZ 000000018005b298     PxFoundationDEBUG_x64:PxFoundationDEBUG_x64.dll
 0005:000002a0       __imp_?decRefCount@Foundation@shdfnd@physx@@SAXXZ 000000018005b2a0     PxFoundationDEBUG_x64:PxFoundationDEBUG_x64.dll
 0005:000002a8       __imp_?incRefCount@Foundation@shdfnd@physx@@SAXXZ 000000018005b2a8     PxFoundationDEBUG_x64:PxFoundationDEBUG_x64.dll
 0005:000002b0       __imp_?getInstance@Foundation@shdfnd@physx@@SAAEAV123@XZ 000000018005b2b0     PxFoundationDEBUG_x64:PxFoundationDEBUG_x64.dll
 0005:000002b8       __imp_?getSize@MutexImpl@shdfnd@physx@@SAAEBIXZ 000000018005b2b8     PxFoundationDEBUG_x64:PxFoundationDEBUG_x64.dll
 0005:000002c0       __imp_??1MutexImpl@shdfnd@physx@@QEAA@XZ 000000018005b2c0     PxFoundationDEBUG_x64:PxFoundationDEBUG_x64.dll
 0005:000002c8       __imp_??0MutexImpl@shdfnd@physx@@QEAA@XZ 000000018005b2c8     PxFoundationDEBUG_x64:PxFoundationDEBUG_x64.dll
 0005:000002d0       __imp_?PxDiagonalize@physx@@YA?AVPxVec3@1@AEBVPxMat33@1@AEAVPxQuat@1@@Z 000000018005b2d0     PxFoundationDEBUG_x64:PxFoundationDEBUG_x64.dll
 0005:000002d8       __imp_?deallocate@NamedAllocator@shdfnd@physx@@QEAAXPEAX@Z 000000018005b2d8     PxFoundationDEBUG_x64:PxFoundationDEBUG_x64.dll
 0005:000002e0       __imp_?allocate@NamedAllocator@shdfnd@physx@@QEAAPEAX_KPEBDH@Z 000000018005b2e0     PxFoundationDEBUG_x64:PxFoundationDEBUG_x64.dll
 0005:000002e8       __imp_??1NamedAllocator@shdfnd@physx@@QEAA@XZ 000000018005b2e8     PxFoundationDEBUG_x64:PxFoundationDEBUG_x64.dll
 0005:000002f0       __imp_??0NamedAllocator@shdfnd@physx@@QEAA@AEBV012@@Z 000000018005b2f0     PxFoundationDEBUG_x64:PxFoundationDEBUG_x64.dll
 0005:000002f8       __imp_PxGetProfilerCallback 000000018005b2f8     PxFoundationDEBUG_x64:PxFoundationDEBUG_x64.dll
 0005:00000300       __imp_?unlock@MutexImpl@shdfnd@physx@@QEAAXXZ 000000018005b300     PxFoundationDEBUG_x64:PxFoundationDEBUG_x64.dll
 0005:00000308       __imp_?lock@MutexImpl@shdfnd@physx@@QEAAXXZ 000000018005b308     PxFoundationDEBUG_x64:PxFoundationDEBUG_x64.dll
 0005:00000310       __imp_??0NamedAllocator@shdfnd@physx@@QEAA@PEBD@Z 000000018005b310     PxFoundationDEBUG_x64:PxFoundationDEBUG_x64.dll
 0005:00000318       __imp_?getAllocator@shdfnd@physx@@YAAEAVPxAllocatorCallback@2@XZ 000000018005b318     PxFoundationDEBUG_x64:PxFoundationDEBUG_x64.dll
 0005:00000320       __imp_PxGetFoundation      000000018005b320     PxFoundationDEBUG_x64:PxFoundationDEBUG_x64.dll
 0005:00000328       \177PxFoundationDEBUG_x64_NULL_THUNK_DATA 000000018005b328     PxFoundationDEBUG_x64:PxFoundationDEBUG_x64.dll
 0005:000003a0       __imp_memcpy               000000018005b3a0     vcruntimed:VCRUNTIME140D.dll
 0005:000003a8       __imp_memset               000000018005b3a8     vcruntimed:VCRUNTIME140D.dll
 0005:000003b0       __imp___std_type_info_name 000000018005b3b0     vcruntimed:VCRUNTIME140D.dll
 0005:000003b8       __imp_memcmp               000000018005b3b8     vcruntimed:VCRUNTIME140D.dll
 0005:000003c0       __imp___std_type_info_destroy_list 000000018005b3c0     vcruntimed:VCRUNTIME140D.dll
 0005:000003c8       __imp___C_specific_handler 000000018005b3c8     vcruntimed:VCRUNTIME140D.dll
 0005:000003d0       __imp___vcrt_GetModuleFileNameW 000000018005b3d0     vcruntimed:VCRUNTIME140D.dll
 0005:000003d8       __imp___vcrt_LoadLibraryExW 000000018005b3d8     vcruntimed:VCRUNTIME140D.dll
 0005:000003e0       __imp___vcrt_GetModuleHandleW 000000018005b3e0     vcruntimed:VCRUNTIME140D.dll
 0005:000003e8       __imp__purecall            000000018005b3e8     vcruntimed:VCRUNTIME140D.dll
 0005:000003f0       \177VCRUNTIME140D_NULL_THUNK_DATA 000000018005b3f0     vcruntimed:VCRUNTIME140D.dll
 0005:00000458       __imp__register_onexit_function 000000018005b458     ucrtd:ucrtbased.dll
 0005:00000460       __imp__initialize_onexit_table 000000018005b460     ucrtd:ucrtbased.dll
 0005:00000468       __imp__initialize_narrow_environment 000000018005b468     ucrtd:ucrtbased.dll
 0005:00000470       __imp__configure_narrow_argv 000000018005b470     ucrtd:ucrtbased.dll
 0005:00000478       __imp__seh_filter_dll      000000018005b478     ucrtd:ucrtbased.dll
 0005:00000480       __imp__crt_atexit          000000018005b480     ucrtd:ucrtbased.dll
 0005:00000488       __imp__initterm_e          000000018005b488     ucrtd:ucrtbased.dll
 0005:00000490       __imp__initterm            000000018005b490     ucrtd:ucrtbased.dll
 0005:00000498       __imp__CrtDbgReportW       000000018005b498     ucrtd:ucrtbased.dll
 0005:000004a0       __imp__CrtDbgReport        000000018005b4a0     ucrtd:ucrtbased.dll
 0005:000004a8       __imp__fpclass             000000018005b4a8     ucrtd:ucrtbased.dll
 0005:000004b0       __imp_sqrtf                000000018005b4b0     ucrtd:ucrtbased.dll
 0005:000004b8       __imp_fabs                 000000018005b4b8     ucrtd:ucrtbased.dll
 0005:000004c0       __imp__execute_onexit_table 000000018005b4c0     ucrtd:ucrtbased.dll
 0005:000004c8       __imp__crt_at_quick_exit   000000018005b4c8     ucrtd:ucrtbased.dll
 0005:000004d0       __imp_wcscpy_s             000000018005b4d0     ucrtd:ucrtbased.dll
 0005:000004d8       __imp__wsplitpath_s        000000018005b4d8     ucrtd:ucrtbased.dll
 0005:000004e0       __imp__wmakepath_s         000000018005b4e0     ucrtd:ucrtbased.dll
 0005:000004e8       __imp___stdio_common_vsprintf_s 000000018005b4e8     ucrtd:ucrtbased.dll
 0005:000004f0       __imp_strcat_s             000000018005b4f0     ucrtd:ucrtbased.dll
 0005:000004f8       __imp_strcpy_s             000000018005b4f8     ucrtd:ucrtbased.dll
 0005:00000500       __imp_terminate            000000018005b500     ucrtd:ucrtbased.dll
 0005:00000508       __imp__free_dbg            000000018005b508     ucrtd:ucrtbased.dll
 0005:00000510       __imp__cexit               000000018005b510     ucrtd:ucrtbased.dll
 0005:00000518       \177ucrtbased_NULL_THUNK_DATA 000000018005b518     ucrtd:ucrtbased.dll
 0005:00000590       __IMPORT_DESCRIPTOR_PxFoundationDEBUG_x64 000000018005b590     PxFoundationDEBUG_x64:PxFoundationDEBUG_x64.dll
 0005:000005a4       __IMPORT_DESCRIPTOR_PhysX3CommonDEBUG_x64 000000018005b5a4     PhysX3CommonDEBUG_x64:PhysX3CommonDEBUG_x64.dll
 0005:000005b8       __IMPORT_DESCRIPTOR_VCRUNTIME140D 000000018005b5b8     vcruntimed:VCRUNTIME140D.dll
 0005:000005cc       __IMPORT_DESCRIPTOR_ucrtbased 000000018005b5cc     ucrtd:ucrtbased.dll
 0005:000005e0       __IMPORT_DESCRIPTOR_KERNEL32 000000018005b5e0     kernel32:KERNEL32.dll
 0005:000005f4       __NULL_IMPORT_DESCRIPTOR   000000018005b5f4     PxFoundationDEBUG_x64:PxFoundationDEBUG_x64.dll
 0006:00000000       __guard_check_icall_fptr   000000018005d000     MSVCRTD:guard_support.obj
 0006:00000010       __guard_dispatch_icall_fptr 000000018005d010     MSVCRTD:guard_support.obj
 0006:00000020       __guard_ss_verify_failure_fptr 000000018005d020     MSVCRTD:guard_support.obj
 0006:00000030       __guard_ss_verify_sp_fptr  000000018005d030     MSVCRTD:guard_support.obj
