 PhysX3CommonCHECKED_x64

 Timestamp is 5997385f (Fri Aug 18 19:56:31 2017)

 Preferred load address is 0000000180000000

 Start         Length     Name                   Class
 0001:00000000 0000cbf0H .text$di                CODE
 0001:0000cbf0 001b35b0H .text$mn                CODE
 0001:001c01a0 000010f7H .text$mn$00             CODE
 0001:001c1297 000010a1H .text$x                 CODE
 0002:00000000 00000110H .CRT$XCA                DATA
 0002:00000110 00001cc8H .CRT$XCU                DATA
 0002:00001dd8 00000110H .CRT$XCZ                DATA
 0002:00001ee8 00000110H .CRT$XIA                DATA
 0002:00001ff8 00000110H .CRT$XIZ                DATA
 0002:00002108 00000110H .CRT$XPA                DATA
 0002:00002218 00000110H .CRT$XPZ                DATA
 0002:00002328 00000110H .CRT$XTA                DATA
 0002:00002438 00000118H .CRT$XTZ                DATA
 0002:00002550 000065e8H .rdata                  DATA
 0002:00008b38 00000188H .rdata$r                DATA
 0002:00008cc0 000001b8H .rdata$zzzdbg           DATA
 0002:00008e78 00000110H .rtc$IAA                DATA
 0002:00008f88 00000110H .rtc$IZZ                DATA
 0002:00009098 00000110H .rtc$TAA                DATA
 0002:000091a8 00000110H .rtc$TZZ                DATA
 0002:000092b8 00010ed8H .xdata                  DATA
 0002:0001a190 0000c6efH .edata                  DATA
 0003:00000000 00000dd0H .data                   DATA
 0003:00000dd0 00000520H .data$r                 DATA
 0003:000012f0 00003771H .bss                    DATA
 0004:00000000 00007854H .pdata                  DATA
 0005:00000000 000003c8H .idata$5                DATA
 0005:000003c8 00000078H .idata$2                DATA
 0005:00000440 00000018H .idata$3                DATA
 0005:00000458 000003c8H .idata$4                DATA
 0005:00000820 000005a4H .idata$6                DATA
 0006:00000000 00000020H .didat$2                DATA
 0006:00000020 00000020H .didat$3                DATA
 0006:00000040 00000128H .didat$4                DATA
 0006:00000168 00000128H .didat$5                DATA
 0006:00000290 00000590H .didat$6                DATA
 0006:00000820 000001caH .didat$7                DATA
 0007:00000000 0000013fH .00cfg                  DATA
 0008:00000000 000001c0H .rsrc$01                DATA
 0008:000001c0 000006a9H .rsrc$02                DATA

  Address         Publics by Value              Rva+Base               Lib:Object

 0000:00000000       __guard_fids_table         0000000000000000     <absolute>
 0000:00000000       __guard_fids_count         0000000000000000     <absolute>
 0000:00000000       __hybrid_auxiliary_iat     0000000000000000     <absolute>
 0000:00000000       __hybrid_code_map_count    0000000000000000     <absolute>
 0000:00000000       __guard_longjmp_table      0000000000000000     <absolute>
 0000:00000000       ___safe_se_handler_count   0000000000000000     <absolute>
 0000:00000000       __hybrid_code_map          0000000000000000     <absolute>
 0000:00000000       __guard_longjmp_count      0000000000000000     <absolute>
 0000:00000000       __guard_iat_table          0000000000000000     <absolute>
 0000:00000000       __enclave_config           0000000000000000     <absolute>
 0000:00000000       __guard_iat_count          0000000000000000     <absolute>
 0000:00000000       __dynamic_value_reloc_table 0000000000000000     <absolute>
 0000:00000000       ___safe_se_handler_table   0000000000000000     <absolute>
 0000:00000100       __guard_flags              0000000000000100     <absolute>
 0000:00000000       __ImageBase                0000000180000000     <linker-defined>
 0001:0000cbf0       PxSetPhysXCommonDelayLoadHook 000000018000dbf0 f   CmWindowsDelayLoadHook.obj
 0001:0000cc00       ?delayHook@@YAP6A_JXZIPEAUDelayLoadInfo@@@Z 000000018000dc00 f   CmWindowsDelayLoadHook.obj
 0001:0000cc60       ?physXCommonDliNotePreLoadLibrary@Cm@physx@@YAP6A_JXZPEBDPEBVPxDelayLoadHook@2@@Z 000000018000dc60 f i CmWindowsDelayLoadHook.obj
 0001:0000cf80       ??0CmModuleUpdateLoader@Cm@physx@@QEAA@PEBD@Z 000000018000df80 f   CmWindowsModuleUpdateLoader.obj
 0001:0000cfd0       ??1CmModuleUpdateLoader@Cm@physx@@QEAA@XZ 000000018000dfd0 f   CmWindowsModuleUpdateLoader.obj
 0001:0000d000       ?LoadModule@CmModuleUpdateLoader@Cm@physx@@QEAAPEAUHINSTANCE__@@PEBD0@Z 000000018000e000 f   CmWindowsModuleUpdateLoader.obj
 0001:0000d050       ??0Allocator@shdfnd@physx@@QEAA@PEBD@Z 000000018000e050 f i CmWindowsModuleUpdateLoader.obj
 0001:0000d060       ??0PxFoundation@physx@@QEAA@AEBV01@@Z 000000018000e060 f i CmWindowsModuleUpdateLoader.obj
 0001:0000d080       ??0PxFoundation@physx@@QEAA@XZ 000000018000e080 f i CmWindowsModuleUpdateLoader.obj
 0001:0000d0a0       ??1PxFoundation@physx@@MEAA@XZ 000000018000e0a0 f i CmWindowsModuleUpdateLoader.obj
 0001:0000d0b0       ??4Allocator@shdfnd@physx@@QEAAAEAV012@$$QEAV012@@Z 000000018000e0b0 f i CmWindowsModuleUpdateLoader.obj
 0001:0000d0c0       ??4Allocator@shdfnd@physx@@QEAAAEAV012@AEBV012@@Z 000000018000e0c0 f i CmWindowsModuleUpdateLoader.obj
 0001:0000d0d0       ??4CmModuleUpdateLoader@Cm@physx@@QEAAAEAV012@AEBV012@@Z 000000018000e0d0 f i CmWindowsModuleUpdateLoader.obj
 0001:0000d0e0       ??4MutexImpl@shdfnd@physx@@QEAAAEAV012@AEBV012@@Z 000000018000e0e0 f i CmWindowsModuleUpdateLoader.obj
 0001:0000d0f0       ??4PxFoundation@physx@@QEAAAEAV01@AEBV01@@Z 000000018000e0f0 f i CmWindowsModuleUpdateLoader.obj
 0001:0000d100       ??_EPxFoundation@physx@@MEAAPEAXI@Z 000000018000e100 f i CmWindowsModuleUpdateLoader.obj
 0001:0000d1b0       ??_FAllocator@shdfnd@physx@@QEAAXXZ 000000018000e1b0 f i CmWindowsModuleUpdateLoader.obj
 0001:0000d1c0       ??_FNamedAllocator@shdfnd@physx@@QEAAXXZ 000000018000e1c0 f i CmWindowsModuleUpdateLoader.obj
 0001:0000d1d0       ??_GPxFoundation@physx@@MEAAPEAXI@Z 000000018000e1d0 f i CmWindowsModuleUpdateLoader.obj
 0001:0000d210       ??_I@YAXPEAX_K1P6AX0@Z@Z   000000018000e210 f i CmWindowsModuleUpdateLoader.obj
 0001:0000d280       ?__empty_global_delete@@YAXPEAX@Z 000000018000e280 f i CmWindowsModuleUpdateLoader.obj
 0001:0000d290       ?__empty_global_delete@@YAXPEAX_K@Z 000000018000e290 f i CmWindowsModuleUpdateLoader.obj
 0001:0000d2a0       ?getAllocator@Foundation@shdfnd@physx@@QEAAAEAVPxAllocatorCallback@3@XZ 000000018000e2a0 f i CmWindowsModuleUpdateLoader.obj
 0001:0000d2b0       ?getAllocatorCallback@Foundation@shdfnd@physx@@UEAAAEAVPxAllocatorCallback@3@XZ 000000018000e2b0 f i CmWindowsModuleUpdateLoader.obj
 0001:0000d2c0       ?getErrorCallback@Foundation@shdfnd@physx@@UEAAAEAVPxErrorCallback@3@XZ 000000018000e2c0 f i CmWindowsModuleUpdateLoader.obj
 0001:0000d2d0       ?getErrorLevel@Foundation@shdfnd@physx@@UEBA?AW4Enum@PxErrorCode@3@XZ 000000018000e2d0 f i CmWindowsModuleUpdateLoader.obj
 0001:0000d2e0       ?getInternalErrorCallback@Foundation@shdfnd@physx@@QEAAAEAVPxErrorCallback@3@XZ 000000018000e2e0 f i CmWindowsModuleUpdateLoader.obj
 0001:0000d2f0       ?getNamedAllocMap@Foundation@shdfnd@physx@@QEAAAEAV?$HashMap@PEBVNamedAllocator@shdfnd@physx@@PEBDU?$Hash@PEBVNamedAllocator@shdfnd@physx@@@23@VNonTrackingAllocator@23@@23@XZ 000000018000e2f0 f i CmWindowsModuleUpdateLoader.obj
 0001:0000d300       ?getNamedAllocMutex@Foundation@shdfnd@physx@@QEAAAEAV?$MutexT@VAllocator@shdfnd@physx@@@23@XZ 000000018000e300 f i CmWindowsModuleUpdateLoader.obj
 0001:0000d310       ?getReportAllocationNames@Foundation@shdfnd@physx@@UEBA_NXZ 000000018000e310 f i CmWindowsModuleUpdateLoader.obj
 0001:0000d320       ?getTempAllocFreeTable@Foundation@shdfnd@physx@@QEAAAEAV?$Array@PEATTempAllocatorChunk@shdfnd@physx@@VAllocator@23@@23@XZ 000000018000e320 f i CmWindowsModuleUpdateLoader.obj
 0001:0000d330       ?getTempAllocMutex@Foundation@shdfnd@physx@@QEAAAEAV?$MutexT@VAllocator@shdfnd@physx@@@23@XZ 000000018000e330 f i CmWindowsModuleUpdateLoader.obj
 0001:0000d340       ?setErrorLevel@Foundation@shdfnd@physx@@UEAAXW4Enum@PxErrorCode@3@@Z 000000018000e340 f i CmWindowsModuleUpdateLoader.obj
 0001:0000d350       ?setReportAllocationNames@Foundation@shdfnd@physx@@UEAAX_N@Z 000000018000e350 f i CmWindowsModuleUpdateLoader.obj
 0001:0000d360       ?CompleteBoxPruning@Cm@physx@@YA_NPEBVPxBounds3@2@IAEAV?$Array@IVNamedAllocator@shdfnd@physx@@@shdfnd@2@AEBVAxes@Gu@2@@Z 000000018000e360 f   CmBoxPruning.obj
 0001:0000d660       ?BipartiteBoxPruning@Cm@physx@@YA_NPEBVPxBounds3@2@I0IAEAV?$Array@IVNamedAllocator@shdfnd@physx@@@shdfnd@2@AEBVAxes@Gu@2@@Z 000000018000e660 f   CmBoxPruning.obj
 0001:0000de80       ?GetNbHits@RadixSort@Cm@physx@@QEBAIXZ 000000018000ee80 f i CmBoxPruning.obj
 0001:0000de90       ?GetNbTotalCalls@RadixSort@Cm@physx@@QEBAIXZ 000000018000ee90 f i CmBoxPruning.obj
 0001:0000dea0       ?GetRanks@RadixSort@Cm@physx@@QEBAPEBIXZ 000000018000eea0 f i CmBoxPruning.obj
 0001:0000deb0       ?GetRecyclable@RadixSort@Cm@physx@@QEBAPEAIXZ 000000018000eeb0 f i CmBoxPruning.obj
 0001:0000dec0       ?growAndPushBack@?$Array@IVNamedAllocator@shdfnd@physx@@@shdfnd@physx@@IEAAAEAIAEBI@Z 000000018000eec0 f i CmBoxPruning.obj
 0001:0000dfc0       ?PxCreateCollection@@YAPEAVPxCollection@physx@@XZ 000000018000efc0 f   CmCollection.obj
 0001:0000e0c0       ?add@Collection@Cm@physx@@UEAAXAEAVPxBase@3@_K@Z 000000018000f0c0 f   CmCollection.obj
 0001:0000e1b0       ?remove@Collection@Cm@physx@@UEAAXAEAVPxBase@3@@Z 000000018000f1b0 f   CmCollection.obj
 0001:0000e270       ?contains@Collection@Cm@physx@@UEBA_NAEAVPxBase@3@@Z 000000018000f270 f   CmCollection.obj
 0001:0000e2a0       ?addId@Collection@Cm@physx@@UEAAXAEAVPxBase@3@_K@Z 000000018000f2a0 f   CmCollection.obj
 0001:0000e3f0       ?removeId@Collection@Cm@physx@@UEAAX_K@Z 000000018000f3f0 f   CmCollection.obj
 0001:0000e4e0       ?find@Collection@Cm@physx@@UEBAPEAVPxBase@3@_K@Z 000000018000f4e0 f   CmCollection.obj
 0001:0000e550       ?add@Collection@Cm@physx@@UEAAXAEAVPxCollection@3@@Z 000000018000f550 f   CmCollection.obj
 0001:0000e770       ?remove@Collection@Cm@physx@@UEAAXAEAVPxCollection@3@@Z 000000018000f770 f   CmCollection.obj
 0001:0000e8e0       ?getNbObjects@Collection@Cm@physx@@UEBAIXZ 000000018000f8e0 f   CmCollection.obj
 0001:0000e8f0       ?getObject@Collection@Cm@physx@@UEBAAEAVPxBase@3@I@Z 000000018000f8f0 f   CmCollection.obj
 0001:0000e910       ?getObjects@Collection@Cm@physx@@UEBAIPEAPEAVPxBase@3@II@Z 000000018000f910 f   CmCollection.obj
 0001:0000e9b0       ?getNbIds@Collection@Cm@physx@@UEBAIXZ 000000018000f9b0 f   CmCollection.obj
 0001:0000e9c0       ?getId@Collection@Cm@physx@@UEBA_KAEBVPxBase@3@@Z 000000018000f9c0 f   CmCollection.obj
 0001:0000e9f0       ?getIds@Collection@Cm@physx@@UEBAIPEA_KII@Z 000000018000f9f0 f   CmCollection.obj
 0001:0000edd0       ??1PxCollection@physx@@MEAA@XZ 000000018000fdd0 f i CmCollection.obj
 0001:0000ede0       ??_ECollection@Cm@physx@@UEAAPEAXI@Z 000000018000fde0 f i CmCollection.obj
 0001:0000ede0       ??_GCollection@Cm@physx@@UEAAPEAXI@Z 000000018000fde0 f i CmCollection.obj
 0001:0000eeb0       ??_GPxCollection@physx@@MEAAPEAXI@Z 000000018000feb0 f i CmCollection.obj
 0001:0000eeb0       ??_EPxCollection@physx@@MEAAPEAXI@Z 000000018000feb0 f i CmCollection.obj
 0001:0000eef0       ?create@?$HashBase@V?$Pair@$$CB_KPEAVPxBase@physx@@@shdfnd@physx@@_KU?$Hash@_K@23@UGetKey@?$HashMapBase@_KPEAVPxBase@physx@@U?$Hash@_K@shdfnd@2@VNonTrackingAllocator@42@@internal@23@VNonTrackingAllocator@23@$00@internal@shdfnd@physx@@QEAAPEAV?$Pair@$$CB_KPEAVPxBase@physx@@@34@AEB_KAEA_N@Z 000000018000fef0 f i CmCollection.obj
 0001:0000f0f0       ?create@?$HashBase@V?$Pair@QEAVPxBase@physx@@_K@shdfnd@physx@@PEAVPxBase@3@U?$Hash@PEAVPxBase@physx@@@23@UGetKey@?$HashMapBase@PEAVPxBase@physx@@_KU?$Hash@PEAVPxBase@physx@@@shdfnd@2@VNonTrackingAllocator@42@@internal@23@VNonTrackingAllocator@23@$00@internal@shdfnd@physx@@QEAAPEAV?$Pair@QEAVPxBase@physx@@_K@34@AEBQEAVPxBase@4@AEA_N@Z 00000001800100f0 f i CmCollection.obj
 0001:0000f2f0       ?erase@?$HashBase@V?$Pair@$$CB_KPEAVPxBase@physx@@@shdfnd@physx@@_KU?$Hash@_K@23@UGetKey@?$HashMapBase@_KPEAVPxBase@physx@@U?$Hash@_K@shdfnd@2@VNonTrackingAllocator@42@@internal@23@VNonTrackingAllocator@23@$00@internal@shdfnd@physx@@QEAA_NAEB_K@Z 00000001800102f0 f i CmCollection.obj
 0001:0000f530       ?erase@?$HashBase@V?$Pair@QEAVPxBase@physx@@_K@shdfnd@physx@@PEAVPxBase@3@U?$Hash@PEAVPxBase@physx@@@23@UGetKey@?$HashMapBase@PEAVPxBase@physx@@_KU?$Hash@PEAVPxBase@physx@@@shdfnd@2@VNonTrackingAllocator@42@@internal@23@VNonTrackingAllocator@23@$00@internal@shdfnd@physx@@QEAA_NAEBQEAVPxBase@4@@Z 0000000180010530 f i CmCollection.obj
 0001:0000f770       ?find@?$HashMapBase@PEAVPxBase@physx@@_KU?$Hash@PEAVPxBase@physx@@@shdfnd@2@VNonTrackingAllocator@42@@internal@shdfnd@physx@@QEBAPEBV?$Pair@QEAVPxBase@physx@@_K@34@AEBQEAVPxBase@4@@Z 0000000180010770 f i CmCollection.obj
 0001:0000f850       ?find@?$HashMapBase@_KPEAVPxBase@physx@@U?$Hash@_K@shdfnd@2@VNonTrackingAllocator@42@@internal@shdfnd@physx@@QEBAPEBV?$Pair@$$CB_KPEAVPxBase@physx@@@34@AEB_K@Z 0000000180010850 f i CmCollection.obj
 0001:0000f930       ?insert@?$HashMapBase@_KPEAVPxBase@physx@@U?$Hash@_K@shdfnd@2@VNonTrackingAllocator@42@@internal@shdfnd@physx@@QEAA_N_KQEAVPxBase@4@@Z 0000000180010930 f i CmCollection.obj
 0001:0000f990       ?release@Collection@Cm@physx@@UEAAXXZ 0000000180010990 f i CmCollection.obj
 0001:0000f9b0       ?reserveInternal@?$HashBase@V?$Pair@$$CB_KPEAVPxBase@physx@@@shdfnd@physx@@_KU?$Hash@_K@23@UGetKey@?$HashMapBase@_KPEAVPxBase@physx@@U?$Hash@_K@shdfnd@2@VNonTrackingAllocator@42@@internal@23@VNonTrackingAllocator@23@$00@internal@shdfnd@physx@@AEAAXI@Z 00000001800109b0 f i CmCollection.obj
 0001:0000fc10       ?reserveInternal@?$HashBase@V?$Pair@QEAVPxBase@physx@@_K@shdfnd@physx@@PEAVPxBase@3@U?$Hash@PEAVPxBase@physx@@@23@UGetKey@?$HashMapBase@PEAVPxBase@physx@@_KU?$Hash@PEAVPxBase@physx@@@shdfnd@2@VNonTrackingAllocator@42@@internal@23@VNonTrackingAllocator@23@$00@internal@shdfnd@physx@@AEAAXI@Z 0000000180010c10 f i CmCollection.obj
 0001:0000fe70       ?PxTransformFromPlaneEquation@physx@@YA?AVPxTransform@1@AEBVPxPlane@1@@Z 0000000180010e70 f   CmMathUtils.obj
 0001:00010010       ?PxTransformFromSegment@physx@@YA?AVPxTransform@1@AEBVPxVec3@1@0PEAM@Z 0000000180011010 f   CmMathUtils.obj
 0001:00010230       ??0PtrTable@Cm@physx@@QEAA@XZ 0000000180011230 f   CmPtrTable.obj
 0001:00010250       ??1PtrTable@Cm@physx@@QEAA@XZ 0000000180011250 f   CmPtrTable.obj
 0001:00010260       ?add@PtrTable@Cm@physx@@QEAAXPEAXAEAVPtrTableStorageManager@23@@Z 0000000180011260 f   CmPtrTable.obj
 0001:00010340       ?replaceWithLast@PtrTable@Cm@physx@@QEAAXIAEAVPtrTableStorageManager@23@@Z 0000000180011340 f   CmPtrTable.obj
 0001:00010440       ?clear@PtrTable@Cm@physx@@QEAAXAEAVPtrTableStorageManager@23@@Z 0000000180011440 f   CmPtrTable.obj
 0001:000104c0       ?find@PtrTable@Cm@physx@@QEBAIPEBX@Z 00000001800114c0 f   CmPtrTable.obj
 0001:000104f0       ?exportExtraData@PtrTable@Cm@physx@@QEAAXAEAVPxSerializationContext@3@@Z 00000001800114f0 f   CmPtrTable.obj
 0001:00010540       ?importExtraData@PtrTable@Cm@physx@@QEAAXAEAVPxDeserializationContext@3@@Z 0000000180011540 f   CmPtrTable.obj
 0001:00010570       ?getBinaryMetaData@PtrTable@Cm@physx@@SAXAEAVPxOutputStream@3@@Z 0000000180011570 f   CmPtrTable.obj
 0001:00010730       ?realloc@PtrTable@Cm@physx@@AEAAXIIAEAVPtrTableStorageManager@23@@Z 0000000180011730 f   CmPtrTable.obj
 0001:00010930       ??0PtrTable@Cm@physx@@QEAA@W4PxEMPTY@2@@Z 0000000180011930 f i CmPtrTable.obj
 0001:00010960       ??4PtrTable@Cm@physx@@QEAAAEAU012@AEBU012@@Z 0000000180011960 f i CmPtrTable.obj
 0001:00010970       ?getCount@PtrTable@Cm@physx@@QEBAIXZ 0000000180011970 f i CmPtrTable.obj
 0001:00010980       ?getPtrs@PtrTable@Cm@physx@@QEAAPEAPEAXXZ 0000000180011980 f i CmPtrTable.obj
 0001:000109a0       ?getPtrs@PtrTable@Cm@physx@@QEBAPEBQEAXXZ 00000001800119a0 f i CmPtrTable.obj
 0001:000109c0       ??0RadixSort@Cm@physx@@QEAA@XZ 00000001800119c0 f   CmRadixSort.obj
 0001:00010a00       ??1RadixSort@Cm@physx@@UEAA@XZ 0000000180011a00 f   CmRadixSort.obj
 0001:00010a20       ?Sort@RadixSort@Cm@physx@@QEAAAEAV123@PEBIIW4RadixHint@23@@Z 0000000180011a20 f   CmRadixSort.obj
 0001:000110b0       ?Sort@RadixSort@Cm@physx@@QEAAAEAV123@PEBMI@Z 00000001800120b0 f   CmRadixSort.obj
 0001:00011840       ?SetBuffers@RadixSort@Cm@physx@@QEAA_NPEAI00PEAPEAI@Z 0000000180012840 f   CmRadixSort.obj
 0001:00011c30       ??_ERadixSort@Cm@physx@@UEAAPEAXI@Z 0000000180012c30 f i CmRadixSort.obj
 0001:00011ce0       ??_GRadixSort@Cm@physx@@UEAAPEAXI@Z 0000000180012ce0 f i CmRadixSort.obj
 0001:00011d20       ??0RadixSortBuffered@Cm@physx@@QEAA@XZ 0000000180012d20 f   CmRadixSortBuffered.obj
 0001:00011d50       ??1RadixSortBuffered@Cm@physx@@UEAA@XZ 0000000180012d50 f   CmRadixSortBuffered.obj
 0001:00011dd0       ?Sort@RadixSortBuffered@Cm@physx@@QEAAAEAV123@PEBIIW4RadixHint@23@@Z 0000000180012dd0 f   CmRadixSortBuffered.obj
 0001:00011e70       ?Sort@RadixSortBuffered@Cm@physx@@QEAAAEAV123@PEBMI@Z 0000000180012e70 f   CmRadixSortBuffered.obj
 0001:00011f00       ?Resize@RadixSortBuffered@Cm@physx@@AEAA_NI@Z 0000000180012f00 f   CmRadixSortBuffered.obj
 0001:000120a0       ??_ERadixSortBuffered@Cm@physx@@UEAAPEAXI@Z 00000001800130a0 f i CmRadixSortBuffered.obj
 0001:000121f0       ??_GRadixSortBuffered@Cm@physx@@UEAAPEAXI@Z 00000001800131f0 f i CmRadixSortBuffered.obj
 0001:00012240       ?CheckResize@RadixSortBuffered@Cm@physx@@AEAAXI@Z 0000000180013240 f i CmRadixSortBuffered.obj
 0001:00012290       ??6RenderOutput@Cm@physx@@QEAAAEAV012@W4Primitive@012@@Z 0000000180013290 f   CmRenderOutput.obj
 0001:000122b0       ??6RenderOutput@Cm@physx@@QEAAAEAV012@I@Z 00000001800132b0 f   CmRenderOutput.obj
 0001:000122c0       ??6RenderOutput@Cm@physx@@QEAAAEAV012@AEBVPxMat44@2@@Z 00000001800132c0 f   CmRenderOutput.obj
 0001:00012330       ??6RenderOutput@Cm@physx@@QEAAAEAV012@AEBVPxTransform@2@@Z 0000000180013330 f   CmRenderOutput.obj
 0001:000124e0       ??6RenderOutput@Cm@physx@@QEAAAEAV012@VPxVec3@2@@Z 00000001800134e0 f   CmRenderOutput.obj
 0001:000129a0       ??6RenderOutput@Cm@physx@@QEAAAEAV012@AEBUDebugText@12@@Z 00000001800139a0 f   CmRenderOutput.obj
 0001:00012b70       ?outputCapsule@RenderOutput@Cm@physx@@QEAAAEAV123@MMAEBVPxMat44@3@@Z 0000000180013b70 f   CmRenderOutput.obj
 0001:000135d0       ??0DebugText@Cm@physx@@QEAA@AEBVPxVec3@2@MPEBDZZ 00000001800145d0 f   CmRenderOutput.obj
 0001:00013630       ??6Cm@physx@@YAAEAVRenderOutput@01@AEAV201@AEBUDebugBox@01@@Z 0000000180014630 f   CmRenderOutput.obj
 0001:00013b30       ??6Cm@physx@@YAAEAVRenderOutput@01@AEAV201@AEBUDebugArrow@01@@Z 0000000180014b30 f   CmRenderOutput.obj
 0001:00013f40       ??6Cm@physx@@YAAEAVRenderOutput@01@AEAV201@AEBUDebugBasis@01@@Z 0000000180014f40 f   CmRenderOutput.obj
 0001:00014040       ??6Cm@physx@@YAAEAVRenderOutput@01@AEAV201@AEBUDebugCircle@01@@Z 0000000180015040 f   CmRenderOutput.obj
 0001:00014130       ??6Cm@physx@@YAAEAVRenderOutput@01@AEAV201@AEBUDebugArc@01@@Z 0000000180015130 f   CmRenderOutput.obj
 0001:00014a20       ??$__vcrt_va_start_verify_argument_type@PEBD@@YAXXZ 0000000180015a20 f i CmRenderOutput.obj
 0001:00014a30       ??0DebugText@Cm@physx@@QEAA@$$QEAU012@@Z 0000000180015a30 f i CmRenderOutput.obj
 0001:00014b50       ??0DebugText@Cm@physx@@QEAA@AEBU012@@Z 0000000180015b50 f i CmRenderOutput.obj
 0001:00014c70       ??0RenderOutput@Cm@physx@@QEAA@AEAVRenderBuffer@12@@Z 0000000180015c70 f i CmRenderOutput.obj
 0001:00014ce0       ??0RenderOutput@Cm@physx@@QEAA@AEBV012@@Z 0000000180015ce0 f i CmRenderOutput.obj
 0001:00014db0       ??4DebugText@Cm@physx@@QEAAAEAU012@$$QEAU012@@Z 0000000180015db0 f i CmRenderOutput.obj
 0001:00014e40       ??4DebugText@Cm@physx@@QEAAAEAU012@AEBU012@@Z 0000000180015e40 f i CmRenderOutput.obj
 0001:00014ed0       ?copy@?$Array@UPxDebugLine@physx@@VNamedAllocator@shdfnd@2@@shdfnd@physx@@KAXPEAUPxDebugLine@3@0PEBU43@@Z 0000000180015ed0 f i CmRenderOutput.obj
 0001:000150f0       ?copy@?$Array@UPxDebugPoint@physx@@VNamedAllocator@shdfnd@2@@shdfnd@physx@@KAXPEAUPxDebugPoint@3@0PEBU43@@Z 00000001800160f0 f i CmRenderOutput.obj
 0001:00015230       ?copy@?$Array@UPxDebugText@physx@@VNamedAllocator@shdfnd@2@@shdfnd@physx@@KAXPEAUPxDebugText@3@0PEBU43@@Z 0000000180016230 f i CmRenderOutput.obj
 0001:00015400       ?copy@?$Array@UPxDebugTriangle@physx@@VNamedAllocator@shdfnd@2@@shdfnd@physx@@KAXPEAUPxDebugTriangle@3@0PEBU43@@Z 0000000180016400 f i CmRenderOutput.obj
 0001:00015680       ?growAndPushBack@?$Array@DVNamedAllocator@shdfnd@physx@@@shdfnd@physx@@IEAAAEADAEBD@Z 0000000180016680 f i CmRenderOutput.obj
 0001:00015780       ?growAndPushBack@?$Array@UPxDebugLine@physx@@VNamedAllocator@shdfnd@2@@shdfnd@physx@@IEAAAEAUPxDebugLine@3@AEBU43@@Z 0000000180016780 f i CmRenderOutput.obj
 0001:000158c0       ?growAndPushBack@?$Array@UPxDebugPoint@physx@@VNamedAllocator@shdfnd@2@@shdfnd@physx@@IEAAAEAUPxDebugPoint@3@AEBU43@@Z 00000001800168c0 f i CmRenderOutput.obj
 0001:000159d0       ?growAndPushBack@?$Array@UPxDebugText@physx@@VNamedAllocator@shdfnd@2@@shdfnd@physx@@IEAAAEAUPxDebugText@3@AEBU43@@Z 00000001800169d0 f i CmRenderOutput.obj
 0001:00015b00       ?growAndPushBack@?$Array@UPxDebugTriangle@physx@@VNamedAllocator@shdfnd@2@@shdfnd@physx@@IEAAAEAUPxDebugTriangle@3@AEBU43@@Z 0000000180016b00 f i CmRenderOutput.obj
 0001:00015c70       ?outputSegment@RenderOutput@Cm@physx@@QEAAXAEBVPxVec3@3@0@Z 0000000180016c70 f i CmRenderOutput.obj
 0001:00015d50       ?recreate@?$Array@DVNamedAllocator@shdfnd@physx@@@shdfnd@physx@@IEAAXI@Z 0000000180016d50 f i CmRenderOutput.obj
 0001:00015e20       ?recreate@?$Array@UPxDebugLine@physx@@VNamedAllocator@shdfnd@2@@shdfnd@physx@@IEAAXI@Z 0000000180016e20 f i CmRenderOutput.obj
 0001:00015ee0       ?reserveSegments@RenderOutput@Cm@physx@@QEAAPEAUPxDebugLine@3@I@Z 0000000180016ee0 f i CmRenderOutput.obj
 0001:00015f50       ?transform@PxMat44@physx@@QEBA?BVPxVec4@2@AEBV32@@Z 0000000180016f50 f i CmRenderOutput.obj
 0001:00016110       ?visualizeJointFrames@Cm@physx@@YAXAEAVRenderOutput@12@MAEBVPxTransform@2@1@Z 0000000180017110 f   CmVisualization.obj
 0001:000161e0       ?visualizeLinearLimit@Cm@physx@@YAXAEAVRenderOutput@12@MAEBVPxTransform@2@1M_N@Z 00000001800171e0 f   CmVisualization.obj
 0001:00016420       ?visualizeAngularLimit@Cm@physx@@YAXAEAVRenderOutput@12@MAEBVPxTransform@2@MM_N@Z 0000000180017420 f   CmVisualization.obj
 0001:000165f0       ?visualizeLimitCone@Cm@physx@@YAXAEAVRenderOutput@12@MAEBVPxTransform@2@MM_N@Z 00000001800175f0 f   CmVisualization.obj
 0001:00016880       ?visualizeDoubleCone@Cm@physx@@YAXAEAVRenderOutput@12@MAEBVPxTransform@2@M_N@Z 0000000180017880 f   CmVisualization.obj
 0001:00016d60       ??DPxQuat@physx@@QEBA?AV01@AEBV01@@Z 0000000180017d60 f i CmVisualization.obj
 0001:00016ee0       ?contactBoxBox@Gu@physx@@YA_NAEBVGeometryUnion@12@0AEBVPxTransform@2@1AEBUNarrowPhaseParams@12@AEAUCache@12@AEAVContactBuffer@12@PEAVRenderOutput@Cm@2@@Z 0000000180017ee0 f   GuContactBoxBox.obj
 0001:00017290       ??0Box@Gu@physx@@QEAA@AEBV012@@Z 0000000180018290 f i GuContactBoxBox.obj
 0001:00017310       ??0Box@Gu@physx@@QEAA@AEBVPxVec3@2@0AEBVPxMat33@2@@Z 0000000180018310 f i GuContactBoxBox.obj
 0001:00017390       ??0Box@Gu@physx@@QEAA@XZ   0000000180018390 f i GuContactBoxBox.obj
 0001:000173a0       ??0GeometryUnion@Gu@physx@@QEAA@AEBVPxGeometry@2@@Z 00000001800183a0 f i GuContactBoxBox.obj
 0001:000173c0       ??0GeometryUnion@Gu@physx@@QEAA@W4PxEMPTY@2@@Z 00000001800183c0 f i GuContactBoxBox.obj
 0001:000173d0       ??0GeometryUnion@Gu@physx@@QEAA@XZ 00000001800183d0 f i GuContactBoxBox.obj
 0001:000173e0       ??0MaterialIndicesStruct@physx@@QEAA@W4PxEMPTY@1@@Z 00000001800183e0 f i GuContactBoxBox.obj
 0001:000173f0       ??0MaterialIndicesStruct@physx@@QEAA@XZ 00000001800183f0 f i GuContactBoxBox.obj
 0001:00017400       ??0PxQuat@physx@@QEAA@AEBVPxMat33@1@@Z 0000000180018400 f i GuContactBoxBox.obj
 0001:00017680       ??0PxVec3@physx@@QEAA@XZ   0000000180018680 f i GuContactBoxBox.obj
 0001:00017690       ??0VertexInfo@@QEAA@XZ     0000000180018690 f i GuContactBoxBox.obj
 0001:000176a0       ??1Box@Gu@physx@@QEAA@XZ   00000001800186a0 f i GuContactBoxBox.obj
 0001:000176b0       ??1MaterialIndicesStruct@physx@@QEAA@XZ 00000001800186b0 f i GuContactBoxBox.obj
 0001:000176c0       ??1PxBase@physx@@MEAA@XZ   00000001800186c0 f i GuContactBoxBox.obj
 0001:000176d0       ??1PxConvexMesh@physx@@MEAA@XZ 00000001800186d0 f i GuContactBoxBox.obj
 0001:000176e0       ??4Box@Gu@physx@@QEAAAEBV012@AEBV012@@Z 00000001800186e0 f i GuContactBoxBox.obj
 0001:00017760       ??4GeometryUnion@Gu@physx@@QEAAAEAV012@$$QEAV012@@Z 0000000180018760 f i GuContactBoxBox.obj
 0001:000177a0       ??4GeometryUnion@Gu@physx@@QEAAAEAV012@AEBV012@@Z 00000001800187a0 f i GuContactBoxBox.obj
 0001:000177e0       ??4MaterialIndicesStruct@physx@@QEAAAEAU01@AEBU01@@Z 00000001800187e0 f i GuContactBoxBox.obj
 0001:000177f0       ??_EPxBase@physx@@MEAAPEAXI@Z 00000001800187f0 f i GuContactBoxBox.obj
 0001:000177f0       ??_GPxBase@physx@@MEAAPEAXI@Z 00000001800187f0 f i GuContactBoxBox.obj
 0001:00017830       ??_H@YAXPEAX_K1P6APEAX0@Z@Z 0000000180018830 f i GuContactBoxBox.obj
 0001:00017890       ?allocate@MaterialIndicesStruct@physx@@QEAAXG@Z 0000000180018890 f i GuContactBoxBox.obj
 0001:00017910       ?computeAABBExtent@Box@Gu@physx@@QEBA?AVPxVec3@3@XZ 0000000180018910 f i GuContactBoxBox.obj
 0001:00017a00       ?computeBoxPoints@Box@Gu@physx@@QEBAXPEIAVPxVec3@3@@Z 0000000180018a00 f i GuContactBoxBox.obj
 0001:00017a40       ?deallocate@MaterialIndicesStruct@physx@@QEAAXXZ 0000000180018a40 f i GuContactBoxBox.obj
 0001:0001af80       ?getConcreteTypeName@PxConvexMesh@physx@@UEBAPEBDXZ 000000018001bf80 f i GuContactBoxBox.obj
 0001:0001af90       ?getGeometry@GeometryUnion@Gu@physx@@QEBAAEBVPxGeometry@3@XZ 000000018001bf90 f i GuContactBoxBox.obj
 0001:0001afa0       ?getTransform@Box@Gu@physx@@QEBA?AVPxTransform@3@XZ 000000018001bfa0 f i GuContactBoxBox.obj
 0001:0001b010       ?getType@GeometryUnion@Gu@physx@@QEBA?AW4Enum@PxGeometryType@3@XZ 000000018001c010 f i GuContactBoxBox.obj
 0001:0001b020       ?isKindOf@PxBase@physx@@MEBA_NPEBD@Z 000000018001c020 f i GuContactBoxBox.obj
 0001:0001b060       ?isKindOf@PxConvexMesh@physx@@MEBA_NPEBD@Z 000000018001c060 f i GuContactBoxBox.obj
 0001:0001b0c0       ?isReleasable@PxBase@physx@@UEBA_NXZ 000000018001c0c0 f i GuContactBoxBox.obj
 0001:0001b0d0       ?isValid@Box@Gu@physx@@QEBA_NXZ 000000018001c0d0 f i GuContactBoxBox.obj
 0001:0001b0f0       ?rotate@Box@Gu@physx@@QEBA?AVPxVec3@3@AEBV43@@Z 000000018001c0f0 f i GuContactBoxBox.obj
 0001:0001b1c0       ?rotateInv@Box@Gu@physx@@QEBA?AVPxVec3@3@AEBV43@@Z 000000018001c1c0 f i GuContactBoxBox.obj
 0001:0001b270       ?setAxes@Box@Gu@physx@@QEAAXAEBVPxVec3@3@00@Z 000000018001c270 f i GuContactBoxBox.obj
 0001:0001b2c0       ?setEmpty@Box@Gu@physx@@QEAAXXZ 000000018001c2c0 f i GuContactBoxBox.obj
 0001:0001b310       ?transform@Box@Gu@physx@@QEBA?AVPxVec3@3@AEBV43@@Z 000000018001c310 f i GuContactBoxBox.obj
 0001:0001b400       ?contactCapsuleBox@Gu@physx@@YA_NAEBVGeometryUnion@12@0AEBVPxTransform@2@1AEBUNarrowPhaseParams@12@AEAUCache@12@AEAVContactBuffer@12@PEAVRenderOutput@Cm@2@@Z 000000018001c400 f   GuContactCapsuleBox.obj
 0001:0001d4e0       ?contactCapsuleCapsule@Gu@physx@@YA_NAEBVGeometryUnion@12@0AEBVPxTransform@2@1AEBUNarrowPhaseParams@12@AEAUCache@12@AEAVContactBuffer@12@PEAVRenderOutput@Cm@2@@Z 000000018001e4e0 f   GuContactCapsuleCapsule.obj
 0001:0001e0b0       ??0Segment@Gu@physx@@QEAA@XZ 000000018001f0b0 f i GuContactCapsuleCapsule.obj
 0001:0001e0c0       ??1Segment@Gu@physx@@QEAA@XZ 000000018001f0c0 f i GuContactCapsuleCapsule.obj
 0001:0001e0d0       ?contactCapsuleConvex@Gu@physx@@YA_NAEBVGeometryUnion@12@0AEBVPxTransform@2@1AEBUNarrowPhaseParams@12@AEAUCache@12@AEAVContactBuffer@12@PEAVRenderOutput@Cm@2@@Z 000000018001f0d0 f   GuContactCapsuleConvex.obj
 0001:0001f460       ??$gjk@U?$LocalConvex@VCapsuleV@Gu@physx@@@Gu@physx@@U?$LocalConvex@VConvexHullV@Gu@physx@@@23@@Gu@physx@@YA?AW4GjkStatus@01@AEBU?$LocalConvex@VCapsuleV@Gu@physx@@@01@AEBU?$LocalConvex@VConvexHullV@Gu@physx@@@01@AEBT__m128@@2AEAT5@333@Z 0000000180020460 f i GuContactCapsuleConvex.obj
 0001:00020600       ??0ConvexEdge@Gu@physx@@QEAA@XZ 0000000180021600 f i GuContactCapsuleConvex.obj
 0001:00020610       ??0ConvexMesh@Gu@physx@@QEAA@V?$PxFlags@W4Enum@PxBaseFlag@physx@@G@2@@Z 0000000180021610 f i GuContactCapsuleConvex.obj
 0001:00020670       ??0HullPolygonData@Gu@physx@@QEAA@AEBU012@@Z 0000000180021670 f i GuContactCapsuleConvex.obj
 0001:000206b0       ??0PolygonalBox@Gu@physx@@QEAA@AEBV012@@Z 00000001800216b0 f i GuContactCapsuleConvex.obj
 0001:000209d0       ??0PxVec3@physx@@QEAA@AEBV01@@Z 00000001800219d0 f i GuContactCapsuleConvex.obj
 0001:000209f0       ??1GjkConvexBase@Gu@physx@@UEAA@XZ 00000001800219f0 f i GuContactCapsuleConvex.obj
 0001:00020a00       ??1RefCountable@Cm@physx@@UEAA@XZ 0000000180021a00 f i GuContactCapsuleConvex.obj
 0001:00020a10       ??4FPUGuard@shdfnd@physx@@QEAAAEAV012@AEBV012@@Z 0000000180021a10 f i GuContactCapsuleConvex.obj
 0001:00020a30       ??Dphysx@@YA?AVMatrix34@Cm@0@AEBVPxMeshScale@0@AEBVPxTransform@0@@Z 0000000180021a30 f i GuContactCapsuleConvex.obj
 0001:00021320       ??_EConvexMesh@Gu@physx@@UEAAPEAXI@Z 0000000180022320 f i GuContactCapsuleConvex.obj
 0001:00021470       ??_EConvexMesh@Gu@physx@@WBA@EAAPEAXI@Z 0000000180022470 f i GuContactCapsuleConvex.obj
 0001:00021480       ??_EPxConvexMesh@physx@@MEAAPEAXI@Z 0000000180022480 f i GuContactCapsuleConvex.obj
 0001:00021530       ??_E?$LocalConvex@VCapsuleV@Gu@physx@@@Gu@physx@@UEAAPEAXI@Z 0000000180022530 f i GuContactCapsuleConvex.obj
 0001:00021530       ??_G?$LocalConvex@VCapsuleV@Gu@physx@@@Gu@physx@@UEAAPEAXI@Z 0000000180022530 f i GuContactCapsuleConvex.obj
 0001:00021570       ??_E?$LocalConvex@VConvexHullV@Gu@physx@@@Gu@physx@@UEAAPEAXI@Z 0000000180022570 f i GuContactCapsuleConvex.obj
 0001:00021570       ??_G?$LocalConvex@VConvexHullV@Gu@physx@@@Gu@physx@@UEAAPEAXI@Z 0000000180022570 f i GuContactCapsuleConvex.obj
 0001:000215b0       ??_EGjkConvex@Gu@physx@@UEAAPEAXI@Z 00000001800225b0 f i GuContactCapsuleConvex.obj
 0001:000215b0       ??_GGjkConvex@Gu@physx@@UEAAPEAXI@Z 00000001800225b0 f i GuContactCapsuleConvex.obj
 0001:000215f0       ??_GGjkConvexBase@Gu@physx@@UEAAPEAXI@Z 00000001800225f0 f i GuContactCapsuleConvex.obj
 0001:000215f0       ??_EGjkConvexBase@Gu@physx@@UEAAPEAXI@Z 00000001800225f0 f i GuContactCapsuleConvex.obj
 0001:00021630       ??_ERefCountable@Cm@physx@@UEAAPEAXI@Z 0000000180022630 f i GuContactCapsuleConvex.obj
 0001:00021630       ??_GRefCountable@Cm@physx@@UEAAPEAXI@Z 0000000180022630 f i GuContactCapsuleConvex.obj
 0001:00021670       ??__G@YAXPEAX0_K1P6APEAX00@Z@Z 0000000180022670 f i GuContactCapsuleConvex.obj
 0001:00023db0       ?getCenter@?$LocalConvex@VCapsuleV@Gu@physx@@@Gu@physx@@UEBA?AT__m128@@XZ 0000000180024db0 f i GuContactCapsuleConvex.obj
 0001:00023dd0       ?getCenter@?$LocalConvex@VConvexHullV@Gu@physx@@@Gu@physx@@UEBA?AT__m128@@XZ 0000000180024dd0 f i GuContactCapsuleConvex.obj
 0001:00023df0       ?getIndexBuffer@ConvexMesh@Gu@physx@@UEBAPEBEXZ 0000000180024df0 f i GuContactCapsuleConvex.obj
 0001:00023e40       ?getInverse@PxMat33@physx@@QEBA?BV12@XZ 0000000180024e40 f i GuContactCapsuleConvex.obj
 0001:00024170       ?getNbPolygons@ConvexMesh@Gu@physx@@UEBAIXZ 0000000180025170 f i GuContactCapsuleConvex.obj
 0001:00024180       ?getNbVertices@ConvexMesh@Gu@physx@@UEBAIXZ 0000000180025180 f i GuContactCapsuleConvex.obj
 0001:00024190       ?getSweepMargin@?$LocalConvex@VCapsuleV@Gu@physx@@@Gu@physx@@UEBA?AT__m128@@XZ 0000000180025190 f i GuContactCapsuleConvex.obj
 0001:000241a0       ?getSweepMargin@?$LocalConvex@VConvexHullV@Gu@physx@@@Gu@physx@@UEBA?AT__m128@@XZ 00000001800251a0 f i GuContactCapsuleConvex.obj
 0001:000241d0       ?getSweepMargin@GjkConvex@Gu@physx@@UEBA?AT__m128@@XZ 00000001800251d0 f i GuContactCapsuleConvex.obj
 0001:000241f0       ?getVertices@ConvexMesh@Gu@physx@@UEBAPEBVPxVec3@3@XZ 00000001800251f0 f i GuContactCapsuleConvex.obj
 0001:00024210       ?hillClimbing@ConvexHullV@Gu@physx@@QEBAIAEBT__m128@@@Z 0000000180025210 f i GuContactCapsuleConvex.obj
 0001:000244d0       ?init@FastVertex2ShapeScaling@Cm@physx@@QEAAXAEBVPxVec3@3@AEBVPxQuat@3@@Z 00000001800254d0 f i GuContactCapsuleConvex.obj
 0001:00024a80       ?onRefCountZero@RefCountable@Cm@physx@@UEAAXXZ 0000000180025a80 f i GuContactCapsuleConvex.obj
 0001:00024aa0       ?requires@ConvexMesh@Gu@physx@@UEAAXAEAVPxProcessPxBaseCallback@3@@Z 0000000180025aa0 f i GuContactCapsuleConvex.obj
 0001:00024ab0       ?support@?$LocalConvex@VCapsuleV@Gu@physx@@@Gu@physx@@UEBA?AT__m128@@AEBT4@@Z 0000000180025ab0 f i GuContactCapsuleConvex.obj
 0001:00024b20       ?support@?$LocalConvex@VCapsuleV@Gu@physx@@@Gu@physx@@UEBA?AT__m128@@AEBT4@AEAHPEAT4@@Z 0000000180025b20 f i GuContactCapsuleConvex.obj
 0001:00024bb0       ?support@?$LocalConvex@VConvexHullV@Gu@physx@@@Gu@physx@@UEBA?AT__m128@@AEBT4@@Z 0000000180025bb0 f i GuContactCapsuleConvex.obj
 0001:00024ca0       ?support@?$LocalConvex@VConvexHullV@Gu@physx@@@Gu@physx@@UEBA?AT__m128@@AEBT4@AEAHPEAT4@@Z 0000000180025ca0 f i GuContactCapsuleConvex.obj
 0001:00024da0       ?support@GjkConvex@Gu@physx@@UEBA?AT__m128@@AEBT4@@Z 0000000180025da0 f i GuContactCapsuleConvex.obj
 0001:00024dc0       ?support@GjkConvex@Gu@physx@@UEBA?AT__m128@@AEBT4@AEAHPEAT4@@Z 0000000180025dc0 f i GuContactCapsuleConvex.obj
 0001:00024df0       ?supportPoint@?$LocalConvex@VCapsuleV@Gu@physx@@@Gu@physx@@UEBA?AT__m128@@HPEAT4@@Z 0000000180025df0 f i GuContactCapsuleConvex.obj
 0001:00024e20       ?supportPoint@?$LocalConvex@VConvexHullV@Gu@physx@@@Gu@physx@@UEBA?AT__m128@@HPEAT4@@Z 0000000180025e20 f i GuContactCapsuleConvex.obj
 0001:00024e80       ?supportPoint@GjkConvex@Gu@physx@@UEBA?AT__m128@@HPEAT4@@Z 0000000180025e80 f i GuContactCapsuleConvex.obj
 0001:00024ea0       ?supportVertexIndex@ConvexHullV@Gu@physx@@QEBAIAEBT__m128@@@Z 0000000180025ea0 f i GuContactCapsuleConvex.obj
 0001:00024f60       ?contactCapsuleMesh@Gu@physx@@YA_NAEBVGeometryUnion@12@0AEBVPxTransform@2@1AEBUNarrowPhaseParams@12@AEAUCache@12@AEAVContactBuffer@12@PEAVRenderOutput@Cm@2@@Z 0000000180025f60 f   GuContactCapsuleMesh.obj
 0001:000254d0       ?contactCapsuleHeightfield@Gu@physx@@YA_NAEBVGeometryUnion@12@0AEBVPxTransform@2@1AEBUNarrowPhaseParams@12@AEAUCache@12@AEAVContactBuffer@12@PEAVRenderOutput@Cm@2@@Z 00000001800264d0 f   GuContactCapsuleMesh.obj
 0001:000260d0       ??0HeightFieldData@Gu@physx@@QEAA@$$QEAU012@@Z 00000001800270d0 f i GuContactCapsuleMesh.obj
 0001:00026150       ??0HeightFieldData@Gu@physx@@QEAA@AEBU012@@Z 0000000180027150 f i GuContactCapsuleMesh.obj
 0001:000261d0       ??0HeightFieldData@Gu@physx@@QEAA@W4PxEMPTY@2@@Z 00000001800271d0 f i GuContactCapsuleMesh.obj
 0001:000261e0       ??0HeightFieldData@Gu@physx@@QEAA@XZ 00000001800271e0 f i GuContactCapsuleMesh.obj
 0001:000261f0       ??0HeightFieldUtil@Gu@physx@@QEAA@AEBVPxHeightFieldGeometry@2@@Z 00000001800271f0 f i GuContactCapsuleMesh.obj
 0001:00026240       ??0HeightFieldUtil@Gu@physx@@QEAA@AEBVPxHeightFieldGeometry@2@AEBVHeightField@12@@Z 0000000180027240 f i GuContactCapsuleMesh.obj
 0001:00026290       ??0HeightFieldUtil@Gu@physx@@QEAA@XZ 0000000180027290 f i GuContactCapsuleMesh.obj
 0001:000262a0       ??1?$EntityReport@I@Gu@physx@@UEAA@XZ 00000001800272a0 f i GuContactCapsuleMesh.obj
 0001:000262b0       ??1?$MeshHitCallback@UPxRaycastHit@physx@@@Gu@physx@@UEAA@XZ 00000001800272b0 f i GuContactCapsuleMesh.obj
 0001:000262c0       ??1HeightFieldData@Gu@physx@@QEAA@XZ 00000001800272c0 f i GuContactCapsuleMesh.obj
 0001:000262d0       ??1PxHeightField@physx@@MEAA@XZ 00000001800272d0 f i GuContactCapsuleMesh.obj
 0001:000262e0       ??4HeightFieldData@Gu@physx@@QEAAAEAU012@$$QEAU012@@Z 00000001800272e0 f i GuContactCapsuleMesh.obj
 0001:00026360       ??4HeightFieldData@Gu@physx@@QEAAAEAU012@AEBU012@@Z 0000000180027360 f i GuContactCapsuleMesh.obj
 0001:000263e0       ??4HeightFieldUtil@Gu@physx@@QEAAAEAV012@$$QEAV012@@Z 00000001800273e0 f i GuContactCapsuleMesh.obj
 0001:00026410       ??4HeightFieldUtil@Gu@physx@@QEAAAEAV012@AEBV012@@Z 0000000180027410 f i GuContactCapsuleMesh.obj
 0001:00026430       ??_E?$EntityReport@I@Gu@physx@@UEAAPEAXI@Z 0000000180027430 f i GuContactCapsuleMesh.obj
 0001:00026430       ??_G?$EntityReport@I@Gu@physx@@UEAAPEAXI@Z 0000000180027430 f i GuContactCapsuleMesh.obj
 0001:00026470       ??_G?$MeshHitCallback@UPxRaycastHit@physx@@@Gu@physx@@UEAAPEAXI@Z 0000000180027470 f i GuContactCapsuleMesh.obj
 0001:00026470       ??_E?$MeshHitCallback@UPxRaycastHit@physx@@@Gu@physx@@UEAAPEAXI@Z 0000000180027470 f i GuContactCapsuleMesh.obj
 0001:000264b0       ??_GCapsuleHeightfieldContactGenerationCallback@?A0xe0811424@@UEAAPEAXI@Z 00000001800274b0 f i GuContactCapsuleMesh.obj
 0001:000264b0       ??_ECapsuleHeightfieldContactGenerationCallback@?A0xe0811424@@UEAAPEAXI@Z 00000001800274b0 f i GuContactCapsuleMesh.obj
 0001:000264f0       ??_GCapsuleMeshContactGenerationCallback_NoScale@?A0xe0811424@@UEAAPEAXI@Z 00000001800274f0 f i GuContactCapsuleMesh.obj
 0001:000264f0       ??_ECapsuleMeshContactGenerationCallback_NoScale@?A0xe0811424@@UEAAPEAXI@Z 00000001800274f0 f i GuContactCapsuleMesh.obj
 0001:00026530       ??_GCapsuleMeshContactGenerationCallback_Scale@?A0xe0811424@@UEAAPEAXI@Z 0000000180027530 f i GuContactCapsuleMesh.obj
 0001:00026530       ??_ECapsuleMeshContactGenerationCallback_Scale@?A0xe0811424@@UEAAPEAXI@Z 0000000180027530 f i GuContactCapsuleMesh.obj
 0001:00027ea0       ?ceilUp@HeightFieldUtil@Gu@physx@@SAMM@Z 0000000180028ea0 f i GuContactCapsuleMesh.obj
 0001:00027ef0       ?clipShapeNormalToVertexVoronoi@HeightFieldUtil@Gu@physx@@QEBA_NAEAVPxVec3@3@III@Z 0000000180028ef0 f i GuContactCapsuleMesh.obj
 0001:000282b0       ?computePointNormal@HeightFieldUtil@Gu@physx@@QEBA?AVPxVec3@3@IAEBV43@AEBVPxTransform@3@MMMMAEAM@Z 00000001800292b0 f i GuContactCapsuleMesh.obj
 0001:00028820       ?floorDown@HeightFieldUtil@Gu@physx@@SAMM@Z 0000000180029820 f i GuContactCapsuleMesh.obj
 0001:00028870       ?getConcreteTypeName@PxHeightField@physx@@UEBAPEBDXZ 0000000180029870 f i GuContactCapsuleMesh.obj
 0001:00028880       ?getConvexEdgeThreshold@HeightField@Gu@physx@@UEBAMXZ 0000000180029880 f i GuContactCapsuleMesh.obj
 0001:00028890       ?getEdgeDirection@HeightFieldUtil@Gu@physx@@QEBA?AVPxVec3@3@II@Z 0000000180029890 f i GuContactCapsuleMesh.obj
 0001:00028a50       ?getFeatureIndex@HeightFieldUtil@Gu@physx@@SAII@Z 0000000180029a50 f i GuContactCapsuleMesh.obj
 0001:00028a60       ?getFeatureType@HeightFieldUtil@Gu@physx@@SA?AW4Feature@123@I@Z 0000000180029a60 f i GuContactCapsuleMesh.obj
 0001:00028a70       ?getFlags@HeightField@Gu@physx@@UEBA?AV?$PxFlags@W4Enum@PxHeightFieldFlag@physx@@G@3@XZ 0000000180029a70 f i GuContactCapsuleMesh.obj
 0001:00028a80       ?getFormat@HeightField@Gu@physx@@UEBA?AW4Enum@PxHeightFieldFormat@3@XZ 0000000180029a80 f i GuContactCapsuleMesh.obj
 0001:00028a90       ?getHeight@HeightField@Gu@physx@@UEBAMMM@Z 0000000180029a90 f i GuContactCapsuleMesh.obj
 0001:00028ae0       ?getHeightAtShapePoint2@HeightFieldUtil@Gu@physx@@QEBAMIMM@Z 0000000180029ae0 f i GuContactCapsuleMesh.obj
 0001:00028b10       ?getHeightAtShapePoint@HeightFieldUtil@Gu@physx@@QEBAMMM@Z 0000000180029b10 f i GuContactCapsuleMesh.obj
 0001:00028b90       ?getHeightField@HeightFieldUtil@Gu@physx@@QEBAAEBVHeightField@23@XZ 0000000180029b90 f i GuContactCapsuleMesh.obj
 0001:00028ba0       ?getHeightFieldGeometry@HeightFieldUtil@Gu@physx@@QEBAAEBVPxHeightFieldGeometry@3@XZ 0000000180029ba0 f i GuContactCapsuleMesh.obj
 0001:00028bb0       ?getHeightInternal2@HeightField@Gu@physx@@QEBAMIMM@Z 0000000180029bb0 f i GuContactCapsuleMesh.obj
 0001:00028d70       ?getNbColumns@HeightField@Gu@physx@@UEBAIXZ 0000000180029d70 f i GuContactCapsuleMesh.obj
 0001:00028d80       ?getNbRows@HeightField@Gu@physx@@UEBAIXZ 0000000180029d80 f i GuContactCapsuleMesh.obj
 0001:00028d90       ?getNormalAtShapePoint2@HeightFieldUtil@Gu@physx@@QEBA?AVPxVec3@3@IMM@Z 0000000180029d90 f i GuContactCapsuleMesh.obj
 0001:00028df0       ?getNormalAtShapePoint@HeightFieldUtil@Gu@physx@@QEBA?AVPxVec3@3@MM@Z 0000000180029df0 f i GuContactCapsuleMesh.obj
 0001:00028ed0       ?getNormal_2@HeightField@Gu@physx@@QEBA?AVPxVec3@3@IMMMMM@Z 0000000180029ed0 f i GuContactCapsuleMesh.obj
 0001:00029030       ?getOneOverColumnScale@HeightFieldUtil@Gu@physx@@QEBAMXZ 000000018002a030 f i GuContactCapsuleMesh.obj
 0001:00029040       ?getOneOverHeightScale@HeightFieldUtil@Gu@physx@@QEBAMXZ 000000018002a040 f i GuContactCapsuleMesh.obj
 0001:00029050       ?getOneOverRowScale@HeightFieldUtil@Gu@physx@@QEBAMXZ 000000018002a050 f i GuContactCapsuleMesh.obj
 0001:00029060       ?getPaddedBounds@HeightFieldData@Gu@physx@@QEBAAEBVCenterExtentsPadded@23@XZ 000000018002a060 f i GuContactCapsuleMesh.obj
 0001:00029070       ?getSampleStride@HeightField@Gu@physx@@UEBAIXZ 000000018002a070 f i GuContactCapsuleMesh.obj
 0001:00029080       ?getThickness@HeightField@Gu@physx@@UEBAMXZ 000000018002a080 f i GuContactCapsuleMesh.obj
 0001:00029090       ?getTimestamp@HeightField@Gu@physx@@UEBAIXZ 000000018002a090 f i GuContactCapsuleMesh.obj
 0001:000290a0       ?getTriangleMaterialIndex@HeightField@Gu@physx@@UEBAGI@Z 000000018002a0a0 f i GuContactCapsuleMesh.obj
 0001:000290f0       ?getTriangleNormal@HeightField@Gu@physx@@UEBA?AVPxVec3@3@I@Z 000000018002a0f0 f i GuContactCapsuleMesh.obj
 0001:00029110       ?getTriangleNormalInternal@HeightField@Gu@physx@@QEBA?AVPxVec3@3@I@Z 000000018002a110 f i GuContactCapsuleMesh.obj
 0001:000292b0       ?getVertexNormal@HeightFieldUtil@Gu@physx@@QEBA?AVPxVec3@3@I@Z 000000018002a2b0 f i GuContactCapsuleMesh.obj
 0001:000292f0       ?hf2shapen@HeightFieldUtil@Gu@physx@@QEBA?AVPxVec3@3@AEBV43@@Z 000000018002a2f0 f i GuContactCapsuleMesh.obj
 0001:00029330       ?hf2shapep@HeightFieldUtil@Gu@physx@@QEBA?AVPxVec3@3@AEBV43@@Z 000000018002a330 f i GuContactCapsuleMesh.obj
 0001:00029380       ?hf2worldn@HeightFieldUtil@Gu@physx@@QEBA?AVPxVec3@3@AEBVPxTransform@3@AEBV43@@Z 000000018002a380 f i GuContactCapsuleMesh.obj
 0001:00029550       ?hf2worldp@HeightFieldUtil@Gu@physx@@QEBA?AVPxVec3@3@AEBVPxTransform@3@AEBV43@@Z 000000018002a550 f i GuContactCapsuleMesh.obj
 0001:00029730       ?initialize@HeightFieldUtil@Gu@physx@@AEAAXXZ 000000018002a730 f i GuContactCapsuleMesh.obj
 0001:00029770       ?initialize@HeightFieldUtil@Gu@physx@@QEAAXAEBVPxHeightFieldGeometry@3@AEBVHeightField@23@@Z 000000018002a770 f i GuContactCapsuleMesh.obj
 0001:000297c0       ?isCollisionVertex@HeightFieldUtil@Gu@physx@@QEBA_NIII@Z 000000018002a7c0 f i GuContactCapsuleMesh.obj
 0001:000297e0       ?isKindOf@PxHeightField@physx@@MEBA_NPEBD@Z 000000018002a7e0 f i GuContactCapsuleMesh.obj
 0001:00029840       ?isQueryVertex@HeightFieldUtil@Gu@physx@@QEBA_NIII@Z 000000018002a840 f i GuContactCapsuleMesh.obj
 0001:00029930       ?isShapePointOnHeightField@HeightFieldUtil@Gu@physx@@QEBA_NMM@Z 000000018002a930 f i GuContactCapsuleMesh.obj
 0001:00029990       ?makeFeatureCode@HeightFieldUtil@Gu@physx@@SAIIW4Feature@123@@Z 000000018002a990 f i GuContactCapsuleMesh.obj
 0001:0002a850       ?shape2hfp@HeightFieldUtil@Gu@physx@@QEBA?AVPxVec3@3@AEBV43@@Z 000000018002b850 f i GuContactCapsuleMesh.obj
 0001:0002a890       ?transformFast@PxBounds3@physx@@SA?AV12@AEBVPxTransform@2@AEBV12@@Z 000000018002b890 f i GuContactCapsuleMesh.obj
 0001:0002ae10       ?transformQueryBounds@FastVertex2ShapeScaling@Cm@physx@@QEBAXAEAVPxVec3@3@0AEAVPxMat33@3@@Z 000000018002be10 f i GuContactCapsuleMesh.obj
 0001:0002b120       ?contactBoxConvex@Gu@physx@@YA_NAEBVGeometryUnion@12@0AEBVPxTransform@2@1AEBUNarrowPhaseParams@12@AEAUCache@12@AEAVContactBuffer@12@PEAVRenderOutput@Cm@2@@Z 000000018002c120 f   GuContactConvexConvex.obj
 0001:0002b2c0       ?contactConvexConvex@Gu@physx@@YA_NAEBVGeometryUnion@12@0AEBVPxTransform@2@1AEBUNarrowPhaseParams@12@AEAUCache@12@AEAVContactBuffer@12@PEAVRenderOutput@Cm@2@@Z 000000018002c2c0 f   GuContactConvexConvex.obj
 0001:0002b4c0       ??0SeparatingAxes@Gu@physx@@QEAA@$$QEAV012@@Z 000000018002c4c0 f i GuContactConvexConvex.obj
 0001:0002b610       ??0SeparatingAxes@Gu@physx@@QEAA@AEBV012@@Z 000000018002c610 f i GuContactConvexConvex.obj
 0001:0002b760       ??0SeparatingAxes@Gu@physx@@QEAA@XZ 000000018002c760 f i GuContactConvexConvex.obj
 0001:0002b770       ??4SeparatingAxes@Gu@physx@@QEAAAEAV012@$$QEAV012@@Z 000000018002c770 f i GuContactConvexConvex.obj
 0001:0002b8c0       ??4SeparatingAxes@Gu@physx@@QEAAAEAV012@AEBV012@@Z 000000018002c8c0 f i GuContactConvexConvex.obj
 0001:00030b90       ?getAxes@SeparatingAxes@Gu@physx@@QEBAPEBVPxVec3@3@XZ 0000000180031b90 f i GuContactConvexConvex.obj
 0001:00030ba0       ?getNumAxes@SeparatingAxes@Gu@physx@@QEBAIXZ 0000000180031ba0 f i GuContactConvexConvex.obj
 0001:00030fa0       ?reset@SeparatingAxes@Gu@physx@@QEAAXXZ 0000000180031fa0 f i GuContactConvexConvex.obj
 0001:00030fb0       ?transformPlaneToShapeSpace@FastVertex2ShapeScaling@Cm@physx@@QEBAXAEBVPxVec3@3@MAEAV43@AEAM@Z 0000000180031fb0 f i GuContactConvexConvex.obj
 0001:000310e0       ?contactBoxMesh@Gu@physx@@YA_NAEBVGeometryUnion@12@0AEBVPxTransform@2@1AEBUNarrowPhaseParams@12@AEAUCache@12@AEAVContactBuffer@12@PEAVRenderOutput@Cm@2@@Z 00000001800320e0 f   GuContactConvexMesh.obj
 0001:000312a0       ?contactConvexMesh@Gu@physx@@YA_NAEBVGeometryUnion@12@0AEBVPxTransform@2@1AEBUNarrowPhaseParams@12@AEAUCache@12@AEAVContactBuffer@12@PEAVRenderOutput@Cm@2@@Z 00000001800322a0 f   GuContactConvexMesh.obj
 0001:00031450       ?contactBoxHeightfield@Gu@physx@@YA_NAEBVGeometryUnion@12@0AEBVPxTransform@2@1AEBUNarrowPhaseParams@12@AEAUCache@12@AEAVContactBuffer@12@PEAVRenderOutput@Cm@2@@Z 0000000180032450 f   GuContactConvexMesh.obj
 0001:000315b0       ?contactConvexHeightfield@Gu@physx@@YA_NAEBVGeometryUnion@12@0AEBVPxTransform@2@1AEBUNarrowPhaseParams@12@AEAUCache@12@AEAVContactBuffer@12@PEAVRenderOutput@Cm@2@@Z 00000001800325b0 f   GuContactConvexMesh.obj
 0001:00031860       ??0?$InlineArray@I$0EEA@VNamedAllocator@shdfnd@physx@@@shdfnd@physx@@QEAA@AEBVNamedAllocator@12@@Z 0000000180032860 f i GuContactConvexMesh.obj
 0001:00031980       ??0CachedEdge@Gu@physx@@QEAA@XZ 0000000180032980 f i GuContactConvexMesh.obj
 0001:00031990       ??0CachedVertex@Gu@physx@@QEAA@XZ 0000000180032990 f i GuContactConvexMesh.obj
 0001:00032000       ??_EConvexMeshContactGenerationCallback@@UEAAPEAXI@Z 0000000180033000 f i GuContactConvexMesh.obj
 0001:00032000       ??_GConvexMeshContactGenerationCallback@@UEAAPEAXI@Z 0000000180033000 f i GuContactConvexMesh.obj
 0001:00032040       ??_EConvexVsHeightfieldContactGenerationCallback@?A0x3c1df4b4@@UEAAPEAXI@Z 0000000180033040 f i GuContactConvexMesh.obj
 0001:00032040       ??_GConvexVsHeightfieldContactGenerationCallback@?A0x3c1df4b4@@UEAAPEAXI@Z 0000000180033040 f i GuContactConvexMesh.obj
 0001:00032080       ?addData@?$CacheMap@UCachedEdge@Gu@physx@@$0IA@@Gu@physx@@QEAA_NAEBUCachedEdge@23@@Z 0000000180033080 f i GuContactConvexMesh.obj
 0001:000321b0       ?addData@?$CacheMap@UCachedVertex@Gu@physx@@$0IA@@Gu@physx@@QEAA_NAEBUCachedVertex@23@@Z 00000001800331b0 f i GuContactConvexMesh.obj
 0001:00032270       ?allocate@?$Array@IV?$InlineAllocator@$0BBAA@VNamedAllocator@shdfnd@physx@@@shdfnd@physx@@@shdfnd@physx@@IEAAPEAII@Z 0000000180033270 f i GuContactConvexMesh.obj
 0001:000368d0       ?processHit@ConvexMeshContactGenerationCallback@@UEAA_NAEBUPxRaycastHit@physx@@AEBVPxVec3@3@11AEAMPEBI@Z 00000001800378d0 f i GuContactConvexMesh.obj
 0001:00037490       ?recreate@?$Array@IV?$InlineAllocator@$0BBAA@VNamedAllocator@shdfnd@physx@@@shdfnd@physx@@@shdfnd@physx@@IEAAXI@Z 0000000180038490 f i GuContactConvexMesh.obj
 0001:000388d0       ?contactPlaneBox@Gu@physx@@YA_NAEBVGeometryUnion@12@0AEBVPxTransform@2@1AEBUNarrowPhaseParams@12@AEAUCache@12@AEAVContactBuffer@12@PEAVRenderOutput@Cm@2@@Z 00000001800398d0 f   GuContactPlaneBox.obj
 0001:00039920       ?contactPlaneCapsule@Gu@physx@@YA_NAEBVGeometryUnion@12@0AEBVPxTransform@2@1AEBUNarrowPhaseParams@12@AEAUCache@12@AEAVContactBuffer@12@PEAVRenderOutput@Cm@2@@Z 000000018003a920 f   GuContactPlaneCapsule.obj
 0001:0003a0a0       ?contactPlaneConvex@Gu@physx@@YA_NAEBVGeometryUnion@12@0AEBVPxTransform@2@1AEBUNarrowPhaseParams@12@AEAUCache@12@AEAVContactBuffer@12@PEAVRenderOutput@Cm@2@@Z 000000018003b0a0 f   GuContactPlaneConvex.obj
 0001:0003ab60       ?findRotationMatrixFromZ@Gu@physx@@YA?AVPxMat33@2@AEBVPxVec3@2@@Z 000000018003bb60 f   GuContactPolygonPolygon.obj
 0001:0003add0       ?contactPolygonPolygonExt@Gu@physx@@YA_NIPEBVPxVec3@2@PEBEAEBVMatrix34@Cm@2@AEBVPxPlane@2@AEBVPxMat33@2@I01234AEBV32@22IIAEAVContactBuffer@12@_N5M@Z 000000018003bdd0 f   GuContactPolygonPolygon.obj
 0001:0003ed60       ?contactSphereBox@Gu@physx@@YA_NAEBVGeometryUnion@12@0AEBVPxTransform@2@1AEBUNarrowPhaseParams@12@AEAUCache@12@AEAVContactBuffer@12@PEAVRenderOutput@Cm@2@@Z 000000018003fd60 f   GuContactSphereBox.obj
 0001:0003f480       ?contactSphereCapsule@Gu@physx@@YA_NAEBVGeometryUnion@12@0AEBVPxTransform@2@1AEBUNarrowPhaseParams@12@AEAUCache@12@AEAVContactBuffer@12@PEAVRenderOutput@Cm@2@@Z 0000000180040480 f   GuContactSphereCapsule.obj
 0001:0003f930       ?contactSphereMesh@Gu@physx@@YA_NAEBVGeometryUnion@12@0AEBVPxTransform@2@1AEBUNarrowPhaseParams@12@AEAUCache@12@AEAVContactBuffer@12@PEAVRenderOutput@Cm@2@@Z 0000000180040930 f   GuContactSphereMesh.obj
 0001:0003fd70       ?contactSphereHeightfield@Gu@physx@@YA_NAEBVGeometryUnion@12@0AEBVPxTransform@2@1AEBUNarrowPhaseParams@12@AEAUCache@12@AEAVContactBuffer@12@PEAVRenderOutput@Cm@2@@Z 0000000180040d70 f   GuContactSphereMesh.obj
 0001:000401d0       ??$smallSort@USortKey@@$$CBU?$Less@USortKey@@@shdfnd@physx@@@internal@shdfnd@physx@@YAXPEAUSortKey@@HHAEBU?$Less@USortKey@@@12@@Z 00000001800411d0 f i GuContactSphereMesh.obj
 0001:00040750       ??0TriangleData@@QEAA@XZ   0000000180041750 f i GuContactSphereMesh.obj
 0001:000407e0       ??_ESphereHeightfieldContactGenerationCallback@?A0xc6a7d8a0@@UEAAPEAXI@Z 00000001800417e0 f i GuContactSphereMesh.obj
 0001:000407e0       ??_GSphereHeightfieldContactGenerationCallback@?A0xc6a7d8a0@@UEAAPEAXI@Z 00000001800417e0 f i GuContactSphereMesh.obj
 0001:00040820       ??_GSphereMeshContactGenerationCallback_NoScale@?A0xc6a7d8a0@@UEAAPEAXI@Z 0000000180041820 f i GuContactSphereMesh.obj
 0001:00040820       ??_ESphereMeshContactGenerationCallback_NoScale@?A0xc6a7d8a0@@UEAAPEAXI@Z 0000000180041820 f i GuContactSphereMesh.obj
 0001:00040880       ??_GSphereMeshContactGenerationCallback_Scale@?A0xc6a7d8a0@@UEAAPEAXI@Z 0000000180041880 f i GuContactSphereMesh.obj
 0001:00040880       ??_ESphereMeshContactGenerationCallback_Scale@?A0xc6a7d8a0@@UEAAPEAXI@Z 0000000180041880 f i GuContactSphereMesh.obj
 0001:00042620       ?contactSpherePlane@Gu@physx@@YA_NAEBVGeometryUnion@12@0AEBVPxTransform@2@1AEBUNarrowPhaseParams@12@AEAUCache@12@AEAVContactBuffer@12@PEAVRenderOutput@Cm@2@@Z 0000000180043620 f   GuContactSpherePlane.obj
 0001:000428a0       ?contactSphereSphere@Gu@physx@@YA_NAEBVGeometryUnion@12@0AEBVPxTransform@2@1AEBUNarrowPhaseParams@12@AEAUCache@12@AEAVContactBuffer@12@PEAVRenderOutput@Cm@2@@Z 00000001800438a0 f   GuContactSphereSphere.obj
 0001:00042aa0       ?selectNormal@Gu@physx@@YA_NEMM@Z 0000000180043aa0 f   GuFeatureCode.obj
 0001:00042be0       ?legacyContactBoxHeightfield@Gu@physx@@YA_NAEBVGeometryUnion@12@0AEBVPxTransform@2@1AEBUNarrowPhaseParams@12@AEAUCache@12@AEAVContactBuffer@12@PEAVRenderOutput@Cm@2@@Z 0000000180043be0 f   GuLegacyContactBoxHeightField.obj
 0001:000450c0       ??$traceSegment@UGuContactTraceSegmentCallback@Gu@physx@@$00$0A@@HeightFieldUtil@Gu@physx@@QEBAXAEBVPxVec3@2@0MPEAUGuContactTraceSegmentCallback@12@AEBVPxBounds3@2@_NPEBV32@@Z 00000001800460c0 f i GuLegacyContactBoxHeightField.obj
 0001:000460f0       ?underFaceHit@GuContactTraceSegmentCallback@Gu@physx@@QEAA_NAEBVHeightFieldUtil@23@AEBVPxVec3@3@1MMMI@Z 00000001800470f0 f i GuLegacyContactBoxHeightField.obj
 0001:000465f0       ?legacyContactCapsuleHeightfield@Gu@physx@@YA_NAEBVGeometryUnion@12@0AEBVPxTransform@2@1AEBUNarrowPhaseParams@12@AEAUCache@12@AEAVContactBuffer@12@PEAVRenderOutput@Cm@2@@Z 00000001800475f0 f   GuLegacyContactCapsuleHeightField.obj
 0001:00048d60       ?legacyContactConvexHeightfield@Gu@physx@@YA_NAEBVGeometryUnion@12@0AEBVPxTransform@2@1AEBUNarrowPhaseParams@12@AEAUCache@12@AEAVContactBuffer@12@PEAVRenderOutput@Cm@2@@Z 0000000180049d60 f   GuLegacyContactConvexHeightField.obj
 0001:0004b730       ?legacyContactSphereHeightfield@Gu@physx@@YA_NAEBVGeometryUnion@12@0AEBVPxTransform@2@1AEBUNarrowPhaseParams@12@AEAUCache@12@AEAVContactBuffer@12@PEAVRenderOutput@Cm@2@@Z 000000018004c730 f   GuLegacyContactSphereHeightField.obj
 0001:0004b780       ?GuContactSphereHeightFieldShared@@YA_NAEBVGeometryUnion@Gu@physx@@0AEBVPxTransform@3@1AEBUNarrowPhaseParams@23@AEAUCache@23@AEAVContactBuffer@23@PEAVRenderOutput@Cm@3@_N@Z 000000018004c780 f   GuLegacyContactSphereHeightField.obj
 0001:0004d7c0       ?barycentricCoordinates@Gu@physx@@YAXAEBT__m128@@00AEAT3@@Z 000000018004e7c0 f   GuBarycentricCoordinates.obj
 0001:0004d820       ?barycentricCoordinates@Gu@physx@@YAXAEBT__m128@@000AEAT3@1@Z 000000018004e820 f   GuBarycentricCoordinates.obj
 0001:0004d9a0       ?barycentricCoordinates@Gu@physx@@YAXAEBT__m128@@00AEAT3@1@Z 000000018004e9a0 f   GuBarycentricCoordinates.obj
 0001:0004db50       ?addAxis@SeparatingAxes@Gu@physx@@QEAA_NAEBVPxVec3@3@@Z 000000018004eb50 f   GuSeparatingAxes.obj
 0001:0004dc40       ??0BigConvexData@physx@@QEAA@XZ 000000018004ec40 f   GuBigConvexData.obj
 0001:0004dc70       ??1BigConvexData@physx@@QEAA@XZ 000000018004ec70 f   GuBigConvexData.obj
 0001:0004dd00       ?Load@BigConvexData@physx@@QEAA_NAEAVPxInputStream@2@@Z 000000018004ed00 f   GuBigConvexData.obj
 0001:0004de10       ?ComputeOffset@BigConvexData@physx@@QEBAIAEBVPxVec3@2@@Z 000000018004ee10 f   GuBigConvexData.obj
 0001:0004df20       ?ComputeNearestOffset@BigConvexData@physx@@QEBAIAEBVPxVec3@2@@Z 000000018004ef20 f   GuBigConvexData.obj
 0001:0004e030       ?exportExtraData@BigConvexData@physx@@QEAAXAEAVPxSerializationContext@2@@Z 000000018004f030 f   GuBigConvexData.obj
 0001:0004e0b0       ?importExtraData@BigConvexData@physx@@QEAAXAEAVPxDeserializationContext@2@@Z 000000018004f0b0 f   GuBigConvexData.obj
 0001:0004e130       ?CreateOffsets@BigConvexData@physx@@IEAAXXZ 000000018004f130 f   GuBigConvexData.obj
 0001:0004e180       ?VLoad@BigConvexData@physx@@IEAA_NAEAVPxInputStream@2@@Z 000000018004f180 f   GuBigConvexData.obj
 0001:0004e4e0       ??0BigConvexData@physx@@QEAA@W4PxEMPTY@1@@Z 000000018004f4e0 f i GuBigConvexData.obj
 0001:0004e4f0       ??4BigConvexData@physx@@QEAAAEAV01@AEBV01@@Z 000000018004f4f0 f i GuBigConvexData.obj
 0001:0004e510       ?GetAdjacentVerts@BigConvexData@physx@@QEBAPEBEXZ 000000018004f510 f i GuBigConvexData.obj
 0001:0004e520       ?GetNbNeighbors@BigConvexData@physx@@QEBAGI@Z 000000018004f520 f i GuBigConvexData.obj
 0001:0004e530       ?GetNbSamples@BigConvexData@physx@@QEBAIXZ 000000018004f530 f i GuBigConvexData.obj
 0001:0004e540       ?GetNbVerts@BigConvexData@physx@@QEBAIXZ 000000018004f540 f i GuBigConvexData.obj
 0001:0004e550       ?GetNeighbors@BigConvexData@physx@@QEBAPEBEI@Z 000000018004f550 f i GuBigConvexData.obj
 0001:0004e570       ?GetOffset@BigConvexData@physx@@QEBAGI@Z 000000018004f570 f i GuBigConvexData.obj
 0001:0004e580       ?GetSubdiv@BigConvexData@physx@@QEBAIXZ 000000018004f580 f i GuBigConvexData.obj
 0001:0004e590       ?GetValencies@BigConvexData@physx@@QEBAPEBUValency@Gu@2@XZ 000000018004f590 f i GuBigConvexData.obj
 0001:0004e5a0       ?GetValency@BigConvexData@physx@@QEBAGI@Z 000000018004f5a0 f i GuBigConvexData.obj
 0001:0004e5b0       ?__global_array_delete@@YAXPEAX@Z 000000018004f5b0 f i GuBigConvexData.obj
 0001:0004e5c0       ?__global_array_delete@@YAXPEAX_K@Z 000000018004f5c0 f i GuBigConvexData.obj
 0001:0004e5d0       ?__global_delete@@YAXPEAX@Z 000000018004f5d0 f i GuBigConvexData.obj
 0001:0004e5e0       ?__global_delete@@YAXPEAX_K@Z 000000018004f5e0 f i GuBigConvexData.obj
 0001:0004e5f0       ?getScaledConvex@Gu@physx@@YAXAEAPEAVPxVec3@2@AEAPEAEPEAV32@PEAE_NPEBV32@PEBEIAEBVFastVertex2ShapeScaling@Cm@2@@Z 000000018004f5f0 f   GuConvexHelper.obj
 0001:0004e750       ?getConvexData@Gu@physx@@YA_NAEBVGeometryUnion@12@AEAVFastVertex2ShapeScaling@Cm@2@AEAVPxBounds3@2@AEAUPolygonalData@12@@Z 000000018004f750 f   GuConvexHelper.obj
 0001:0004ea10       ?findUniqueConvexEdges@Gu@physx@@YAIIPEIAUConvexEdge@12@IPEIBUHullPolygonData@12@PEIBE@Z 000000018004fa10 f   GuConvexHelper.obj
 0001:0004eca0       ?exportExtraData@ConvexMesh@Gu@physx@@UEAAXAEAVPxSerializationContext@3@@Z 000000018004fca0 f   GuConvexMesh.obj
 0001:0004ed70       ?importExtraData@ConvexMesh@Gu@physx@@QEAAXAEAVPxDeserializationContext@3@@Z 000000018004fd70 f   GuConvexMesh.obj
 0001:0004ee20       ?onRefCountZero@ConvexMesh@Gu@physx@@UEAAXXZ 000000018004fe20 f   GuConvexMesh.obj
 0001:0004ef20       ?createObject@ConvexMesh@Gu@physx@@SAPEAV123@AEAPEAEAEAVPxDeserializationContext@3@@Z 000000018004ff20 f   GuConvexMesh.obj
 0001:0004efa0       ??0ConvexMesh@Gu@physx@@QEAA@XZ 000000018004ffa0 f   GuConvexMesh.obj
 0001:0004f060       ??0ConvexMesh@Gu@physx@@QEAA@AEAVGuMeshFactory@2@AEAUConvexHullData@12@@Z 0000000180050060 f   GuConvexMesh.obj
 0001:0004f170       ?load@ConvexMesh@Gu@physx@@QEAA_NAEAVPxInputStream@3@@Z 0000000180050170 f   GuConvexMesh.obj
 0001:0004f4c0       ?release@ConvexMesh@Gu@physx@@UEAAXXZ 00000001800504c0 f   GuConvexMesh.obj
 0001:0004f500       ?getPolygonData@ConvexMesh@Gu@physx@@UEBA_NIAEAUPxHullPolygon@3@@Z 0000000180050500 f   GuConvexMesh.obj
 0001:0004f550       ?isGpuCompatible@ConvexMesh@Gu@physx@@UEBA_NXZ 0000000180050550 f   GuConvexMesh.obj
 0001:0004f580       ?getReferenceCount@ConvexMesh@Gu@physx@@UEBAIXZ 0000000180050580 f   GuConvexMesh.obj
 0001:0004f590       ?acquireReference@ConvexMesh@Gu@physx@@UEAAXXZ 0000000180050590 f   GuConvexMesh.obj
 0001:0004f5a0       ?getMassInformation@ConvexMesh@Gu@physx@@UEBAXAEAMAEAVPxMat33@3@AEAVPxVec3@3@@Z 00000001800505a0 f   GuConvexMesh.obj
 0001:0004f620       ?getLocalBounds@ConvexMesh@Gu@physx@@UEBA?AVPxBounds3@3@XZ 0000000180050620 f   GuConvexMesh.obj
 0001:0004f6b0       ??1ConvexMesh@Gu@physx@@UEAA@XZ 00000001800506b0 f   GuConvexMesh.obj
 0001:0004ffa0       ?notifyReleaseConvexMesh@GuMeshFactory@physx@@MEAAXAEBVPxConvexMesh@2@@Z 0000000180050fa0 f i GuConvexMesh.obj
 0001:0004ffb0       ?notifyReleaseHeightField@GuMeshFactory@physx@@MEAAXAEBVPxHeightField@2@@Z 0000000180050fb0 f i GuConvexMesh.obj
 0001:0004ffc0       ?notifyReleaseTriangleMesh@GuMeshFactory@physx@@MEAAXAEBVPxTriangleMesh@2@@Z 0000000180050fc0 f i GuConvexMesh.obj
 0001:0004ffd0       ?computeHullOBB@Gu@physx@@YAXAEAVBox@12@AEBVPxBounds3@2@MAEBVMatrix34@Cm@2@2AEBVFastVertex2ShapeScaling@62@_N@Z 0000000180050fd0 f   GuConvexUtilsInternal.obj
 0001:00050480       ?computeVertexSpaceOBB@Gu@physx@@YAXAEAVBox@12@AEBV312@AEBVPxTransform@2@AEBVPxMeshScale@2@@Z 0000000180051480 f   GuConvexUtilsInternal.obj
 0001:000507e0       ?computeOBBAroundConvex@Gu@physx@@YAXAEAVBox@12@AEBVPxConvexMeshGeometry@2@PEBVPxConvexMesh@2@AEBVPxTransform@2@@Z 00000001800517e0 f   GuConvexUtilsInternal.obj
 0001:000515a0       ??Dphysx@@YA?AVMatrix34@Cm@0@AEBVPxMeshScale@0@AEBV120@@Z 00000001800525a0 f i GuConvexUtilsInternal.obj
 0001:00051dc0       ?transform@physx@@YA?AVBox@Gu@1@AEBVMatrix34@Cm@1@AEBV231@@Z 0000000180052dc0 f i GuConvexUtilsInternal.obj
 0001:000520e0       ?localSearch@physx@@YAXAEAIAEBVPxVec3@1@PEBV21@PEBUBigConvexRawData@Gu@1@@Z 00000001800530e0 f   GuHillClimbing.obj
 0001:00052260       ??0PolygonalBox@Gu@physx@@QEAA@AEBVPxVec3@2@@Z 0000000180053260 f   GuShapeConvex.obj
 0001:00052460       ?getPolygonalData@PolygonalBox@Gu@physx@@QEBAXPEIAUPolygonalData@23@@Z 0000000180053460 f   GuShapeConvex.obj
 0001:000524d0       ?getPolygonalData_Convex@Gu@physx@@YAXPEIAUPolygonalData@12@PEIBUConvexHullData@12@AEBVFastVertex2ShapeScaling@Cm@2@@Z 00000001800534d0 f   GuShapeConvex.obj
 0001:00053b40       ??0HullPolygonData@Gu@physx@@QEAA@XZ 0000000180054b40 f i GuShapeConvex.obj
 0001:00053b50       ?distancePointBoxSquared@Gu@physx@@YAMAEBVPxVec3@2@00AEBVPxMat33@2@PEAV32@@Z 0000000180054b50 f   GuDistancePointBox.obj
 0001:00053cf0       ?closestPtPointTriangle@Gu@physx@@YA?AVPxVec3@2@AEBV32@000AEAM1@Z 0000000180054cf0 f   GuDistancePointTriangle.obj
 0001:00054230       ?distancePointTriangleSquared@Gu@physx@@YA?AT__m128@@AEBT3@000AEAT3@11@Z 0000000180055230 f   GuDistancePointTriangle.obj
 0001:000548b0       ?distanceSegmentBoxSquared@Gu@physx@@YAMAEBVPxVec3@2@000AEBVPxMat33@2@PEAMPEAV32@@Z 00000001800558b0 f   GuDistanceSegmentBox.obj
 0001:00055f20       ?distanceSegmentSegmentSquared@Gu@physx@@YAMAEBVPxVec3@2@0M00MPEAM1@Z 0000000180056f20 f   GuDistanceSegmentSegment.obj
 0001:00056670       ?distanceSegmentSegmentSquared@Gu@physx@@YAMAEBVPxVec3@2@000PEAM1@Z 0000000180057670 f   GuDistanceSegmentSegment.obj
 0001:00056910       ?distanceSegmentSegmentSquared@Gu@physx@@YA?AT__m128@@AEBT3@000AEAT3@1@Z 0000000180057910 f   GuDistanceSegmentSegment.obj
 0001:00056b20       ?distanceSegmentSegmentSquared4@Gu@physx@@YA?AT__m128@@AEBT3@000000000AEAT3@1@Z 0000000180057b20 f   GuDistanceSegmentSegment.obj
 0001:00057270       ?distanceSegmentTriangleSquared@Gu@physx@@YAMAEBVPxVec3@2@0000PEAM11@Z 0000000180058270 f   GuDistanceSegmentTriangle.obj
 0001:00058ac0       ?distanceSegmentTriangleSquared@Gu@physx@@YA?AT__m128@@AEBT3@0000AEAT3@1@Z 0000000180059ac0 f   GuDistanceSegmentTriangle.obj
 0001:00059a90       ?sweepBoxBox@Gu@physx@@YA_NAEBVBox@12@0AEBVPxVec3@2@MV?$PxFlags@W4Enum@PxHitFlag@physx@@G@2@AEAUPxSweepHit@2@@Z 000000018005aa90 f   GuSweepBoxBox.obj
 0001:0005b640       ?sweepBoxSphere@Gu@physx@@YA_NAEBVBox@12@MAEBVPxVec3@2@1MAEAMAEAV42@V?$PxFlags@W4Enum@PxHitFlag@physx@@G@2@@Z 000000018005c640 f   GuSweepBoxSphere.obj
 0001:0005c390       ?sweepBoxTriangle@Gu@physx@@YA_NAEBVPxTriangle@2@AEBVPxBounds3@2@AEBVPxVec3@2@2AEAV52@3AEAM_N@Z 000000018005d390 f   GuSweepBoxTriangle_FeatureBased.obj
 0001:0005e0a0       ?triBoxSweepTestBoxSpace@Gu@physx@@YAHAEBVPxTriangle@2@AEBVPxVec3@2@11MAEAM_N@Z 000000018005f0a0 f   GuSweepBoxTriangle_SAT.obj
 0001:0005ebf0       ?sweepCapsuleBox@Gu@physx@@YA_NAEBVCapsule@12@AEBVPxTransform@2@AEBVPxVec3@2@2MAEAV52@AEAM3V?$PxFlags@W4Enum@PxHitFlag@physx@@G@2@@Z 000000018005fbf0 f   GuSweepCapsuleBox.obj
 0001:0005f040       ??0PxTriangle@physx@@QEAA@XZ 0000000180060040 f i GuSweepCapsuleBox.obj
 0001:0005f050       ??1PxTriangle@physx@@QEAA@XZ 0000000180060050 f i GuSweepCapsuleBox.obj
 0001:00060580       ?sweepCapsuleCapsule@Gu@physx@@YA_NAEBVCapsule@12@0AEBVPxVec3@2@MAEAMAEAV42@3IAEAG@Z 0000000180061580 f   GuSweepCapsuleCapsule.obj
 0001:00061700       ??0Capsule@Gu@physx@@QEAA@XZ 0000000180062700 f i GuSweepCapsuleCapsule.obj
 0001:00061710       ??1Capsule@Gu@physx@@QEAA@XZ 0000000180062710 f i GuSweepCapsuleCapsule.obj
 0001:00061720       ?distancePointSegmentSquared@Gu@physx@@YAMAEBVSegment@12@AEBVPxVec3@2@PEAM@Z 0000000180062720 f i GuSweepCapsuleCapsule.obj
 0001:00061bc0       ?sweepCapsuleTriangles_Precise@Gu@physx@@YA_NIPEIBVPxTriangle@2@AEBVCapsule@12@AEBVPxVec3@2@MPEIBIAEAUPxSweepHit@2@AEAV52@V?$PxFlags@W4Enum@PxHitFlag@physx@@G@2@_NPEBVBoxPadded@12@@Z 0000000180062bc0 f   GuSweepCapsuleTriangle.obj
 0001:00064450       ?sweepSphereCapsule@Gu@physx@@YA_NAEBVSphere@12@AEBVCapsule@12@AEBVPxVec3@2@MAEAMAEAV52@4V?$PxFlags@W4Enum@PxHitFlag@physx@@G@2@@Z 0000000180065450 f   GuSweepSphereCapsule.obj
 0001:00064cb0       ?sweepSphereSphere@Gu@physx@@YA_NAEBVPxVec3@2@M0M0AEAMAEAV32@@Z 0000000180065cb0 f   GuSweepSphereSphere.obj
 0001:00065000       ?sweepSphereVSTri@Gu@physx@@YA_NPEIBVPxVec3@2@AEBV32@1M1AEAMAEA_N_N@Z 0000000180066000 f   GuSweepSphereTriangle.obj
 0001:00065f20       ?sweepSphereVSQuad@Gu@physx@@YA_NPEIBVPxVec3@2@AEBV32@1M1AEAM@Z 0000000180066f20 f   GuSweepSphereTriangle.obj
 0001:00067370       ?sweepSphereTriangles@Gu@physx@@YA_NIPEIBVPxTriangle@2@AEBVPxVec3@2@M1MPEIBIAEAUPxSweepHit@2@AEAV42@_N555@Z 0000000180068370 f   GuSweepSphereTriangle.obj
 0001:00068710       ?computeSphereTriImpactData@Gu@physx@@YAXAEAVPxVec3@2@0AEBV32@1MAEBVPxTriangle@2@@Z 0000000180069710 f   GuSweepTriangleUtils.obj
 0001:000689a0       ?computeBoxTriImpactData@Gu@physx@@YAXAEAVPxVec3@2@0AEBV32@1AEBVPxTriangle@2@M@Z 00000001800699a0 f   GuSweepTriangleUtils.obj
 0001:00068c30       ?computeEdgeEdgeNormal@Gu@physx@@YAXAEAVPxVec3@2@AEBV32@1111M@Z 0000000180069c30 f   GuSweepTriangleUtils.obj
 0001:000690e0       ??$gjk@U?$LocalConvex@VTriangleV@Gu@physx@@@Gu@physx@@U?$LocalConvex@VBoxV@Gu@physx@@@23@@Gu@physx@@YA?AW4GjkStatus@01@AEBU?$LocalConvex@VTriangleV@Gu@physx@@@01@AEBU?$LocalConvex@VBoxV@Gu@physx@@@01@AEBT__m128@@2AEAT5@333@Z 000000018006a0e0 f i GuSweepTriangleUtils.obj
 0001:0006a270       ??_E?$LocalConvex@VBoxV@Gu@physx@@@Gu@physx@@UEAAPEAXI@Z 000000018006b270 f i GuSweepTriangleUtils.obj
 0001:0006a270       ??_G?$LocalConvex@VBoxV@Gu@physx@@@Gu@physx@@UEAAPEAXI@Z 000000018006b270 f i GuSweepTriangleUtils.obj
 0001:0006a2b0       ??_G?$LocalConvex@VTriangleV@Gu@physx@@@Gu@physx@@UEAAPEAXI@Z 000000018006b2b0 f i GuSweepTriangleUtils.obj
 0001:0006a2b0       ??_E?$LocalConvex@VTriangleV@Gu@physx@@@Gu@physx@@UEAAPEAXI@Z 000000018006b2b0 f i GuSweepTriangleUtils.obj
 0001:0006a2f0       ?getCenter@?$LocalConvex@VBoxV@Gu@physx@@@Gu@physx@@UEBA?AT__m128@@XZ 000000018006b2f0 f i GuSweepTriangleUtils.obj
 0001:0006a310       ?getCenter@?$LocalConvex@VTriangleV@Gu@physx@@@Gu@physx@@UEBA?AT__m128@@XZ 000000018006b310 f i GuSweepTriangleUtils.obj
 0001:0006a330       ?getSweepMargin@?$LocalConvex@VBoxV@Gu@physx@@@Gu@physx@@UEBA?AT__m128@@XZ 000000018006b330 f i GuSweepTriangleUtils.obj
 0001:0006a360       ?getSweepMargin@?$LocalConvex@VTriangleV@Gu@physx@@@Gu@physx@@UEBA?AT__m128@@XZ 000000018006b360 f i GuSweepTriangleUtils.obj
 0001:0006a6d0       ?support@?$LocalConvex@VBoxV@Gu@physx@@@Gu@physx@@UEBA?AT__m128@@AEBT4@@Z 000000018006b6d0 f i GuSweepTriangleUtils.obj
 0001:0006a710       ?support@?$LocalConvex@VBoxV@Gu@physx@@@Gu@physx@@UEBA?AT__m128@@AEBT4@AEAHPEAT4@@Z 000000018006b710 f i GuSweepTriangleUtils.obj
 0001:0006a750       ?support@?$LocalConvex@VTriangleV@Gu@physx@@@Gu@physx@@UEBA?AT__m128@@AEBT4@@Z 000000018006b750 f i GuSweepTriangleUtils.obj
 0001:0006a800       ?support@?$LocalConvex@VTriangleV@Gu@physx@@@Gu@physx@@UEBA?AT__m128@@AEBT4@AEAHPEAT4@@Z 000000018006b800 f i GuSweepTriangleUtils.obj
 0001:0006a950       ?supportPoint@?$LocalConvex@VBoxV@Gu@physx@@@Gu@physx@@UEBA?AT__m128@@HPEAT4@@Z 000000018006b950 f i GuSweepTriangleUtils.obj
 0001:0006a990       ?supportPoint@?$LocalConvex@VTriangleV@Gu@physx@@@Gu@physx@@UEBA?AT__m128@@HPEAT4@@Z 000000018006b990 f i GuSweepTriangleUtils.obj
 0001:0006a9b0       ?epaPenetration@Gu@physx@@YA?AW4GjkStatus@12@AEBUGjkConvex@12@0PEIAE1EAEAT__m128@@222_N@Z 000000018006b9b0 f   GuEPA.obj
 0001:0006ba50       ?silhouette@Facet@Gu@physx@@QEAAXAEBT__m128@@PEIBT4@1AEAVEdgeBuffer@23@AEAV?$InlineDeferredIDPool@$0EA@@Cm@3@@Z 000000018006ca50 f   GuEPA.obj
 0001:0006bc20       ?PenetrationDepth@EPA@Gu@physx@@QEAA?AW4GjkStatus@23@AEBUGjkConvex@23@0PEIBT__m128@@11HAEAT6@222_N@Z 000000018006cc20 f   GuEPA.obj
 0001:0006c6d0       ?expandPoint@EPA@Gu@physx@@QEAA_NAEBUGjkConvex@23@0AEAHAEBT__m128@@2@Z 000000018006d6d0 f   GuEPA.obj
 0001:0006c7d0       ?expandSegment@EPA@Gu@physx@@QEAA_NAEBUGjkConvex@23@0AEAHAEBT__m128@@2@Z 000000018006d7d0 f   GuEPA.obj
 0001:0006c930       ?expandTriangle@EPA@Gu@physx@@QEAA_NAEAHAEBT__m128@@1@Z 000000018006d930 f   GuEPA.obj
 0001:0006c9f0       ?addFacet@EPA@Gu@physx@@QEAAPEAVFacet@23@IIIAEBT__m128@@0@Z 000000018006d9f0 f   GuEPA.obj
 0001:0006d500       ??0Edge@Gu@physx@@QEAA@XZ  000000018006e500 f i GuEPA.obj
 0001:0006d510       ??0Facet@Gu@physx@@QEAA@XZ 000000018006e510 f i GuEPA.obj
 0001:0006dac0       ?closestPtPointTetrahedron@Gu@physx@@YA?AT__m128@@PEIAT3@00AEAI@Z 000000018006eac0 f   GuGJKSimplex.obj
 0001:0006e380       ?closestPtPointTetrahedron@Gu@physx@@YA?AT__m128@@PEIAT3@00PEIAH1AEAI@Z 000000018006f380 f   GuGJKSimplex.obj
 0001:000708c0       ?testGjk@Gu@physx@@YA?AW4GjkStatus@12@AEAUGjkConvex@12@0AEBT__m128@@1AEAT5@222@Z 00000001800718c0 f   GuGJKTest.obj
 0001:000708d0       ?testGjkPenetration@Gu@physx@@YA?AW4GjkStatus@12@AEAUGjkConvex@12@0AEBT__m128@@1AEAT5@222@Z 00000001800718d0 f   GuGJKTest.obj
 0001:00070960       ?testGjkPenetration@Gu@physx@@YA?AW4GjkStatus@12@AEAUGjkConvex@12@0AEBT__m128@@1AEAT5@222PEAE3E@Z 0000000180071960 f   GuGJKTest.obj
 0001:000709f0       ?testEpaPenetration@Gu@physx@@YA?AW4GjkStatus@12@AEAUGjkConvex@12@0AEAT__m128@@111@Z 00000001800719f0 f   GuGJKTest.obj
 0001:00070a60       ?testEpaPenetration@Gu@physx@@YA?AW4GjkStatus@12@AEAUGjkConvex@12@0AEAT__m128@@111PEAE2E@Z 0000000180071a60 f   GuGJKTest.obj
 0001:00070ae0       ?testGjkRaycast@Gu@physx@@YA_NAEAUGjkConvex@12@0AEBT__m128@@111AEAT4@22M@Z 0000000180071ae0 f   GuGJKTest.obj
 0001:00070b70       ??$gjk@UGjkConvex@Gu@physx@@U123@@Gu@physx@@YA?AW4GjkStatus@01@AEBUGjkConvex@01@0AEBT__m128@@1AEAT4@222@Z 0000000180071b70 f i GuGJKTest.obj
 0001:00071c30       ??$gjkPenetration@UGjkConvex@Gu@physx@@U123@@Gu@physx@@YA?AW4GjkStatus@01@AEBUGjkConvex@01@0AEBT__m128@@1AEAT4@222PEIAE3AEAE_N@Z 0000000180072c30 f i GuGJKTest.obj
 0001:00073a80       ??$gjkRaycast@UGjkConvex@Gu@physx@@U123@@Gu@physx@@YA_NAEBUGjkConvex@01@0AEBT__m128@@111AEAT3@22M@Z 0000000180074a80 f i GuGJKTest.obj
 0001:00074ac0       ?intersectOBBOBB@Gu@physx@@YA_NAEBVPxVec3@2@0AEBVPxMat33@2@001_N@Z 0000000180075ac0 f   GuIntersectionBoxBox.obj
 0001:00075300       ?intersectCapsuleTriangle@Gu@physx@@YA_NAEBVPxVec3@2@000AEBVCapsule@12@AEBUCapsuleTriangleOverlapData@12@@Z 0000000180076300 f   GuIntersectionCapsuleTriangle.obj
 0001:000762e0       ?intersectEdgeEdge@Gu@physx@@YA_NAEBVPxVec3@2@0000AEAMAEAV32@@Z 00000001800772e0 f   GuIntersectionEdgeEdge.obj
 0001:000766e0       ?rayAABBIntersect@Gu@physx@@YA_NAEBVPxVec3@2@000AEAV32@@Z 00000001800776e0 f   GuIntersectionRayBox.obj
 0001:000768e0       ?rayAABBIntersect2@Gu@physx@@YAIAEBVPxVec3@2@000AEAV32@AEAM@Z 00000001800778e0 f   GuIntersectionRayBox.obj
 0001:00076af0       ?intersectRayAABB@Gu@physx@@YAHAEBVPxVec3@2@000AEAM1@Z 0000000180077af0 f   GuIntersectionRayBox.obj
 0001:00076c10       ?intersectRayAABB@Gu@physx@@YAHAEBVPxVec3@2@0000AEAM1@Z 0000000180077c10 f   GuIntersectionRayBox.obj
 0001:00076dc0       ?intersectRayAABB2@Gu@physx@@YA_NAEBVPxVec3@2@000MAEAM1@Z 0000000180077dc0 f   GuIntersectionRayBox.obj
 0001:00076f70       ?intersectRayAABB2@Gu@physx@@YA_NAEBT__m128@@0000AEAT3@1@Z 0000000180077f70 f   GuIntersectionRayBox.obj
 0001:00077290       ?intersectRayCapsuleInternal@Gu@physx@@YAIAEBVPxVec3@2@000MQEAM@Z 0000000180078290 f   GuIntersectionRayCapsule.obj
 0001:00077ca0       ?intersectRaySphereBasic@Gu@physx@@YA_NAEBVPxVec3@2@0M0MAEAMPEAV32@@Z 0000000180078ca0 f   GuIntersectionRaySphere.obj
 0001:00077e00       ?intersectRaySphere@Gu@physx@@YA_NAEBVPxVec3@2@0M0MAEAMPEAV32@@Z 0000000180078e00 f   GuIntersectionRaySphere.obj
 0001:00078140       ?intersectSphereBox@Gu@physx@@YA_NAEBVSphere@12@AEBVBox@12@@Z 0000000180079140 f   GuIntersectionSphereBox.obj
 0001:000783f0       ?intersectTriangleBox_ReferenceCode@Gu@physx@@YAHAEBVPxVec3@2@0000@Z 00000001800793f0 f   GuIntersectionTriangleBox.obj
 0001:00078bd0       ?intersectTriangleBox_Unsafe@Gu@physx@@YAHAEBVPxVec3@2@0000@Z 0000000180079bd0 f   GuIntersectionTriangleBox.obj
 0001:00078f90       ?intersectTriangleBox@Gu@physx@@YAHAEBVBoxPadded@12@AEBVPxVec3@2@11@Z 0000000180079f90 f   GuIntersectionTriangleBox.obj
 0001:00079590       ?intersectTriangleBoxBV4@@YAHAEBVPxVec3@physx@@00AEBVPxMat33@2@00@Z 000000018007a590 f   GuIntersectionTriangleBox.obj
 0001:00079f40       ??0BV32Tree@Gu@physx@@QEAA@W4PxEMPTY@2@@Z 000000018007af40 f   GuBV32.obj
 0001:00079f60       ?exportExtraData@BV32Tree@Gu@physx@@QEAAXAEAVPxSerializationContext@3@@Z 000000018007af60 f   GuBV32.obj
 0001:00079fb0       ?importExtraData@BV32Tree@Gu@physx@@QEAAXAEAVPxDeserializationContext@3@@Z 000000018007afb0 f   GuBV32.obj
 0001:00079fe0       ??0BV32Tree@Gu@physx@@QEAA@XZ 000000018007afe0 f   GuBV32.obj
 0001:0007a010       ??0BV32Tree@Gu@physx@@QEAA@PEAVSourceMesh@12@AEBVPxBounds3@2@@Z 000000018007b010 f   GuBV32.obj
 0001:0007a0d0       ??1BV32Tree@Gu@physx@@QEAA@XZ 000000018007b0d0 f   GuBV32.obj
 0001:0007a0e0       ?load@BV32Tree@Gu@physx@@QEAA_NAEAVPxInputStream@3@I@Z 000000018007b0e0 f   GuBV32.obj
 0001:0007a2c0       ?calculateLeafNode@BV32Tree@Gu@physx@@QEAAXAEAUBV32Data@23@@Z 000000018007b2c0 f   GuBV32.obj
 0001:0007a500       ?createSOAformatNode@BV32Tree@Gu@physx@@QEAAXAEAUBV32DataPacked@23@AEBUBV32Data@23@IAEAI2@Z 000000018007b500 f   GuBV32.obj
 0001:0007a970       ?reset@BV32Tree@Gu@physx@@QEAAXXZ 000000018007b970 f   GuBV32.obj
 0001:0007a990       ??4BV32Tree@Gu@physx@@QEAAXAEAV012@@Z 000000018007b990 f   GuBV32.obj
 0001:0007a9f0       ?init@BV32Tree@Gu@physx@@QEAA_NPEAVSourceMesh@23@AEBVPxBounds3@3@@Z 000000018007b9f0 f   GuBV32.obj
 0001:0007aaa0       ?release@BV32Tree@Gu@physx@@QEAAXXZ 000000018007baa0 f   GuBV32.obj
 0001:0007ae20       ?BuildBV32Ex@Gu@physx@@YA_NAEAVBV32Tree@12@AEAVSourceMesh@12@MI@Z 000000018007be20 f   GuBV32Build.obj
 0001:0007b020       ??0BV32Data@Gu@physx@@QEAA@XZ 000000018007c020 f i GuBV32Build.obj
 0001:0007b060       ??0BV32Node@@QEAA@XZ       000000018007c060 f i GuBV32Build.obj
 0001:0007c140       ??0SourceMesh@Gu@physx@@QEAA@XZ 000000018007d140 f   GuBV4.obj
 0001:0007c170       ??1SourceMesh@Gu@physx@@QEAA@XZ 000000018007d170 f   GuBV4.obj
 0001:0007c1d0       ?reset@SourceMesh@Gu@physx@@QEAAXXZ 000000018007d1d0 f   GuBV4.obj
 0001:0007c1f0       ??4SourceMesh@Gu@physx@@QEAAXAEAV012@@Z 000000018007d1f0 f   GuBV4.obj
 0001:0007c240       ?remapTopology@SourceMesh@Gu@physx@@QEAAXPEBI@Z 000000018007d240 f   GuBV4.obj
 0001:0007c540       ?isValid@SourceMesh@Gu@physx@@QEBA_NXZ 000000018007d540 f   GuBV4.obj
 0001:0007c570       ??0BV4Tree@Gu@physx@@QEAA@W4PxEMPTY@2@@Z 000000018007d570 f   GuBV4.obj
 0001:0007c590       ?exportExtraData@BV4Tree@Gu@physx@@QEAAXAEAVPxSerializationContext@3@@Z 000000018007d590 f   GuBV4.obj
 0001:0007c5e0       ?importExtraData@BV4Tree@Gu@physx@@QEAAXAEAVPxDeserializationContext@3@@Z 000000018007d5e0 f   GuBV4.obj
 0001:0007c610       ??0BV4Tree@Gu@physx@@QEAA@XZ 000000018007d610 f   GuBV4.obj
 0001:0007c640       ??0BV4Tree@Gu@physx@@QEAA@PEAVSourceMesh@12@AEBVPxBounds3@2@@Z 000000018007d640 f   GuBV4.obj
 0001:0007c710       ??1BV4Tree@Gu@physx@@QEAA@XZ 000000018007d710 f   GuBV4.obj
 0001:0007c770       ?load@BV4Tree@Gu@physx@@QEAA_NAEAVPxInputStream@3@I@Z 000000018007d770 f   GuBV4.obj
 0001:0007c9b0       ?reset@BV4Tree@Gu@physx@@QEAAXXZ 000000018007d9b0 f   GuBV4.obj
 0001:0007c9e0       ??4BV4Tree@Gu@physx@@QEAAXAEAV012@@Z 000000018007d9e0 f   GuBV4.obj
 0001:0007ca70       ?init@BV4Tree@Gu@physx@@QEAA_NPEAVSourceMesh@23@AEBVPxBounds3@3@@Z 000000018007da70 f   GuBV4.obj
 0001:0007cb20       ?release@BV4Tree@Gu@physx@@QEAAXXZ 000000018007db20 f   GuBV4.obj
 0001:0007ce00       ??0IndTri16@Gu@physx@@QEAA@XZ 000000018007de00 f i GuBV4.obj
 0001:0007ce10       ??0IndTri32@Gu@physx@@QEAA@XZ 000000018007de10 f i GuBV4.obj
 0001:0007ce20       ??1IndTri16@Gu@physx@@QEAA@XZ 000000018007de20 f i GuBV4.obj
 0001:0007ce30       ??1IndTri32@Gu@physx@@QEAA@XZ 000000018007de30 f i GuBV4.obj
 0001:0007ce40       ??_EIndTri16@Gu@physx@@QEAAPEAXI@Z 000000018007de40 f i GuBV4.obj
 0001:0007cee0       ??_EIndTri32@Gu@physx@@QEAAPEAXI@Z 000000018007dee0 f i GuBV4.obj
 0001:0007cf80       ??0AABBTree@Gu@physx@@QEAA@XZ 000000018007df80 f   GuBV4Build.obj
 0001:0007cfa0       ??1AABBTree@Gu@physx@@QEAA@XZ 000000018007dfa0 f   GuBV4Build.obj
 0001:0007cfb0       ?buildFromMesh@AABBTree@Gu@physx@@QEAA_NAEAVSourceMesh@23@I@Z 000000018007dfb0 f   GuBV4Build.obj
 0001:0007d3f0       ?release@AABBTree@Gu@physx@@QEAAXXZ 000000018007e3f0 f   GuBV4Build.obj
 0001:0007d4a0       ?walk@AABBTree@Gu@physx@@QEBAIP6A_NPEBVAABBTreeNode@23@IPEAX@Z1@Z 000000018007e4a0 f   GuBV4Build.obj
 0001:0007d560       ?BuildBV4Ex@Gu@physx@@YA_NAEAVBV4Tree@12@AEAVSourceMesh@12@MI@Z 000000018007e560 f   GuBV4Build.obj
 0001:0007d800       ??0BVData@@QEAA@XZ         000000018007e800 f   GuBV4Build.obj
 0001:0007d840       ??1BV4BuildParams@@QEAA@XZ 000000018007e840 f   GuBV4Build.obj
 0001:0007d850       ?allocateNode@BV4BuildParams@@QEAAPEAUBV4Node@@XZ 000000018007e850 f   GuBV4Build.obj
 0001:0007d970       ?releaseNodes@BV4BuildParams@@QEAAXXZ 000000018007e970 f   GuBV4Build.obj
 0001:0007dd40       ??0AABBTreeNode@Gu@physx@@QEAA@XZ 000000018007ed40 f i GuBV4Build.obj
 0001:0007dd60       ??0BV4Node@@QEAA@XZ        000000018007ed60 f i GuBV4Build.obj
 0001:0007de40       ??1AABBTreeNode@Gu@physx@@QEAA@XZ 000000018007ee40 f i GuBV4Build.obj
 0001:0007de60       ??1BV4Node@@QEAA@XZ        000000018007ee60 f i GuBV4Build.obj
 0001:0007de70       ??1BVData@@QEAA@XZ         000000018007ee70 f i GuBV4Build.obj
 0001:0007de80       ??_EAABBTreeNode@Gu@physx@@QEAAPEAXI@Z 000000018007ee80 f i GuBV4Build.obj
 0001:00080010       ?Sweep_AABB_BV4@@YAHAEBVBox@Gu@physx@@AEBVPxVec3@3@MAEBVBV4Tree@23@PEIAVSweepHit@23@I@Z 0000000180081010 f   GuBV4_AABBSweep.obj
 0001:00080570       ?Sweep_AABB_BV4_CB@@YAXAEBVBox@Gu@physx@@AEBVPxVec3@3@MAEBVBV4Tree@23@PEIBVPxMat44@3@P6A_NPEAXAEBVSweepHit@23@@Z4I_N@Z 0000000180081570 f   GuBV4_AABBSweep.obj
 0001:00080720       ?GenericSweep_AABB_CB@@YAXAEBVBox@Gu@physx@@AEBVPxVec3@3@MAEBVBV4Tree@23@P6A_NPEAX111IAEAM@Z3I@Z 0000000180081720 f   GuBV4_AABBSweep.obj
 0001:000885b0       ??DPxMat33@physx@@QEBA?BVPxVec3@1@AEBV21@@Z 00000001800895b0 f i GuBV4_AABBSweep.obj
 0001:00089f10       ?BV4_OverlapBoxAny@@YAHAEBVBox@Gu@physx@@AEBVBV4Tree@23@PEIBVPxMat44@3@@Z 000000018008af10 f   GuBV4_BoxOverlap.obj
 0001:0008a730       ?BV4_OverlapBoxAll@@YAIAEBVBox@Gu@physx@@AEBVBV4Tree@23@PEIBVPxMat44@3@PEAIIAEA_N@Z 000000018008b730 f   GuBV4_BoxOverlap.obj
 0001:0008afb0       ?BV4_OverlapBoxCB@@YAXAEBVBox@Gu@physx@@AEBVBV4Tree@23@P6A_NPEAXAEBVPxVec3@3@33IPEBI@Z2@Z 000000018008bfb0 f   GuBV4_BoxOverlap.obj
 0001:0008b460       ?BV4_OverlapCapsuleAny@@YAHAEBVCapsule@Gu@physx@@AEBVBV4Tree@23@PEIBVPxMat44@3@@Z 000000018008c460 f   GuBV4_BoxOverlap.obj
 0001:0008bae0       ?BV4_OverlapCapsuleAll@@YAIAEBVCapsule@Gu@physx@@AEBVBV4Tree@23@PEIBVPxMat44@3@PEAIIAEA_N@Z 000000018008cae0 f   GuBV4_BoxOverlap.obj
 0001:0008c1d0       ?BV4_OverlapCapsuleCB@@YAXAEBVCapsule@Gu@physx@@AEBVBV4Tree@23@PEIBVPxMat44@3@P6A_NPEAXAEBVPxVec3@3@44IPEBI@Z3@Z 000000018008d1d0 f   GuBV4_BoxOverlap.obj
 0001:00092760       ?BV4_CapsuleSweepSingle@@YAHAEBVCapsule@Gu@physx@@AEBVPxVec3@3@MAEBVBV4Tree@23@PEIAVSweepHit@23@I@Z 0000000180093760 f   GuBV4_CapsuleSweep.obj
 0001:00092d80       ?BV4_CapsuleSweepCB@@YAXAEBVCapsule@Gu@physx@@AEBVPxVec3@3@MAEBVBV4Tree@23@PEIBVPxMat44@3@P6A_NPEAXAEBVSweepHit@23@@Z4I_N@Z 0000000180093d80 f   GuBV4_CapsuleSweep.obj
 0001:0009bcc0       ?transform@PxMat44@physx@@QEBA?BVPxVec3@2@AEBV32@@Z 000000018009ccc0 f i GuBV4_CapsuleSweep.obj
 0001:0009ce50       ?BV4_CapsuleSweepSingleAA@@YAHAEBVCapsule@Gu@physx@@AEBVPxVec3@3@MAEBVBV4Tree@23@PEIAVSweepHit@23@I@Z 000000018009de50 f   GuBV4_CapsuleSweepAA.obj
 0001:000a0ce0       ?Sweep_OBB_BV4@@YAHAEBVBox@Gu@physx@@AEBVPxVec3@3@MAEBVBV4Tree@23@PEIAVSweepHit@23@I@Z 00000001800a1ce0 f   GuBV4_OBBSweep.obj
 0001:000a1270       ?Sweep_OBB_BV4_CB@@YAXAEBVBox@Gu@physx@@AEBVPxVec3@3@MAEBVBV4Tree@23@PEIBVPxMat44@3@P6A_NPEAXAEBVSweepHit@23@@Z4I_N@Z 00000001800a2270 f   GuBV4_OBBSweep.obj
[...]
 0002:00008068       ??_C@_0L@PMAANELH@halfHeight?$AA@ 00000001801cc068     GuMetaData.obj
 0002:00008078       ??_C@_0BC@DMJNHLLO@ShadowBoxGeometry?$AA@ 00000001801cc078     GuMetaData.obj
 0002:00008090       ??_C@_0M@CMAEPJOI@halfExtents?$AA@ 00000001801cc090     GuMetaData.obj
 0002:000080a0       ??_C@_0BH@PKALDLFA@PxConvexMeshGeometryLL?$AA@ 00000001801cc0a0     GuMetaData.obj
 0002:000080c0       ??_C@_0BJ@GAFBNAAE@PxTriangleMeshGeometryLL?$AA@ 00000001801cc0c0     GuMetaData.obj
 0002:000080e0       ??_C@_0BI@IIFLCNOC@PxHeightFieldGeometryLL?$AA@ 00000001801cc0e0     GuMetaData.obj
 0002:00008100       ??_C@_0BA@NAHKMBFO@PxPlaneGeometry?$AA@ 00000001801cc100     GuMetaData.obj
 0002:00008118       ??_C@_0BB@CHBDIEFA@PxSphereGeometry?$AA@ 00000001801cc118     GuMetaData.obj
 0002:00008130       ??_C@_0BC@LJMOIOOK@PxCapsuleGeometry?$AA@ 00000001801cc130     GuMetaData.obj
 0002:00008148       ??_C@_0O@OEDJDNFP@PxBoxGeometry?$AA@ 00000001801cc148     GuMetaData.obj
 0002:00008158       ??_C@_0BC@ICOOCLFG@Gu?3?3GeometryUnion?$AA@ 00000001801cc158     GuMetaData.obj
 0002:000081a0       ??_C@_0EC@MLIJOGHA@Height?5Field?5Overlap?5test?5called@ 00000001801cc1a0     GuOverlapTests.obj
 0002:000081f0       ??_C@_0CH@MIKFAPPP@?4?4?2?4?4?2GeomUtils?2src?2GuOverlapTes@ 00000001801cc1f0     GuOverlapTests.obj
 0002:00008250       ??_C@_0EC@GJLDADPE@Height?5Field?5Raycast?5test?5called@ 00000001801cc250     GuRaycastTests.obj
 0002:000082a0       ??_C@_0CH@DLGIHIFF@?4?4?2?4?4?2GeomUtils?2src?2GuRaycastTes@ 00000001801cc2a0     GuRaycastTests.obj
 0002:00008350       ??_7MeshMTDGenerationCallback@@6B@ 00000001801cc350     GuSweepMTD.obj
 0002:00008368       ??_7MidPhaseQueryLocalReport@@6B@ 00000001801cc368     GuSweepMTD.obj
 0002:0000837c       __real@3f933333            00000001801cc37c     GuSweepMTD.obj
 0002:000083e0       ??_C@_0EA@GNDJNJGB@Height?5Field?5Sweep?5test?5called?5w@ 00000001801cc3e0     GuSweepTests.obj
 0002:00008430       ??_C@_0CF@DGAJDDIC@?4?4?2?4?4?2GeomUtils?2src?2GuSweepTests@ 00000001801cc430     GuSweepTests.obj
 0002:00008460       __sz_PxFoundationCHECKED_x64_dll 00000001801cc460     PxFoundationCHECKED_x64:PxFoundationCHECKED_x64.dll
 0002:00008480       ??_C@_1BK@DBDEIDLH@?$AAK?$AAE?$AAR?$AAN?$AAE?$AAL?$AA3?$AA2?$AA?4?$AAD?$AAL?$AAL?$AA?$AA@ 00000001801cc480     delayimp:delayhlp.obj
 0002:000084a0       ??_C@_0BI@OMNLIJDB@AcquireSRWLockExclusive?$AA@ 00000001801cc4a0     delayimp:delayhlp.obj
 0002:000084c0       ??_C@_0BI@HMIEPCNJ@ReleaseSRWLockExclusive?$AA@ 00000001801cc4c0     delayimp:delayhlp.obj
 0002:000084e0       __pfnDliFailureHook2       00000001801cc4e0     delayimp:delayhk1.obj
 0002:000084f8       ??_7type_info@@6B@         00000001801cc4f8     MSVCRT:std_type_info_static.obj
 0002:00008508       _pRawDllMain               00000001801cc508     MSVCRT:dll_dllmain.obj
 0002:00008508       _pDefaultRawDllMain        00000001801cc508     MSVCRT:dll_dllmain.obj
 0002:00008520       _load_config_used          00000001801cc520     MSVCRT:loadcfg.obj
 0002:00008b38       ??_R4type_info@@6B@        00000001801ccb38     MSVCRT:std_type_info_static.obj
 0002:00008b68       ??_R3type_info@@8          00000001801ccb68     MSVCRT:std_type_info_static.obj
 0002:00008b80       ??_R2type_info@@8          00000001801ccb80     MSVCRT:std_type_info_static.obj
 0002:00008b90       ??_R1A@?0A@EA@type_info@@8 00000001801ccb90     MSVCRT:std_type_info_static.obj
 0002:00008e78       __rtc_iaa                  00000001801cce78     MSVCRT:_initsect_.obj
 0002:00008f88       __rtc_izz                  00000001801ccf88     MSVCRT:_initsect_.obj
 0002:00009098       __rtc_taa                  00000001801cd098     MSVCRT:_initsect_.obj
 0002:000091a8       __rtc_tzz                  00000001801cd1a8     MSVCRT:_initsect_.obj
 0003:00000000       __pfnDliNotifyHook2        00000001801eb000     CmWindowsDelayLoadHook.obj
 0003:00000484       ?mVersion@RTree@Gu@physx@@2IA 00000001801eb484     GuRTree.obj
 0003:000004c0       ?g_SweepMethodTable@Gu@physx@@3PAY06P6AMAEBUCCDShape@12@0AEBVPxTransform@2@111MAEAVPxVec3@2@2MAEAIM@ZA 00000001801eb4c0     GuCCDSweepPrimitives.obj
 0003:00000648       ?g_TriangleSweepMethodTable@Gu@physx@@3PAP6AMAEBVGeometryUnion@12@0AEBVPxTransform@2@111MAEAVPxVec3@2@2AEBVFastVertex2ShapeScaling@Cm@2@AEAVTriangleV@12@M@ZA 00000001801eb648     GuCCDSweepPrimitives.obj
 0003:00000700       ?gGeomMTDMethodTable@@3PAY06P6A_NAEAVPxVec3@physx@@AEAMAEBVPxGeometry@2@AEBVPxTransform@2@23@ZA 00000001801eb700     GuMTD.obj
 0003:000008e0       ?gGeomOverlapMethodTable@@3PAY06P6A_NAEBVPxGeometry@physx@@AEBVPxTransform@2@01PEAUTriggerCache@Gu@2@@ZA 00000001801eb8e0     GuOverlapTests.obj
 0003:00000ab8       ?gRaycastMap@@3PAP6AIAEBVPxGeometry@physx@@AEBVPxTransform@2@AEBVPxVec3@2@2MV?$PxFlags@W4Enum@PxHitFlag@physx@@G@2@IPEIAUPxRaycastHit@2@@ZA 00000001801ebab8     GuRaycastTests.obj
 0003:00000b00       ?gGeomSweepFuncs@@3UGeomSweepFuncs@Gu@physx@@A 00000001801ebb00     GuSweepTests.obj
 0003:00000c50       _fltused                   00000001801ebc50     MSVCRT:fltused.obj
 0003:00000c60       __scrt_native_dllmain_reason 00000001801ebc60     MSVCRT:utility.obj
 0003:00000c70       __security_cookie_complement 00000001801ebc70     MSVCRT:gs_cookie.obj
 0003:00000c78       __security_cookie          00000001801ebc78     MSVCRT:gs_cookie.obj
 0003:00000c90       __isa_available            00000001801ebc90     MSVCRT:_cpu_disp_.obj
 0003:00000c94       __isa_enabled              00000001801ebc94     MSVCRT:_cpu_disp_.obj
 0003:00000c98       __memcpy_nt_iters          00000001801ebc98     MSVCRT:_cpu_disp_.obj
 0003:00000ca4       __scrt_ucrt_dll_is_in_use  00000001801ebca4     MSVCRT:ucrt_stubs.obj
 0003:00000dd0       ??_R0?AVCollection@Cm@physx@@@8 00000001801ebdd0     CmCollection.obj
 0003:00000e08       ??_R0?AVBigConvexData@physx@@@8 00000001801ebe08     GuConvexMesh.obj
 0003:00000e40       ??_R0?AUBV32Data@Gu@physx@@@8 00000001801ebe40     GuBV32Build.obj
 0003:00000e70       ??_R0?AUBV32Node@@@8       00000001801ebe70     GuBV32Build.obj
 0003:00000e98       ??_R0?AVIndTri16@Gu@physx@@@8 00000001801ebe98     GuBV4.obj
 0003:00000ec8       ??_R0?AVIndTri32@Gu@physx@@@8 00000001801ebec8     GuBV4.obj
 0003:00000ef8       ??_R0?AUBVDataPacked@Gu@physx@@@8 00000001801ebef8     GuBV4Build.obj
 0003:00000f30       ??_R0?AUSlab@BV4BuildParams@@@8 00000001801ebf30     GuBV4Build.obj
 0003:00000f68       ??_R0?AVAABBTreeNode@Gu@physx@@@8 00000001801ebf68     GuBV4Build.obj
 0003:00000fa0       ??_R0?AVHeightField@Gu@physx@@@8 00000001801ebfa0     GuMeshFactory.obj
 0003:00000fd8       ??_R0?AVConvexMesh@Gu@physx@@@8 00000001801ebfd8     GuMeshFactory.obj
 0003:00001010       ??_R0?AVBV4TriangleMesh@Gu@physx@@@8 00000001801ec010     GuMeshFactory.obj
 0003:00001048       ??_R0?AVRTreeTriangleMesh@Gu@physx@@@8 00000001801ec048     GuMeshFactory.obj
 0003:00001088       ??_R0?AVMutexImpl@shdfnd@physx@@@8 00000001801ec088     GuMeshFactory.obj
 0003:000010c0       ??_R0?AVBV32Tree@Gu@physx@@@8 00000001801ec0c0     GuMeshFactory.obj
 0003:000010f0       ??_R0?AVBV4TriangleData@Gu@physx@@@8 00000001801ec0f0     GuMeshFactory.obj
 0003:00001128       ??_R0?AVRTreeTriangleData@Gu@physx@@@8 00000001801ec128     GuMeshFactory.obj
 0003:00001168       ??_R0E@8                   00000001801ec168     GuMeshFactory.obj
 0003:00001180       ??_R0I@8                   00000001801ec180     GuMeshFactory.obj
 0003:00001198       ??_R0G@8                   00000001801ec198     GuMeshFactory.obj
 0003:000011b0       ??_R0?AVtype_info@@@8      00000001801ec1b0     MSVCRT:std_type_info_static.obj
 0003:00001de0       ?boxVertexTable@physx@@3QBT__m128@@B 00000001801ecde0     GuConvexSupportTable.obj
 0003:00004978       __hmod__PxFoundationCHECKED_x64_dll 00000001801ef978     PxFoundationCHECKED_x64:PxFoundationCHECKED_x64.dll
 0003:00004980       ?DloadKernel32@@3PEAUHINSTANCE__@@EA 00000001801ef980     delayimp:delayhlp.obj
 0003:00004988       ?DloadAcquireSRWLockExclusive@@3P6AXPEA_K@ZEA 00000001801ef988     delayimp:delayhlp.obj
 0003:00004990       ?DloadReleaseSRWLockExclusive@@3P6AXPEA_K@ZEA 00000001801ef990     delayimp:delayhlp.obj
 0003:00004998       ?DloadSrwLock@@3_KA        00000001801ef998     delayimp:delayhlp.obj
 0003:000049a0       ?DloadSectionLockCount@@3KA 00000001801ef9a0     delayimp:delayhlp.obj
 0003:000049a4       ?DloadSectionOldProtection@@3KA 00000001801ef9a4     delayimp:delayhlp.obj
 0003:000049a8       ?DloadSectionCommitPermanent@@3KA 00000001801ef9a8     delayimp:delayhlp.obj
 0003:000049c0       ?__type_info_root_node@@3U__type_info_node@@A 00000001801ef9c0     MSVCRT:tncleanup.obj
 0003:000049d8       ?_OptionsStorage@?1??__local_stdio_printf_options@@9@4_KA 00000001801ef9d8     MSVCRT:default_local_stdio_options.obj
 0003:000049e8       ?_OptionsStorage@?1??__local_stdio_scanf_options@@9@4_KA 00000001801ef9e8     MSVCRT:default_local_stdio_options.obj
 0003:000049f8       __scrt_current_native_startup_state 00000001801ef9f8     MSVCRT:utility.obj
 0003:00004a00       __scrt_native_startup_lock 00000001801efa00     MSVCRT:utility.obj
 0003:00004a48       __scrt_debugger_hook_flag  00000001801efa48     MSVCRT:utility_desktop.obj
 0003:00004a4c       __favor                    00000001801efa4c     MSVCRT:_cpu_disp_.obj
 0003:00004a50       __dyn_tls_init_callback    00000001801efa50     <common>
 0005:00000000       __imp_LoadLibraryA         00000001801f8000     kernel32:KERNEL32.dll
 0005:00000008       __imp_FreeLibrary          00000001801f8008     kernel32:KERNEL32.dll
 0005:00000010       __imp_GetProcAddress       00000001801f8010     kernel32:KERNEL32.dll
 0005:00000018       __imp_GetStartupInfoW      00000001801f8018     kernel32:KERNEL32.dll
 0005:00000020       __imp_SetUnhandledExceptionFilter 00000001801f8020     kernel32:KERNEL32.dll
 0005:00000028       __imp_UnhandledExceptionFilter 00000001801f8028     kernel32:KERNEL32.dll
 0005:00000030       __imp_IsDebuggerPresent    00000001801f8030     kernel32:KERNEL32.dll
 0005:00000038       __imp_RtlVirtualUnwind     00000001801f8038     kernel32:KERNEL32.dll
 0005:00000040       __imp_RtlLookupFunctionEntry 00000001801f8040     kernel32:KERNEL32.dll
 0005:00000048       __imp_RtlCaptureContext    00000001801f8048     kernel32:KERNEL32.dll
 0005:00000050       __imp_DisableThreadLibraryCalls 00000001801f8050     kernel32:KERNEL32.dll
 0005:00000058       __imp_GetSystemTimeAsFileTime 00000001801f8058     kernel32:KERNEL32.dll
 0005:00000060       __imp_GetCurrentThreadId   00000001801f8060     kernel32:KERNEL32.dll
 0005:00000068       __imp_GetCurrentProcessId  00000001801f8068     kernel32:KERNEL32.dll
 0005:00000070       __imp_QueryPerformanceCounter 00000001801f8070     kernel32:KERNEL32.dll
 0005:00000078       __imp_InitializeSListHead  00000001801f8078     kernel32:KERNEL32.dll
 0005:00000080       __imp_LoadLibraryExA       00000001801f8080     kernel32:KERNEL32.dll
 0005:00000088       __imp_GetModuleHandleW     00000001801f8088     kernel32:KERNEL32.dll
 0005:00000090       __imp_VirtualQuery         00000001801f8090     kernel32:KERNEL32.dll
 0005:00000098       __imp_VirtualProtect       00000001801f8098     kernel32:KERNEL32.dll
 0005:000000a0       __imp_GetSystemInfo        00000001801f80a0     kernel32:KERNEL32.dll
 0005:000000a8       __imp_GetLastError         00000001801f80a8     kernel32:KERNEL32.dll
 0005:000000b0       __imp_RaiseException       00000001801f80b0     kernel32:KERNEL32.dll
 0005:000000b8       __imp_IsProcessorFeaturePresent 00000001801f80b8     kernel32:KERNEL32.dll
 0005:000000c0       \177KERNEL32_NULL_THUNK_DATA 00000001801f80c0     kernel32:KERNEL32.dll
 0005:00000138       __imp_memset               00000001801f8138     vcruntime:VCRUNTIME140.dll
 0005:00000140       __imp___std_type_info_destroy_list 00000001801f8140     vcruntime:VCRUNTIME140.dll
 0005:00000148       __imp___C_specific_handler 00000001801f8148     vcruntime:VCRUNTIME140.dll
 0005:00000150       __imp__purecall            00000001801f8150     vcruntime:VCRUNTIME140.dll
 0005:00000158       __imp___std_type_info_name 00000001801f8158     vcruntime:VCRUNTIME140.dll
 0005:00000160       __imp_memcpy               00000001801f8160     vcruntime:VCRUNTIME140.dll
 0005:00000168       __imp_strstr               00000001801f8168     vcruntime:VCRUNTIME140.dll
 0005:00000170       \177VCRUNTIME140_NULL_THUNK_DATA 00000001801f8170     vcruntime:VCRUNTIME140.dll
 0005:000001d0       __imp_free                 00000001801f81d0     ucrt:api-ms-win-crt-heap-l1-1-0.dll
 0005:000001d8       \177api-ms-win-crt-heap-l1-1-0_NULL_THUNK_DATA 00000001801f81d8     ucrt:api-ms-win-crt-heap-l1-1-0.dll
 0005:00000230       __imp_cosf                 00000001801f8230     ucrt:api-ms-win-crt-math-l1-1-0.dll
 0005:00000238       __imp__fpclass             00000001801f8238     ucrt:api-ms-win-crt-math-l1-1-0.dll
 0005:00000240       __imp_sinf                 00000001801f8240     ucrt:api-ms-win-crt-math-l1-1-0.dll
 0005:00000248       \177api-ms-win-crt-math-l1-1-0_NULL_THUNK_DATA 00000001801f8248     ucrt:api-ms-win-crt-math-l1-1-0.dll
 0005:000002a0       __imp__initialize_onexit_table 00000001801f82a0     ucrt:api-ms-win-crt-runtime-l1-1-0.dll
 0005:000002a8       __imp__seh_filter_dll      00000001801f82a8     ucrt:api-ms-win-crt-runtime-l1-1-0.dll
 0005:000002b0       __imp__initialize_narrow_environment 00000001801f82b0     ucrt:api-ms-win-crt-runtime-l1-1-0.dll
 0005:000002b8       __imp__configure_narrow_argv 00000001801f82b8     ucrt:api-ms-win-crt-runtime-l1-1-0.dll
 0005:000002c0       __imp__execute_onexit_table 00000001801f82c0     ucrt:api-ms-win-crt-runtime-l1-1-0.dll
 0005:000002c8       __imp__initterm            00000001801f82c8     ucrt:api-ms-win-crt-runtime-l1-1-0.dll
 0005:000002d0       __imp_terminate            00000001801f82d0     ucrt:api-ms-win-crt-runtime-l1-1-0.dll
 0005:000002d8       __imp__register_onexit_function 00000001801f82d8     ucrt:api-ms-win-crt-runtime-l1-1-0.dll
 0005:000002e0       __imp__crt_at_quick_exit   00000001801f82e0     ucrt:api-ms-win-crt-runtime-l1-1-0.dll
 0005:000002e8       __imp__crt_atexit          00000001801f82e8     ucrt:api-ms-win-crt-runtime-l1-1-0.dll
 0005:000002f0       __imp__initterm_e          00000001801f82f0     ucrt:api-ms-win-crt-runtime-l1-1-0.dll
 0005:000002f8       __imp__cexit               00000001801f82f8     ucrt:api-ms-win-crt-runtime-l1-1-0.dll
 0005:00000300       \177api-ms-win-crt-runtime-l1-1-0_NULL_THUNK_DATA 00000001801f8300     ucrt:api-ms-win-crt-runtime-l1-1-0.dll
 0005:00000368       __imp_strcmp               00000001801f8368     ucrt:api-ms-win-crt-string-l1-1-0.dll
 0005:00000370       \177api-ms-win-crt-string-l1-1-0_NULL_THUNK_DATA 00000001801f8370     ucrt:api-ms-win-crt-string-l1-1-0.dll
 0005:000003c8       __IMPORT_DESCRIPTOR_KERNEL32 00000001801f83c8     kernel32:KERNEL32.dll
 0005:000003dc       __IMPORT_DESCRIPTOR_VCRUNTIME140 00000001801f83dc     vcruntime:VCRUNTIME140.dll
 0005:000003f0       __IMPORT_DESCRIPTOR_api-ms-win-crt-math-l1-1-0 00000001801f83f0     ucrt:api-ms-win-crt-math-l1-1-0.dll
 0005:00000404       __IMPORT_DESCRIPTOR_api-ms-win-crt-string-l1-1-0 00000001801f8404     ucrt:api-ms-win-crt-string-l1-1-0.dll
 0005:00000418       __IMPORT_DESCRIPTOR_api-ms-win-crt-heap-l1-1-0 00000001801f8418     ucrt:api-ms-win-crt-heap-l1-1-0.dll
 0005:0000042c       __IMPORT_DESCRIPTOR_api-ms-win-crt-runtime-l1-1-0 00000001801f842c     ucrt:api-ms-win-crt-runtime-l1-1-0.dll
 0005:00000440       __NULL_IMPORT_DESCRIPTOR   00000001801f8440     kernel32:KERNEL32.dll
 0006:00000000       __DELAY_IMPORT_DESCRIPTOR_PxFoundationCHECKED_x64_dll 00000001801f9000     PxFoundationCHECKED_x64:PxFoundationCHECKED_x64.dll
 0006:00000020       __NULL_DELAY_IMPORT_DESCRIPTOR 00000001801f9020     PxFoundationCHECKED_x64:PxFoundationCHECKED_x64.dll
 0006:000000f0       \177PxFoundationCHECKED_x64_NULL_THUNK_DATA_DLN 00000001801f90f0     PxFoundationCHECKED_x64:PxFoundationCHECKED_x64.dll
 0006:00000168       __imp_??0NamedAllocator@shdfnd@physx@@QEAA@PEBD@Z 00000001801f9168     PxFoundationCHECKED_x64:PxFoundationCHECKED_x64.dll
 0006:00000170       __imp_?unlock@MutexImpl@shdfnd@physx@@QEAAXXZ 00000001801f9170     PxFoundationCHECKED_x64:PxFoundationCHECKED_x64.dll
 0006:00000178       __imp_?getAllocator@shdfnd@physx@@YAAEAVPxAllocatorCallback@2@XZ 00000001801f9178     PxFoundationCHECKED_x64:PxFoundationCHECKED_x64.dll
 0006:00000180       __imp_??1NamedAllocator@shdfnd@physx@@QEAA@XZ 00000001801f9180     PxFoundationCHECKED_x64:PxFoundationCHECKED_x64.dll
 0006:00000188       __imp_?allocate@NamedAllocator@shdfnd@physx@@QEAAPEAX_KPEBDH@Z 00000001801f9188     PxFoundationCHECKED_x64:PxFoundationCHECKED_x64.dll
 0006:00000190       __imp_?deallocate@NamedAllocator@shdfnd@physx@@QEAAXPEAX@Z 00000001801f9190     PxFoundationCHECKED_x64:PxFoundationCHECKED_x64.dll
 0006:00000198       __imp_PxGetFoundation      00000001801f9198     PxFoundationCHECKED_x64:PxFoundationCHECKED_x64.dll
 0006:000001a0       __imp_?getInstance@Foundation@shdfnd@physx@@SAAEAV123@XZ 00000001801f91a0     PxFoundationCHECKED_x64:PxFoundationCHECKED_x64.dll
 0006:000001a8       __imp_?error@Foundation@shdfnd@physx@@QEAAXW4Enum@PxErrorCode@3@PEBDH1ZZ 00000001801f91a8     PxFoundationCHECKED_x64:PxFoundationCHECKED_x64.dll
 0006:000001b0       __imp_?PxShortestRotation@physx@@YA?AVPxQuat@1@AEBVPxVec3@1@0@Z 00000001801f91b0     PxFoundationCHECKED_x64:PxFoundationCHECKED_x64.dll
 0006:000001b8       __imp_?vsnprintf@shdfnd@physx@@YAHPEAD_KPEBD0@Z 00000001801f91b8     PxFoundationCHECKED_x64:PxFoundationCHECKED_x64.dll
 0006:000001c0       __imp_?optimizeBoundingBox@shdfnd@physx@@YA?AVPxVec3@2@AEAVPxMat33@2@@Z 00000001801f91c0     PxFoundationCHECKED_x64:PxFoundationCHECKED_x64.dll
 0006:000001c8       __imp_??0NamedAllocator@shdfnd@physx@@QEAA@AEBV012@@Z 00000001801f91c8     PxFoundationCHECKED_x64:PxFoundationCHECKED_x64.dll
 0006:000001d0       __imp_?allocate@TempAllocator@shdfnd@physx@@QEAAPEAX_KPEBDH@Z 00000001801f91d0     PxFoundationCHECKED_x64:PxFoundationCHECKED_x64.dll
 0006:000001d8       __imp_?deallocate@TempAllocator@shdfnd@physx@@QEAAXPEAX@Z 00000001801f91d8     PxFoundationCHECKED_x64:PxFoundationCHECKED_x64.dll
 0006:000001e0       __imp_?atomicIncrement@shdfnd@physx@@YAHPECH@Z 00000001801f91e0     PxFoundationCHECKED_x64:PxFoundationCHECKED_x64.dll
 0006:000001e8       __imp_?atomicDecrement@shdfnd@physx@@YAHPECH@Z 00000001801f91e8     PxFoundationCHECKED_x64:PxFoundationCHECKED_x64.dll
 0006:000001f0       __imp_PxGetProfilerCallback 00000001801f91f0     PxFoundationCHECKED_x64:PxFoundationCHECKED_x64.dll
 0006:000001f8       __imp_??0MutexImpl@shdfnd@physx@@QEAA@XZ 00000001801f91f8     PxFoundationCHECKED_x64:PxFoundationCHECKED_x64.dll
 0006:00000200       __imp_??1MutexImpl@shdfnd@physx@@QEAA@XZ 00000001801f9200     PxFoundationCHECKED_x64:PxFoundationCHECKED_x64.dll
 0006:00000208       __imp_?lock@MutexImpl@shdfnd@physx@@QEAAXXZ 00000001801f9208     PxFoundationCHECKED_x64:PxFoundationCHECKED_x64.dll
 0006:00000210       __imp_?getSize@MutexImpl@shdfnd@physx@@SAAEBIXZ 00000001801f9210     PxFoundationCHECKED_x64:PxFoundationCHECKED_x64.dll
 0006:00000218       \177PxFoundationCHECKED_x64_NULL_THUNK_DATA_DLA 00000001801f9218     PxFoundationCHECKED_x64:PxFoundationCHECKED_x64.dll
 0006:00000828       \177PxFoundationCHECKED_x64_NULL_THUNK_DATA_DLB 00000001801f9828     PxFoundationCHECKED_x64:PxFoundationCHECKED_x64.dll
 0007:00000000       __guard_check_icall_fptr   00000001801fa000     MSVCRT:guard_support.obj
 0007:00000010       __guard_dispatch_icall_fptr 00000001801fa010     MSVCRT:guard_support.obj
 0007:00000020       __guard_ss_verify_failure_fptr 00000001801fa020     MSVCRT:guard_support.obj
 0007:00000030       __guard_ss_verify_sp_fptr  00000001801fa030     MSVCRT:guard_support.obj
